<html>
<body>
<pre>
<h1>µVision Build Log</h1>
<h2>Tool Versions:</h2>
IDE-Version: µVision V5.14.0.0
Copyright (C) 2015 ARM Ltd and ARM Germany GmbH. All rights reserved.
License Information: James Vardy, Holland College, LIC=----
 
Tool Versions:
Toolchain:       MDK-Lite  Version: 5.14.0.0
Toolchain Path:  C:\Keil_v5\ARM\ARMCC\Bin
C Compiler:      Armcc.exe V5.05 update 1 (build 106)
Assembler:       Armasm.exe V5.05 update 1 (build 106)
Linker/Locator:  ArmLink.exe V5.05 update 1 (build 106)
Library Manager: ArmAr.exe V5.05 update 1 (build 106)
Hex Converter:   FromElf.exe V5.05 update 1 (build 106)
CPU DLL:         SARMCM3.DLL V5.14.0.0
Dialog DLL:      DCM.DLL V1.13.1.0
Target DLL:      lmidk-agdi.dll V???
Dialog DLL:      TCM.DLL V1.14.4.0
 
<h2>Project:</h2>
C:\Users\qscurr\OneDrive - Holland College\FingerTap\FingerTapProject.uvprojx
Project File Date:  02/27/2024

<h2>Output:</h2>
Rebuild target 'Target 1'
compiling FTP_GFX.c...
FTP_GFX.h(14): warning:  #550-D: parameter "a" was set but never used
   void inline v_Clip(uint8_t a, uint8_t b){
FTP_GFX.c(107): warning:  #177-D: variable "bitmap" was declared but never referenced
    uint8_t bitmap[2][500] = {0,0};
FTP_GFX.c(210): warning:  #186-D: pointless comparison of unsigned integer with zero
    if (x < 0){ v_Clip(x, 0); };
FTP_GFX.c(211): warning:  #186-D: pointless comparison of unsigned integer with zero
    if (y < 0){ v_Clip(y, 0); };
FTP_GFX.c: 4 warnings, 0 errors
compiling FTP_MAIN.c...
FTP_GFX.h(14): warning:  #550-D: parameter "a" was set but never used
   void inline v_Clip(uint8_t a, uint8_t b){
FTP_TETRIS.h(131): warning:  #1-D: last line of file ends without a newline
  #endif
FTP_MAIN.c: 2 warnings, 0 errors
compiling FTP_ST7735R.c...
compiling PLL.c...
compiling SysTick.c...
assembling startup.s...
compiling FTP_PONG.c...
FTP_GFX.h(14): warning:  #550-D: parameter "a" was set but never used
   void inline v_Clip(uint8_t a, uint8_t b){
FTP_PONG.c: 1 warning, 0 errors
compiling FTP_PHYSX.c...
compiling FTP_GAMEOBJ.c...
compiling FTP_TETRIS.c...
FTP_TETRIS.h(131): warning:  #1-D: last line of file ends without a newline
  #endif
FTP_GFX.h(14): warning:  #550-D: parameter "a" was set but never used
   void inline v_Clip(uint8_t a, uint8_t b){
FTP_TETRIS.c: 2 warnings, 0 errors
linking...
Program Size: Code=2420 RO-data=32 RW-data=308 ZI-data=1124  
".\Objects\DCMotorLab.axf" - 0 Error(s), 9 Warning(s).

<h2>Collection of Component include folders:</h2>
  C:\Users\qscurr\OneDrive - Holland College\FingerTap\RTE
  C:\Keil_v5\ARM\PACK\Keil\TM4C_DFP\1.1.0

<h2>Collection of Component Files used:</h2>
</pre>
</body>
</html>
