<html>
<body>
<pre>
<h1>µVision Build Log</h1>
<h2>Tool Versions:</h2>
IDE-Version: µVision V5.38.0.0
Copyright (C) 2022 ARM Ltd and ARM Germany GmbH. All rights reserved.
License Information: Qwyn Scurr
Holland College
User-based license: Keil MDK Community
Valid until: May 31 2033. Cached until: Mar 4 2024
 
Tool Versions:
Toolchain:       Keil MDK Community  Version: 5.38.0.0
Toolchain Path:  C:\Keil_v5\ARM\ARMCLANG\Bin
C Compiler:      ArmClang.exe V6.19
Assembler:       Armasm.exe V6.19
Linker/Locator:  ArmLink.exe V6.19
Library Manager: ArmAr.exe V6.19
Hex Converter:   FromElf.exe V6.19
CPU DLL:         SARMCM3.DLL V5.38.0.0
Dialog DLL:      DCM.DLL V1.17.5.0
Target DLL:      lmidk-agdi.dll V???
Dialog DLL:      TCM.DLL V1.56.4.0
 
<h2>Project:</h2>
C:\Users\Qwyn\OneDrive - Holland College\FingerTap\FingerTapProject.uvprojx
Project File Date:  02/28/2024

<h2>Output:</h2>
*** Using Compiler 'V6.19', folder: 'C:\Keil_v5\ARM\ARMCLANG\Bin'
Rebuild target 'Target 1'
assembling startup.s...
compiling SysTick.c...
compiling FTP_GAMEOBJ.c...
compiling FTP_PONG.c...
compiling FTP_TETRIS.c...
compiling PLL.c...
compiling FTP_PHYSX.c...
compiling FTP_GFX.c...
compiling FTP_MAIN.c...
compiling FTP_ST7735R.c...
linking...
Program Size: Code=3204 RO-data=32 RW-data=432 ZI-data=1128  
".\Objects\FingerTapProject.axf" - 0 Error(s), 0 Warning(s).

<h2>Software Packages used:</h2>

Package Vendor: Keil
                http://www.keil.com/pack/Keil.TM4C_DFP.1.1.0.pack
                Keil.TM4C_DFP.1.1.0
                Texas Instruments Tiva C Series Device Support and Examples

<h2>Collection of Component include folders:</h2>
  C:/Keil_v5/ARM/Pack/Keil/TM4C_DFP/1.1.0/Device/Include/TM4C123

<h2>Collection of Component Files used:</h2>
Build Time Elapsed:  00:00:01
</pre>
</body>
</html>
