Component: ARM Compiler 5.05 update 1 (build 106) Tool: armlink [4d0efa]

==============================================================================

Section Cross References

    ftp_gfx.o(i.c_Fill) refers to ftp_st7735r.o(i.pushColor) for pushColor
    ftp_gfx.o(i.clearScreen) refers to ftp_st7735r.o(i.setAddrWindow) for setAddrWindow
    ftp_gfx.o(i.clearScreen) refers to ftp_gfx.o(i.v_Count) for v_Count
    ftp_gfx.o(i.clearScreen) refers to ftp_gfx.o(i.c_Fill) for c_Fill
    ftp_gfx.o(i.clearScreen) refers to ftp_st7735r.o(.data) for ScreenH
    ftp_gfx.o(i.d_DrawCharS) refers to ftp_gfx.o(i.r_Rect) for r_Rect
    ftp_gfx.o(i.d_DrawCharS) refers to ftp_gfx.o(i.r_Pixel) for r_Pixel
    ftp_gfx.o(i.d_DrawCharS) refers to ftp_st7735r.o(.data) for ScreenW
    ftp_gfx.o(i.d_DrawCharS) refers to ftp_gfx.o(.constdata) for .constdata
    ftp_gfx.o(i.d_DrawString) refers to ftp_gfx.o(i.d_DrawCharS) for d_DrawCharS
    ftp_gfx.o(i.d_Rect) refers to ftp_gfx.o(i.r_Rect) for r_Rect
    ftp_gfx.o(i.format_dec_text) refers to _printf_percent.o(.ARM.Collect$$_printf_percent$$00000000) for _printf_percent
    ftp_gfx.o(i.format_dec_text) refers to _printf_d.o(.ARM.Collect$$_printf_percent$$00000009) for _printf_d
    ftp_gfx.o(i.format_dec_text) refers to _printf_s.o(.ARM.Collect$$_printf_percent$$00000014) for _printf_s
    ftp_gfx.o(i.format_dec_text) refers to _printf_dec.o(.text) for _printf_int_dec
    ftp_gfx.o(i.format_dec_text) refers to _printf_str.o(.text) for _printf_str
    ftp_gfx.o(i.format_dec_text) refers to noretval__2snprintf.o(.text) for __2snprintf
    ftp_gfx.o(i.format_dec_text) refers to ftp_gfx.o(i.d_DrawString) for d_DrawString
    ftp_gfx.o(i.format_text_dec) refers to _printf_percent.o(.ARM.Collect$$_printf_percent$$00000000) for _printf_percent
    ftp_gfx.o(i.format_text_dec) refers to _printf_d.o(.ARM.Collect$$_printf_percent$$00000009) for _printf_d
    ftp_gfx.o(i.format_text_dec) refers to _printf_s.o(.ARM.Collect$$_printf_percent$$00000014) for _printf_s
    ftp_gfx.o(i.format_text_dec) refers to _printf_dec.o(.text) for _printf_int_dec
    ftp_gfx.o(i.format_text_dec) refers to _printf_str.o(.text) for _printf_str
    ftp_gfx.o(i.format_text_dec) refers to noretval__2snprintf.o(.text) for __2snprintf
    ftp_gfx.o(i.format_text_dec) refers to ftp_gfx.o(i.d_DrawString) for d_DrawString
    ftp_gfx.o(i.r_Line) refers to rt_memclr_w.o(.text) for __aeabi_memclr4
    ftp_gfx.o(i.r_Pixel) refers to ftp_st7735r.o(i.setAddrWindow) for setAddrWindow
    ftp_gfx.o(i.r_Pixel) refers to ftp_st7735r.o(i.pushColor) for pushColor
    ftp_gfx.o(i.r_Rect) refers to ftp_st7735r.o(i.setAddrWindow) for setAddrWindow
    ftp_gfx.o(i.r_Rect) refers to ftp_gfx.o(i.v_Count) for v_Count
    ftp_gfx.o(i.r_Rect) refers to ftp_gfx.o(i.c_Fill) for c_Fill
    ftp_gfx.o(i.t_Random) refers to rand.o(.emb_text) for rand
    ftp_gfx.o(i.t_RandomPixels) refers to ftp_gfx.o(i.t_Random) for t_Random
    ftp_gfx.o(i.t_RandomPixels) refers to ftp_gfx.o(i.r_Pixel) for r_Pixel
    ftp_gfx.o(i.t_RandomPixels) refers to systick.o(i.SysTick_Wait10ms) for SysTick_Wait10ms
    ftp_gfx.o(i.t_RandomPixels) refers to ftp_gfx.o(.constdata) for .constdata
    ftp_gfx.o(i.under_construction) refers to ftp_gfx.o(i.d_Rect) for d_Rect
    ftp_gfx.o(i.under_construction) refers to ftp_gfx.o(i.d_DrawString) for d_DrawString
    ftp_gfx.o(i.under_construction) refers to systick.o(i.SysTick_Wait10ms) for SysTick_Wait10ms
    ftp_gfx.o(i.under_construction) refers to ftp_st7735r.o(.data) for ScreenH
    ftp_main.o(i.main) refers to ftp_main.o(i.init_appstate) for init_appstate
    ftp_main.o(i.main) refers to pll.o(i.PLL_Init) for PLL_Init
    ftp_main.o(i.main) refers to systick.o(i.SysTick_Init) for SysTick_Init
    ftp_main.o(i.main) refers to ftp_input.o(i.Input_Init) for Input_Init
    ftp_main.o(i.main) refers to ftp_st7735r.o(i.ST7735_initR) for ST7735_initR
    ftp_main.o(i.main) refers to ftp_gfx.o(i.clearScreen) for clearScreen
    ftp_main.o(i.main) refers to ftp_st7735r.o(i.setDirection) for setDirection
    ftp_main.o(i.main) refers to ftp_menu.o(i.menu_main) for menu_main
    ftp_main.o(i.main) refers to startup.o(.text) for WaitForInterrupt
    ftp_main.o(i.main) refers to ftp_snake.o(i.snake_main) for snake_main
    ftp_main.o(i.main) refers to ftp_pong.o(i.pong_main) for pong_main
    ftp_main.o(i.main) refers to ftp_tetris.o(i.tetris_main) for tetris_main
    ftp_main.o(i.main) refers to ftp_fsrdemo.o(i.fsr_main) for fsr_main
    ftp_main.o(i.main) refers to ftp_analogdemo.o(i.demo_main) for demo_main
    ftp_main.o(i.main) refers to systick.o(i.SysTick_Wait10ms) for SysTick_Wait10ms
    ftp_main.o(i.main) refers to ftp_st7735r.o(.data) for ScreenOrientation
    ftp_st7735r.o(i.ST7735_initR) refers to ftp_st7735r.o(i.commonInit) for commonInit
    ftp_st7735r.o(i.ST7735_initR) refers to ftp_st7735r.o(i.readCmdList) for readCmdList
    ftp_st7735r.o(i.ST7735_initR) refers to ftp_st7735r.o(.data) for .data
[...]
    __rtentry2.o(.ARM.Collect$$rtentry$$0000000D) refers to ftp_main.o(i.main) for main
    __rtentry2.o(.ARM.Collect$$rtentry$$0000000D) refers to exit.o(.text) for exit
    __rtentry2.o(.ARM.exidx) refers to __rtentry2.o(.ARM.Collect$$rtentry$$00000001) for .ARM.Collect$$rtentry$$00000001
    __rtentry2.o(.ARM.exidx) refers to __rtentry2.o(.ARM.Collect$$rtentry$$00000008) for .ARM.Collect$$rtentry$$00000008
    __rtentry2.o(.ARM.exidx) refers to __rtentry2.o(.ARM.Collect$$rtentry$$0000000A) for .ARM.Collect$$rtentry$$0000000A
    __rtentry2.o(.ARM.exidx) refers to __rtentry2.o(.ARM.Collect$$rtentry$$0000000B) for .ARM.Collect$$rtentry$$0000000B
    __rtentry2.o(.ARM.exidx) refers to __rtentry2.o(.ARM.Collect$$rtentry$$0000000D) for .ARM.Collect$$rtentry$$0000000D
    __rtentry4.o(.ARM.Collect$$rtentry$$00000004) refers to sys_stackheap_outer.o(.text) for __user_setup_stackheap
    __rtentry4.o(.ARM.exidx) refers to __rtentry4.o(.ARM.Collect$$rtentry$$00000004) for .ARM.Collect$$rtentry$$00000004
    argv_veneer.o(.emb_text) refers to no_argv.o(.text) for __ARM_get_argv
    sys_stackheap_outer.o(.text) refers to libspace.o(.text) for __user_perproc_libspace
    sys_stackheap_outer.o(.text) refers to startup.o(.text) for __user_initial_stackheap
    exit.o(.text) refers to rtexit.o(.ARM.Collect$$rtexit$$00000000) for __rt_exit
    _get_argv_nomalloc.o(.text) refers (Special) to hrguard.o(.text) for __heap_region$guard
    _get_argv_nomalloc.o(.text) refers to defsig_rtmem_outer.o(.text) for __rt_SIGRTMEM
    _get_argv_nomalloc.o(.text) refers to sys_command.o(.text) for _sys_command_string
    libinit.o(.ARM.Collect$$libinit$$00000000) refers (Special) to libinit2.o(.ARM.Collect$$libinit$$0000002E) for __rt_lib_init_alloca_1
    libinit.o(.ARM.Collect$$libinit$$00000000) refers (Special) to libinit2.o(.ARM.Collect$$libinit$$0000002C) for __rt_lib_init_argv_1
    libinit.o(.ARM.Collect$$libinit$$00000000) refers (Special) to libinit2.o(.ARM.Collect$$libinit$$0000001B) for __rt_lib_init_atexit_1
    libinit.o(.ARM.Collect$$libinit$$00000000) refers (Special) to libinit2.o(.ARM.Collect$$libinit$$00000021) for __rt_lib_init_clock_1
    libinit.o(.ARM.Collect$$libinit$$00000000) refers (Special) to libinit2.o(.ARM.Collect$$libinit$$00000032) for __rt_lib_init_cpp_1
    libinit.o(.ARM.Collect$$libinit$$00000000) refers (Special) to libinit2.o(.ARM.Collect$$libinit$$00000030) for __rt_lib_init_exceptions_1
    libinit.o(.ARM.Collect$$libinit$$00000000) refers (Special) to libinit2.o(.ARM.Collect$$libinit$$00000002) for __rt_lib_init_fp_1
    libinit.o(.ARM.Collect$$libinit$$00000000) refers (Special) to libinit2.o(.ARM.Collect$$libinit$$0000001F) for __rt_lib_init_fp_trap_1
    libinit.o(.ARM.Collect$$libinit$$00000000) refers (Special) to libinit2.o(.ARM.Collect$$libinit$$00000023) for __rt_lib_init_getenv_1
    libinit.o(.ARM.Collect$$libinit$$00000000) refers (Special) to libinit2.o(.ARM.Collect$$libinit$$0000000A) for __rt_lib_init_heap_1
    libinit.o(.ARM.Collect$$libinit$$00000000) refers (Special) to libinit2.o(.ARM.Collect$$libinit$$00000011) for __rt_lib_init_lc_collate_1
    libinit.o(.ARM.Collect$$libinit$$00000000) refers (Special) to libinit2.o(.ARM.Collect$$libinit$$00000013) for __rt_lib_init_lc_ctype_1
    libinit.o(.ARM.Collect$$libinit$$00000000) refers (Special) to libinit2.o(.ARM.Collect$$libinit$$00000015) for __rt_lib_init_lc_monetary_1
    libinit.o(.ARM.Collect$$libinit$$00000000) refers (Special) to libinit2.o(.ARM.Collect$$libinit$$00000017) for __rt_lib_init_lc_numeric_1
    libinit.o(.ARM.Collect$$libinit$$00000000) refers (Special) to libinit2.o(.ARM.Collect$$libinit$$00000019) for __rt_lib_init_lc_time_1
    libinit.o(.ARM.Collect$$libinit$$00000000) refers (Special) to libinit2.o(.ARM.Collect$$libinit$$00000004) for __rt_lib_init_preinit_1
    libinit.o(.ARM.Collect$$libinit$$00000000) refers (Special) to libinit2.o(.ARM.Collect$$libinit$$0000000E) for __rt_lib_init_rand_1
    libinit.o(.ARM.Collect$$libinit$$00000000) refers (Special) to libinit2.o(.ARM.Collect$$libinit$$00000033) for __rt_lib_init_return
    libinit.o(.ARM.Collect$$libinit$$00000000) refers (Special) to libinit2.o(.ARM.Collect$$libinit$$0000001D) for __rt_lib_init_signal_1
    libinit.o(.ARM.Collect$$libinit$$00000000) refers (Special) to libinit2.o(.ARM.Collect$$libinit$$00000025) for __rt_lib_init_stdio_1
    libinit.o(.ARM.Collect$$libinit$$00000000) refers (Special) to libinit2.o(.ARM.Collect$$libinit$$0000000C) for __rt_lib_init_user_alloc_1
    sys_command.o(.text) refers (Special) to use_no_semi.o(.text) for __I$use$semihosting
    sys_command.o(.text) refers (Special) to indicate_semi.o(.text) for __semihosting_library_function
    libspace.o(.text) refers to libspace.o(.bss) for __libspace_start
    rtexit.o(.ARM.Collect$$rtexit$$00000000) refers (Special) to rtexit2.o(.ARM.Collect$$rtexit$$00000004) for __rt_exit_exit
    rtexit.o(.ARM.Collect$$rtexit$$00000000) refers (Special) to rtexit2.o(.ARM.Collect$$rtexit$$00000003) for __rt_exit_ls
    rtexit.o(.ARM.Collect$$rtexit$$00000000) refers (Special) to rtexit2.o(.ARM.Collect$$rtexit$$00000002) for __rt_exit_prels_1
    rtexit.o(.ARM.exidx) refers (Special) to rtexit2.o(.ARM.Collect$$rtexit$$00000004) for __rt_exit_exit
    rtexit.o(.ARM.exidx) refers (Special) to rtexit2.o(.ARM.Collect$$rtexit$$00000003) for __rt_exit_ls
    rtexit.o(.ARM.exidx) refers (Special) to rtexit2.o(.ARM.Collect$$rtexit$$00000002) for __rt_exit_prels_1
    rtexit.o(.ARM.exidx) refers to rtexit.o(.ARM.Collect$$rtexit$$00000000) for .ARM.Collect$$rtexit$$00000000
    defsig_rtmem_outer.o(.text) refers to defsig_rtmem_inner.o(.text) for __rt_SIGRTMEM_inner
    defsig_rtmem_outer.o(.text) refers to defsig_exit.o(.text) for __sig_exit
    defsig_rtmem_formal.o(.text) refers to rt_raise.o(.text) for __rt_raise
    rtexit2.o(.ARM.Collect$$rtexit$$00000003) refers to libshutdown.o(.ARM.Collect$$libshutdown$$00000000) for __rt_lib_shutdown
    rtexit2.o(.ARM.Collect$$rtexit$$00000004) refers to sys_exit.o(.text) for _sys_exit
    rtexit2.o(.ARM.exidx) refers to rtexit2.o(.ARM.Collect$$rtexit$$00000001) for .ARM.Collect$$rtexit$$00000001
    rtexit2.o(.ARM.exidx) refers to rtexit2.o(.ARM.Collect$$rtexit$$00000003) for .ARM.Collect$$rtexit$$00000003
    rtexit2.o(.ARM.exidx) refers to rtexit2.o(.ARM.Collect$$rtexit$$00000004) for .ARM.Collect$$rtexit$$00000004
    rt_raise.o(.text) refers to __raise.o(.text) for __raise
    rt_raise.o(.text) refers to sys_exit.o(.text) for _sys_exit
    defsig_exit.o(.text) refers to sys_exit.o(.text) for _sys_exit
    defsig_rtmem_inner.o(.text) refers to defsig_general.o(.text) for __default_signal_display
    sys_exit.o(.text) refers (Special) to use_no_semi.o(.text) for __I$use$semihosting
    sys_exit.o(.text) refers (Special) to indicate_semi.o(.text) for __semihosting_library_function
    __raise.o(.text) refers to defsig.o(CL$$defsig) for __default_signal_handler
    defsig_general.o(.text) refers to sys_wrch.o(.text) for _ttywrch
    libshutdown.o(.ARM.Collect$$libshutdown$$00000000) refers (Special) to libshutdown2.o(.ARM.Collect$$libshutdown$$00000006) for __rt_lib_shutdown_fp_trap_1
    libshutdown.o(.ARM.Collect$$libshutdown$$00000000) refers (Special) to libshutdown2.o(.ARM.Collect$$libshutdown$$0000000E) for __rt_lib_shutdown_heap_1
    libshutdown.o(.ARM.Collect$$libshutdown$$00000000) refers (Special) to libshutdown2.o(.ARM.Collect$$libshutdown$$0000000F) for __rt_lib_shutdown_return
    libshutdown.o(.ARM.Collect$$libshutdown$$00000000) refers (Special) to libshutdown2.o(.ARM.Collect$$libshutdown$$00000009) for __rt_lib_shutdown_signal_1
    libshutdown.o(.ARM.Collect$$libshutdown$$00000000) refers (Special) to libshutdown2.o(.ARM.Collect$$libshutdown$$00000003) for __rt_lib_shutdown_stdio_1
    libshutdown.o(.ARM.Collect$$libshutdown$$00000000) refers (Special) to libshutdown2.o(.ARM.Collect$$libshutdown$$0000000B) for __rt_lib_shutdown_user_alloc_1
    sys_wrch.o(.text) refers (Special) to use_no_semi.o(.text) for __I$use$semihosting
    sys_wrch.o(.text) refers (Special) to indicate_semi.o(.text) for __semihosting_library_function
    defsig.o(CL$$defsig) refers to defsig_rtmem_inner.o(.text) for __rt_SIGRTMEM_inner
    defsig_abrt_inner.o(.text) refers to defsig_general.o(.text) for __default_signal_display
    defsig_fpe_inner.o(.text) refers to defsig_general.o(.text) for __default_signal_display
    defsig_rtred_inner.o(.text) refers to defsig_general.o(.text) for __default_signal_display
    defsig_stak_inner.o(.text) refers to defsig_general.o(.text) for __default_signal_display
    defsig_pvfn_inner.o(.text) refers to defsig_general.o(.text) for __default_signal_display
    defsig_cppl_inner.o(.text) refers to defsig_general.o(.text) for __default_signal_display
    defsig_segv_inner.o(.text) refers to defsig_general.o(.text) for __default_signal_display
    defsig_other.o(.text) refers to defsig_general.o(.text) for __default_signal_display


==============================================================================

Removing Unused input sections from the image.

    Removing ftp_gfx.o(i.r_Line), (22 bytes).
    Removing ftp_gfx.o(i.t_Random), (26 bytes).
    Removing ftp_gfx.o(i.t_RandomPixels), (60 bytes).
    Removing ftp_st7735r.o(i.setColRowStart), (12 bytes).
    Removing ftp_notes.o(i.add_letter), (76 bytes).
    Removing ftp_notes.o(i.init_notes), (18 bytes).
    Removing ftp_notes.o(i.move_cursor), (56 bytes).
    Removing ftp_notes.o(i.notes_main), (244 bytes).
    Removing ftp_notes.o(i.render_cursor), (136 bytes).
    Removing ftp_notes.o(i.update_notestate), (28 bytes).
    Removing ftp_notes.o(.data), (20 bytes).
    Removing ftp_paint.o(i.paint_main), (40 bytes).
    Removing ftp_pong.o(.data), (7 bytes).
    Removing ftp_tetris.o(i.affix_tetromino), (42 bytes).
    Removing ftp_tetris.o(i.check_boundary_collision), (56 bytes).
    Removing ftp_tetris.o(i.check_matrix_collision), (146 bytes).
    Removing ftp_tetris.o(i.init_tetris), (96 bytes).
    Removing ftp_tetris.o(i.move_tetromino), (60 bytes).
    Removing ftp_tetris.o(i.random_tetromino), (60 bytes).
    Removing ftp_tetris.o(i.render_matrix), (90 bytes).
    Removing ftp_tetris.o(i.render_tetromino), (130 bytes).
    Removing ftp_tetris.o(i.tetris_input), (44 bytes).
    Removing ftp_tetris.o(i.update_tetrisgamestate), (10 bytes).
    Removing ftp_tetris.o(.data), (22 bytes).
    Removing ftp_tetris.o(.data), (304 bytes).
    Removing ftp_analogdemo.o(i.init_demo), (6 bytes).
    Removing ftp_gfx.o(i.v_Clip), (2 bytes).

27 unused section(s) (total 1813 bytes) removed from the image.

==============================================================================

Image Symbol Table

    Local Symbols

    Symbol Name                              Value     Ov Type        Size  Object(Section)

    RESET                                    0x00000000   Section      644  startup.o(RESET)
    ../clib/angel/boardlib.s                 0x00000000   Number         0  boardshut.o ABSOLUTE
    ../clib/angel/boardlib.s                 0x00000000   Number         0  boardinit1.o ABSOLUTE
    ../clib/angel/boardlib.s                 0x00000000   Number         0  boardinit2.o ABSOLUTE
    ../clib/angel/boardlib.s                 0x00000000   Number         0  boardinit3.o ABSOLUTE
    ../clib/angel/dczerorl2.s                0x00000000   Number         0  __dczerorl2.o ABSOLUTE
    ../clib/angel/handlers.s                 0x00000000   Number         0  __scatter_zi.o ABSOLUTE
    ../clib/angel/kernel.s                   0x00000000   Number         0  rtexit2.o ABSOLUTE
    ../clib/angel/kernel.s                   0x00000000   Number         0  __rtentry.o ABSOLUTE
    ../clib/angel/kernel.s                   0x00000000   Number         0  __rtentry2.o ABSOLUTE
    ../clib/angel/kernel.s                   0x00000000   Number         0  __rtentry4.o ABSOLUTE
    ../clib/angel/kernel.s                   0x00000000   Number         0  rtexit.o ABSOLUTE
    ../clib/angel/rt.s                       0x00000000   Number         0  rt_raise.o ABSOLUTE
    ../clib/angel/scatter.s                  0x00000000   Number         0  __scatter.o ABSOLUTE
    ../clib/angel/startup.s                  0x00000000   Number         0  __main.o ABSOLUTE
    ../clib/angel/sys.s                      0x00000000   Number         0  indicate_semi.o ABSOLUTE
    ../clib/angel/sys.s                      0x00000000   Number         0  use_no_semi.o ABSOLUTE
    ../clib/angel/sys.s                      0x00000000   Number         0  libspace.o ABSOLUTE
    ../clib/angel/sys.s                      0x00000000   Number         0  sys_stackheap_outer.o ABSOLUTE
    ../clib/angel/sysapp.c                   0x00000000   Number         0  sys_exit.o ABSOLUTE
    ../clib/angel/sysapp.c                   0x00000000   Number         0  sys_wrch.o ABSOLUTE
    ../clib/angel/sysapp.c                   0x00000000   Number         0  sys_command.o ABSOLUTE
    ../clib/armsys.c                         0x00000000   Number         0  _get_argv_nomalloc.o ABSOLUTE
    ../clib/armsys.c                         0x00000000   Number         0  argv_veneer.o ABSOLUTE
    ../clib/armsys.c                         0x00000000   Number         0  argv_veneer.o ABSOLUTE
    ../clib/armsys.c                         0x00000000   Number         0  no_argv.o ABSOLUTE
    ../clib/heapalloc.c                      0x00000000   Number         0  hrguard.o ABSOLUTE
    ../clib/heapaux.c                        0x00000000   Number         0  heapauxi.o ABSOLUTE
    ../clib/libinit.s                        0x00000000   Number         0  libinit.o ABSOLUTE
    ../clib/libinit.s                        0x00000000   Number         0  libshutdown.o ABSOLUTE
    ../clib/libinit.s                        0x00000000   Number         0  libshutdown2.o ABSOLUTE
    ../clib/libinit.s                        0x00000000   Number         0  libinit2.o ABSOLUTE
    ../clib/memcpset.s                       0x00000000   Number         0  rt_memclr_w.o ABSOLUTE
    ../clib/memcpset.s                       0x00000000   Number         0  rt_memcpy_v6.o ABSOLUTE
    ../clib/memcpset.s                       0x00000000   Number         0  rt_memcpy_w.o ABSOLUTE
    ../clib/printf.c                         0x00000000   Number         0  __printf.o ABSOLUTE
    ../clib/printf.c                         0x00000000   Number         0  _printf_str.o ABSOLUTE
    ../clib/printf.c                         0x00000000   Number         0  _printf_dec.o ABSOLUTE
    ../clib/printf.c                         0x00000000   Number         0  __printf_flags_ss_wp.o ABSOLUTE
    ../clib/printf.c                         0x00000000   Number         0  __printf_ss_wp.o ABSOLUTE
    ../clib/printf.c                         0x00000000   Number         0  __printf_flags_wp.o ABSOLUTE
    ../clib/printf.c                         0x00000000   Number         0  __printf_nopercent.o ABSOLUTE
    ../clib/printf.c                         0x00000000   Number         0  __printf_wp.o ABSOLUTE
    ../clib/printf.c                         0x00000000   Number         0  __printf_flags_ss.o ABSOLUTE
    ../clib/printf.c                         0x00000000   Number         0  _printf_char.o ABSOLUTE
    ../clib/printf.c                         0x00000000   Number         0  __printf_ss.o ABSOLUTE
    ../clib/printf.c                         0x00000000   Number         0  _sputc.o ABSOLUTE
    ../clib/printf.c                         0x00000000   Number         0  _printf_char_common.o ABSOLUTE
    ../clib/printf.c                         0x00000000   Number         0  _printf_intcommon.o ABSOLUTE
    ../clib/printf.c                         0x00000000   Number         0  __printf_flags.o ABSOLUTE
    ../clib/printf.c                         0x00000000   Number         0  __2snprintf.o ABSOLUTE
    ../clib/printf.c                         0x00000000   Number         0  noretval__2snprintf.o ABSOLUTE
    ../clib/printf.c                         0x00000000   Number         0  _snputc.o ABSOLUTE
    ../clib/printf_percent.s                 0x00000000   Number         0  _printf_percent.o ABSOLUTE
    ../clib/printf_percent.s                 0x00000000   Number         0  _printf_s.o ABSOLUTE
    ../clib/printf_percent.s                 0x00000000   Number         0  _printf_d.o ABSOLUTE
    ../clib/printf_percent.s                 0x00000000   Number         0  _printf_percent_end.o ABSOLUTE
    ../clib/signal.c                         0x00000000   Number         0  defsig_exit.o ABSOLUTE
    ../clib/signal.c                         0x00000000   Number         0  defsig_rtmem_outer.o ABSOLUTE
    ../clib/signal.c                         0x00000000   Number         0  defsig_rtmem_formal.o ABSOLUTE
    ../clib/signal.c                         0x00000000   Number         0  defsig_rtmem_inner.o ABSOLUTE
    ../clib/signal.c                         0x00000000   Number         0  __raise.o ABSOLUTE
    ../clib/signal.c                         0x00000000   Number         0  defsig_general.o ABSOLUTE
    ../clib/signal.c                         0x00000000   Number         0  defsig_abrt_inner.o ABSOLUTE
    ../clib/signal.c                         0x00000000   Number         0  defsig_fpe_inner.o ABSOLUTE
    ../clib/signal.c                         0x00000000   Number         0  defsig_rtred_inner.o ABSOLUTE
    ../clib/signal.c                         0x00000000   Number         0  defsig_stak_inner.o ABSOLUTE
    ../clib/signal.c                         0x00000000   Number         0  defsig_pvfn_inner.o ABSOLUTE
    ../clib/signal.c                         0x00000000   Number         0  defsig_cppl_inner.o ABSOLUTE
    ../clib/signal.c                         0x00000000   Number         0  defsig_segv_inner.o ABSOLUTE
    ../clib/signal.c                         0x00000000   Number         0  defsig_other.o ABSOLUTE
    ../clib/signal.s                         0x00000000   Number         0  defsig.o ABSOLUTE
    ../clib/stdlib.c                         0x00000000   Number         0  rand.o ABSOLUTE
    ../clib/stdlib.c                         0x00000000   Number         0  exit.o ABSOLUTE
    ../clib/stdlib.c                         0x00000000   Number         0  rand.o ABSOLUTE
    ../fplib/fpinit.s                        0x00000000   Number         0  fpinit.o ABSOLUTE
    FTP_ANALOGDEMO.c                         0x00000000   Number         0  ftp_analogdemo.o ABSOLUTE
    FTP_FSRDEMO.c                            0x00000000   Number         0  ftp_fsrdemo.o ABSOLUTE
    FTP_GFX.c                                0x00000000   Number         0  ftp_gfx.o ABSOLUTE
    FTP_INPUT.c                              0x00000000   Number         0  ftp_input.o ABSOLUTE
    FTP_MAIN.c                               0x00000000   Number         0  ftp_main.o ABSOLUTE
    FTP_MENU.c                               0x00000000   Number         0  ftp_menu.o ABSOLUTE
    FTP_NOTES.c                              0x00000000   Number         0  ftp_notes.o ABSOLUTE
    FTP_PAINT.c                              0x00000000   Number         0  ftp_paint.o ABSOLUTE
    FTP_PONG.c                               0x00000000   Number         0  ftp_pong.o ABSOLUTE
    FTP_SNAKE.c                              0x00000000   Number         0  ftp_snake.o ABSOLUTE
    FTP_ST7735R.c                            0x00000000   Number         0  ftp_st7735r.o ABSOLUTE
    FTP_TETRIS.c                             0x00000000   Number         0  ftp_tetris.o ABSOLUTE
    PLL.c                                    0x00000000   Number         0  pll.o ABSOLUTE
    SysTick.c                                0x00000000   Number         0  systick.o ABSOLUTE
    dc.s                                     0x00000000   Number         0  dc.o ABSOLUTE
    startup.s                                0x00000000   Number         0  startup.o ABSOLUTE
    !!!main                                  0x00000284   Section        8  __main.o(!!!main)
    !!!scatter                               0x0000028c   Section       52  __scatter.o(!!!scatter)
    !!dczerorl2                              0x000002c0   Section       90  __dczerorl2.o(!!dczerorl2)
    !!handler_zi                             0x0000031c   Section       28  __scatter_zi.o(!!handler_zi)
    .ARM.Collect$$_printf_percent$$00000000  0x00000338   Section        0  _printf_percent.o(.ARM.Collect$$_printf_percent$$00000000)
    .ARM.Collect$$_printf_percent$$00000009  0x00000338   Section        6  _printf_d.o(.ARM.Collect$$_printf_percent$$00000009)
    .ARM.Collect$$_printf_percent$$00000014  0x0000033e   Section        6  _printf_s.o(.ARM.Collect$$_printf_percent$$00000014)
    .ARM.Collect$$_printf_percent$$00000017  0x00000344   Section        4  _printf_percent_end.o(.ARM.Collect$$_printf_percent$$00000017)
    .ARM.Collect$$libinit$$00000000          0x00000348   Section        2  libinit.o(.ARM.Collect$$libinit$$00000000)
    .ARM.Collect$$libinit$$00000002          0x0000034a   Section        0  libinit2.o(.ARM.Collect$$libinit$$00000002)
    .ARM.Collect$$libinit$$00000004          0x0000034a   Section        0  libinit2.o(.ARM.Collect$$libinit$$00000004)
    .ARM.Collect$$libinit$$0000000A          0x0000034a   Section        0  libinit2.o(.ARM.Collect$$libinit$$0000000A)
    .ARM.Collect$$libinit$$0000000C          0x0000034a   Section        0  libinit2.o(.ARM.Collect$$libinit$$0000000C)
    .ARM.Collect$$libinit$$0000000D          0x0000034a   Section        4  libinit2.o(.ARM.Collect$$libinit$$0000000D)
    .ARM.Collect$$libinit$$0000000E          0x0000034e   Section        0  libinit2.o(.ARM.Collect$$libinit$$0000000E)
    .ARM.Collect$$libinit$$00000011          0x0000034e   Section        0  libinit2.o(.ARM.Collect$$libinit$$00000011)
    .ARM.Collect$$libinit$$00000013          0x0000034e   Section        0  libinit2.o(.ARM.Collect$$libinit$$00000013)
    .ARM.Collect$$libinit$$00000015          0x0000034e   Section        0  libinit2.o(.ARM.Collect$$libinit$$00000015)
    .ARM.Collect$$libinit$$00000017          0x0000034e   Section        0  libinit2.o(.ARM.Collect$$libinit$$00000017)
    .ARM.Collect$$libinit$$00000019          0x0000034e   Section        0  libinit2.o(.ARM.Collect$$libinit$$00000019)
    .ARM.Collect$$libinit$$0000001B          0x0000034e   Section        0  libinit2.o(.ARM.Collect$$libinit$$0000001B)
    .ARM.Collect$$libinit$$0000001D          0x0000034e   Section        0  libinit2.o(.ARM.Collect$$libinit$$0000001D)
    .ARM.Collect$$libinit$$0000001F          0x0000034e   Section        0  libinit2.o(.ARM.Collect$$libinit$$0000001F)
    .ARM.Collect$$libinit$$00000021          0x0000034e   Section        0  libinit2.o(.ARM.Collect$$libinit$$00000021)
    .ARM.Collect$$libinit$$00000023          0x0000034e   Section        0  libinit2.o(.ARM.Collect$$libinit$$00000023)
    .ARM.Collect$$libinit$$00000025          0x0000034e   Section        0  libinit2.o(.ARM.Collect$$libinit$$00000025)
    .ARM.Collect$$libinit$$0000002C          0x0000034e   Section        0  libinit2.o(.ARM.Collect$$libinit$$0000002C)
    .ARM.Collect$$libinit$$0000002E          0x0000034e   Section        0  libinit2.o(.ARM.Collect$$libinit$$0000002E)
    .ARM.Collect$$libinit$$00000030          0x0000034e   Section        0  libinit2.o(.ARM.Collect$$libinit$$00000030)
    .ARM.Collect$$libinit$$00000032          0x0000034e   Section        0  libinit2.o(.ARM.Collect$$libinit$$00000032)
    .ARM.Collect$$libinit$$00000033          0x0000034e   Section        2  libinit2.o(.ARM.Collect$$libinit$$00000033)
    .ARM.Collect$$libshutdown$$00000000      0x00000350   Section        2  libshutdown.o(.ARM.Collect$$libshutdown$$00000000)
    .ARM.Collect$$libshutdown$$00000003      0x00000352   Section        0  libshutdown2.o(.ARM.Collect$$libshutdown$$00000003)
    .ARM.Collect$$libshutdown$$00000006      0x00000352   Section        0  libshutdown2.o(.ARM.Collect$$libshutdown$$00000006)
    .ARM.Collect$$libshutdown$$00000009      0x00000352   Section        0  libshutdown2.o(.ARM.Collect$$libshutdown$$00000009)
    .ARM.Collect$$libshutdown$$0000000B      0x00000352   Section        0  libshutdown2.o(.ARM.Collect$$libshutdown$$0000000B)
    .ARM.Collect$$libshutdown$$0000000E      0x00000352   Section        0  libshutdown2.o(.ARM.Collect$$libshutdown$$0000000E)
    .ARM.Collect$$libshutdown$$0000000F      0x00000352   Section        2  libshutdown2.o(.ARM.Collect$$libshutdown$$0000000F)
    .ARM.Collect$$rtentry$$00000000          0x00000354   Section        0  __rtentry.o(.ARM.Collect$$rtentry$$00000000)
    .ARM.Collect$$rtentry$$00000002          0x00000354   Section        0  __rtentry2.o(.ARM.Collect$$rtentry$$00000002)
    .ARM.Collect$$rtentry$$00000004          0x00000354   Section        6  __rtentry4.o(.ARM.Collect$$rtentry$$00000004)
    .ARM.Collect$$rtentry$$00000009          0x0000035a   Section        0  __rtentry2.o(.ARM.Collect$$rtentry$$00000009)
    .ARM.Collect$$rtentry$$0000000A          0x0000035a   Section        4  __rtentry2.o(.ARM.Collect$$rtentry$$0000000A)
    .ARM.Collect$$rtentry$$0000000C          0x0000035e   Section        0  __rtentry2.o(.ARM.Collect$$rtentry$$0000000C)
    .ARM.Collect$$rtentry$$0000000D          0x0000035e   Section        8  __rtentry2.o(.ARM.Collect$$rtentry$$0000000D)
    .ARM.Collect$$rtexit$$00000000           0x00000366   Section        2  rtexit.o(.ARM.Collect$$rtexit$$00000000)
    .ARM.Collect$$rtexit$$00000002           0x00000368   Section        0  rtexit2.o(.ARM.Collect$$rtexit$$00000002)
    .ARM.Collect$$rtexit$$00000003           0x00000368   Section        4  rtexit2.o(.ARM.Collect$$rtexit$$00000003)
    .ARM.Collect$$rtexit$$00000004           0x0000036c   Section        6  rtexit2.o(.ARM.Collect$$rtexit$$00000004)
    .emb_text                                0x00000374   Section       52  rand.o(.emb_text)
    .text                                    0x000003a8   Section       48  startup.o(.text)
    .text                                    0x000003d8   Section        0  noretval__2snprintf.o(.text)
    .text                                    0x0000040c   Section        0  __printf.o(.text)
    .text                                    0x00000474   Section        0  _printf_str.o(.text)
    .text                                    0x000004c8   Section        0  _printf_dec.o(.text)
    .text                                    0x00000540   Section        0  rand.o(.text)
    .text                                    0x0000057c   Section        0  heapauxi.o(.text)
    .text                                    0x00000582   Section        0  _printf_intcommon.o(.text)
    .text                                    0x00000634   Section        0  _printf_char_common.o(.text)
    _printf_input_char                       0x00000635   Thumb Code    10  _printf_char_common.o(.text)
    .text                                    0x00000664   Section        0  _sputc.o(.text)
    .text                                    0x0000066e   Section        0  _snputc.o(.text)
    .text                                    0x0000067e   Section        0  _printf_char.o(.text)
    .text                                    0x000006aa   Section       74  sys_stackheap_outer.o(.text)
    .text                                    0x000006f4   Section        0  exit.o(.text)
    .text                                    0x00000700   Section        8  libspace.o(.text)
    .text                                    0x00000708   Section        2  use_no_semi.o(.text)
    .text                                    0x0000070a   Section        0  indicate_semi.o(.text)
    .text                                    0x0000070c   Section        0  sys_exit.o(.text)
    i.ADC0Seq1_Handler                       0x00000718   Section        0  ftp_input.o(i.ADC0Seq1_Handler)
    i.ADC0Seq2_Handler                       0x00000740   Section        0  ftp_input.o(i.ADC0Seq2_Handler)
    i.Circuit_Convert                        0x00000768   Section        0  ftp_input.o(i.Circuit_Convert)
    i.Circuit_Parse                          0x000007ac   Section        0  ftp_input.o(i.Circuit_Parse)
    i.FSR_Convert                            0x00000804   Section        0  ftp_input.o(i.FSR_Convert)
    i.FSR_Parse                              0x00000844   Section        0  ftp_input.o(i.FSR_Parse)
    i.Input_Init                             0x00000898   Section        0  ftp_input.o(i.Input_Init)
    i.PLL_Init                               0x00000958   Section        0  pll.o(i.PLL_Init)
    i.ST7735_initR                           0x000009b8   Section        0  ftp_st7735r.o(i.ST7735_initR)
    i.SysTick_Init                           0x000009cc   Section        0  systick.o(i.SysTick_Init)
    i.SysTick_Wait                           0x000009e2   Section        0  systick.o(i.SysTick_Wait)
    i.SysTick_Wait10ms                       0x000009fc   Section        0  systick.o(i.SysTick_Wait10ms)
    i.analog_input                           0x00000a18   Section        0  ftp_analogdemo.o(i.analog_input)
    i.ball_ai_collision                      0x00000a2a   Section        0  ftp_pong.o(i.ball_ai_collision)
    i.ball_ends_collision                    0x00000a60   Section        0  ftp_pong.o(i.ball_ends_collision)
    i.ball_player_collision                  0x00000a80   Section        0  ftp_pong.o(i.ball_player_collision)
    i.ball_sides_collision                   0x00000ab8   Section        0  ftp_pong.o(i.ball_sides_collision)
    i.c_Fill                                 0x00000ad8   Section        0  ftp_gfx.o(i.c_Fill)
    i.check_food_collision                   0x00000af0   Section        0  ftp_snake.o(i.check_food_collision)
    i.check_food_validity                    0x00000b0c   Section        0  ftp_snake.o(i.check_food_validity)
    i.check_self_collision                   0x00000b42   Section        0  ftp_snake.o(i.check_self_collision)
    i.check_wall_collision                   0x00000b78   Section        0  ftp_snake.o(i.check_wall_collision)
    i.clearScreen                            0x00000bd4   Section        0  ftp_gfx.o(i.clearScreen)
    i.commonInit                             0x00000c1c   Section        0  ftp_st7735r.o(i.commonInit)
    i.d_DrawCharS                            0x00000d2c   Section        0  ftp_gfx.o(i.d_DrawCharS)
    i.d_DrawString                           0x00000e08   Section        0  ftp_gfx.o(i.d_DrawString)
    i.d_Rect                                 0x00000e5e   Section        0  ftp_gfx.o(i.d_Rect)
    i.demo_main                              0x00000ee4   Section        0  ftp_analogdemo.o(i.demo_main)
    i.format_dec_text                        0x00000fcc   Section        0  ftp_gfx.o(i.format_dec_text)
    i.format_text_dec                        0x00000ffc   Section        0  ftp_gfx.o(i.format_text_dec)
    i.fsr_main                               0x0000102c   Section        0  ftp_fsrdemo.o(i.fsr_main)
    i.fsrdemo_input                          0x00001078   Section        0  ftp_fsrdemo.o(i.fsrdemo_input)
    i.init_appstate                          0x000010d4   Section        0  ftp_main.o(i.init_appstate)
    i.init_fsrdemo                           0x000010e4   Section        0  ftp_fsrdemo.o(i.init_fsrdemo)
    i.init_menu                              0x000010f2   Section        0  ftp_menu.o(i.init_menu)
    i.init_pong                              0x00001100   Section        0  ftp_pong.o(i.init_pong)
    i.init_snake                             0x000011a8   Section        0  ftp_snake.o(i.init_snake)
    i.main                                   0x00001298   Section        0  ftp_main.o(i.main)
    i.menu_input                             0x00001330   Section        0  ftp_menu.o(i.menu_input)
    i.menu_main                              0x0000136c   Section        0  ftp_menu.o(i.menu_main)
    i.move_ai_paddle                         0x00001410   Section        0  ftp_pong.o(i.move_ai_paddle)
    i.move_ball                              0x0000142e   Section        0  ftp_pong.o(i.move_ball)
    i.move_body                              0x00001444   Section        0  ftp_snake.o(i.move_body)
    i.move_head                              0x00001468   Section        0  ftp_snake.o(i.move_head)
    i.move_player_paddle                     0x000014ac   Section        0  ftp_pong.o(i.move_player_paddle)
    i.paddle_sides_collision                 0x000014c8   Section        0  ftp_pong.o(i.paddle_sides_collision)
    i.pong_game_over                         0x000014e8   Section        0  ftp_pong.o(i.pong_game_over)
    i.pong_input                             0x00001524   Section        0  ftp_pong.o(i.pong_input)
    i.pong_main                              0x00001550   Section        0  ftp_pong.o(i.pong_main)
    i.pushColor                              0x000015d4   Section        0  ftp_st7735r.o(i.pushColor)
    i.r_Pixel                                0x000015e8   Section        0  ftp_gfx.o(i.r_Pixel)
    i.r_Rect                                 0x000015fe   Section        0  ftp_gfx.o(i.r_Rect)
    i.readCmdList                            0x00001632   Section        0  ftp_st7735r.o(i.readCmdList)
    i.render_FSR                             0x00001682   Section        0  ftp_fsrdemo.o(i.render_FSR)
    i.render_ball                            0x00001778   Section        0  ftp_pong.o(i.render_ball)
    i.render_border                          0x000017c8   Section        0  ftp_menu.o(i.render_border)
    i.render_notes_icon                      0x0000184c   Section        0  ftp_menu.o(i.render_notes_icon)
    i.render_paddle                          0x000019d4   Section        0  ftp_pong.o(i.render_paddle)
    i.render_paint_icon                      0x00001a22   Section        0  ftp_menu.o(i.render_paint_icon)
    i.render_pong_icon                       0x00001bc6   Section        0  ftp_menu.o(i.render_pong_icon)
    i.render_snake                           0x00001c44   Section        0  ftp_snake.o(i.render_snake)
    i.render_snake_icon                      0x00001cce   Section        0  ftp_menu.o(i.render_snake_icon)
    i.render_tetris_icon                     0x00001e3e   Section        0  ftp_menu.o(i.render_tetris_icon)
    i.setAddrWindow                          0x00001f54   Section        0  ftp_st7735r.o(i.setAddrWindow)
    i.setDirection                           0x00001fbc   Section        0  ftp_st7735r.o(i.setDirection)
    i.snake_game_over                        0x00002004   Section        0  ftp_snake.o(i.snake_game_over)
    i.snake_input                            0x00002040   Section        0  ftp_snake.o(i.snake_input)
    i.snake_main                             0x000020a4   Section        0  ftp_snake.o(i.snake_main)
    i.tetris_main                            0x00002128   Section        0  ftp_tetris.o(i.tetris_main)
    i.under_construction                     0x00002158   Section        0  ftp_gfx.o(i.under_construction)
    i.update_ai_paddle                       0x0000222c   Section        0  ftp_pong.o(i.update_ai_paddle)
    i.update_appstate                        0x00002258   Section        0  ftp_menu.o(i.update_appstate)
    i.update_ball                            0x00002294   Section        0  ftp_pong.o(i.update_ball)
    i.update_player_paddle                   0x000022ec   Section        0  ftp_pong.o(i.update_player_paddle)
    i.update_snake_gamestate                 0x00002314   Section        0  ftp_snake.o(i.update_snake_gamestate)
    i.v_Count                                0x00002448   Section        0  ftp_gfx.o(i.v_Count)
    i.writeCommand                           0x0000245c   Section        0  ftp_st7735r.o(i.writeCommand)
    i.writeData                              0x0000247c   Section        0  ftp_st7735r.o(i.writeData)
    .constdata                               0x00002498   Section     1291  ftp_gfx.o(.constdata)
    Font                                     0x000024a8   Data        1275  ftp_gfx.o(.constdata)
    .data                                    0x20000000   Section        1  ftp_st7735r.o(.data)
    .data                                    0x20000001   Section      117  ftp_st7735r.o(.data)
    .data                                    0x20000076   Section       16  ftp_input.o(.data)
    .data                                    0x20000086   Section       10  ftp_menu.o(.data)
    .data                                    0x20000090   Section       26  ftp_pong.o(.data)
    .data                                    0x200000aa   Section       33  ftp_snake.o(.data)
    .data                                    0x200000cb   Section      112  ftp_analogdemo.o(.data)
    .bss                                     0x2000013c   Section      228  rand.o(.bss)
    .bss                                     0x20000220   Section       96  libspace.o(.bss)
    HEAP                                     0x20000280   Section        0  startup.o(HEAP)
    STACK                                    0x20000280   Section     1024  startup.o(STACK)
    HeapMem                                  0x20000280   Data           0  startup.o(HEAP)
    StackMem                                 0x20000280   Data           0  startup.o(STACK)

    Global Symbols

    Symbol Name                              Value     Ov Type        Size  Object(Section)

    BuildAttributes$$THM_ISAv4$E$P$D$K$B$S$7EM$PE$A:L22UL41UL21$X:L11$S22US41US21$IEEE1$IW$USESV6$~STKCKD$USESV7$~SHL$OSPACE$ROPI$EBA8$UX$STANDARDLIB$REQ8$PRES8$EABIv2 0x00000000   Number         0  anon$$obj.o ABSOLUTE
    __ARM_use_no_argv                        0x00000000   Number         0  ftp_main.o ABSOLUTE
    __Vectors                                0x00000000   Data           0  startup.o(RESET)
    __ARM_exceptions_init                     - Undefined Weak Reference
    __alloca_initialize                       - Undefined Weak Reference
    __arm_preinit_                            - Undefined Weak Reference
    __cpp_initialize__aeabi_                  - Undefined Weak Reference
    __cxa_finalize                            - Undefined Weak Reference
    __rt_locale                               - Undefined Weak Reference
    __sigvec_lookup                           - Undefined Weak Reference
    _atexit_init                              - Undefined Weak Reference
    _call_atexit_fns                          - Undefined Weak Reference
    _clock_init                               - Undefined Weak Reference
    _fp_trap_init                             - Undefined Weak Reference
    _fp_trap_shutdown                         - Undefined Weak Reference
    _get_lc_collate                           - Undefined Weak Reference
    _get_lc_ctype                             - Undefined Weak Reference
    _get_lc_monetary                          - Undefined Weak Reference
    _get_lc_numeric                           - Undefined Weak Reference
    _get_lc_time                              - Undefined Weak Reference
    _getenv_init                              - Undefined Weak Reference
    _handle_redirection                       - Undefined Weak Reference
    _init_alloc                               - Undefined Weak Reference
    _init_user_alloc                          - Undefined Weak Reference
    _initio                                   - Undefined Weak Reference
    _printf_mbtowc                            - Undefined Weak Reference
    _printf_post_padding                      - Undefined Weak Reference
    _printf_pre_padding                       - Undefined Weak Reference
    _printf_truncate_signed                   - Undefined Weak Reference
    _printf_truncate_unsigned                 - Undefined Weak Reference
    _signal_finish                            - Undefined Weak Reference
    _signal_init                              - Undefined Weak Reference
    _terminate_alloc                          - Undefined Weak Reference
    _terminate_user_alloc                     - Undefined Weak Reference
    _terminateio                              - Undefined Weak Reference
    Reset_Handler                            0x0000026d   Thumb Code     0  startup.o(RESET)
    NMI_Handler                              0x00000271   Thumb Code     2  startup.o(RESET)
    HardFault_Handler                        0x00000273   Thumb Code     2  startup.o(RESET)
    MemManage_Handler                        0x00000275   Thumb Code     2  startup.o(RESET)
    BusFault_Handler                         0x00000277   Thumb Code     2  startup.o(RESET)
    UsageFault_Handler                       0x00000279   Thumb Code     2  startup.o(RESET)
    SVC_Handler                              0x0000027b   Thumb Code     2  startup.o(RESET)
    DebugMon_Handler                         0x0000027d   Thumb Code     2  startup.o(RESET)
    PendSV_Handler                           0x0000027f   Thumb Code     2  startup.o(RESET)
    SysTick_Handler                          0x00000281   Thumb Code     2  startup.o(RESET)
    ADC0Seq0_Handler                         0x00000283   Thumb Code     0  startup.o(RESET)
    ADC0Seq3_Handler                         0x00000283   Thumb Code     0  startup.o(RESET)
    ADC1Seq0_Handler                         0x00000283   Thumb Code     0  startup.o(RESET)
    ADC1Seq1_Handler                         0x00000283   Thumb Code     0  startup.o(RESET)
    ADC1Seq2_Handler                         0x00000283   Thumb Code     0  startup.o(RESET)
    ADC1Seq3_Handler                         0x00000283   Thumb Code     0  startup.o(RESET)
    CAN0_Handler                             0x00000283   Thumb Code     0  startup.o(RESET)
    CAN1_Handler                             0x00000283   Thumb Code     0  startup.o(RESET)
    CAN2_Handler                             0x00000283   Thumb Code     0  startup.o(RESET)
    Comp0_Handler                            0x00000283   Thumb Code     0  startup.o(RESET)
    Comp1_Handler                            0x00000283   Thumb Code     0  startup.o(RESET)
    Comp2_Handler                            0x00000283   Thumb Code     0  startup.o(RESET)
    Ethernet_Handler                         0x00000283   Thumb Code     0  startup.o(RESET)
    ExtBus_Handler                           0x00000283   Thumb Code     0  startup.o(RESET)
    FPU_Handler                              0x00000283   Thumb Code     0  startup.o(RESET)
    Fan0_Handler                             0x00000283   Thumb Code     0  startup.o(RESET)
    FlashCtl_Handler                         0x00000283   Thumb Code     0  startup.o(RESET)
    GPIOPortA_Handler                        0x00000283   Thumb Code     0  startup.o(RESET)
    GPIOPortB_Handler                        0x00000283   Thumb Code     0  startup.o(RESET)
    GPIOPortC_Handler                        0x00000283   Thumb Code     0  startup.o(RESET)
    GPIOPortD_Handler                        0x00000283   Thumb Code     0  startup.o(RESET)
    GPIOPortE_Handler                        0x00000283   Thumb Code     0  startup.o(RESET)
    GPIOPortF_Handler                        0x00000283   Thumb Code     0  startup.o(RESET)
    GPIOPortG_Handler                        0x00000283   Thumb Code     0  startup.o(RESET)
    GPIOPortH_Handler                        0x00000283   Thumb Code     0  startup.o(RESET)
    GPIOPortJ_Handler                        0x00000283   Thumb Code     0  startup.o(RESET)
    GPIOPortK_Handler                        0x00000283   Thumb Code     0  startup.o(RESET)
    GPIOPortL_Handler                        0x00000283   Thumb Code     0  startup.o(RESET)
    GPIOPortM_Handler                        0x00000283   Thumb Code     0  startup.o(RESET)
    GPIOPortN_Handler                        0x00000283   Thumb Code     0  startup.o(RESET)
    GPIOPortP1_Handler                       0x00000283   Thumb Code     0  startup.o(RESET)
    GPIOPortP2_Handler                       0x00000283   Thumb Code     0  startup.o(RESET)
    GPIOPortP3_Handler                       0x00000283   Thumb Code     0  startup.o(RESET)
    GPIOPortP4_Handler                       0x00000283   Thumb Code     0  startup.o(RESET)
    GPIOPortP5_Handler                       0x00000283   Thumb Code     0  startup.o(RESET)
    GPIOPortP6_Handler                       0x00000283   Thumb Code     0  startup.o(RESET)
    GPIOPortP7_Handler                       0x00000283   Thumb Code     0  startup.o(RESET)
    GPIOPortP_Handler                        0x00000283   Thumb Code     0  startup.o(RESET)
    GPIOPortQ1_Handler                       0x00000283   Thumb Code     0  startup.o(RESET)
    GPIOPortQ2_Handler                       0x00000283   Thumb Code     0  startup.o(RESET)
    GPIOPortQ3_Handler                       0x00000283   Thumb Code     0  startup.o(RESET)
    GPIOPortQ4_Handler                       0x00000283   Thumb Code     0  startup.o(RESET)
    GPIOPortQ5_Handler                       0x00000283   Thumb Code     0  startup.o(RESET)
    GPIOPortQ6_Handler                       0x00000283   Thumb Code     0  startup.o(RESET)
    GPIOPortQ7_Handler                       0x00000283   Thumb Code     0  startup.o(RESET)
    GPIOPortQ_Handler                        0x00000283   Thumb Code     0  startup.o(RESET)
    GPIOPortR_Handler                        0x00000283   Thumb Code     0  startup.o(RESET)
    GPIOPortS_Handler                        0x00000283   Thumb Code     0  startup.o(RESET)
    Hibernate_Handler                        0x00000283   Thumb Code     0  startup.o(RESET)
    I2C0_Handler                             0x00000283   Thumb Code     0  startup.o(RESET)
    I2C1_Handler                             0x00000283   Thumb Code     0  startup.o(RESET)
    I2C2_Handler                             0x00000283   Thumb Code     0  startup.o(RESET)
    I2C3_Handler                             0x00000283   Thumb Code     0  startup.o(RESET)
    I2C4_Handler                             0x00000283   Thumb Code     0  startup.o(RESET)
    I2C5_Handler                             0x00000283   Thumb Code     0  startup.o(RESET)
    I2S0_Handler                             0x00000283   Thumb Code     0  startup.o(RESET)
    LPC0_Handler                             0x00000283   Thumb Code     0  startup.o(RESET)
    PECI0_Handler                            0x00000283   Thumb Code     0  startup.o(RESET)
    PWM0Fault_Handler                        0x00000283   Thumb Code     0  startup.o(RESET)
    PWM0Generator0_Handler                   0x00000283   Thumb Code     0  startup.o(RESET)
    PWM0Generator1_Handler                   0x00000283   Thumb Code     0  startup.o(RESET)
    PWM0Generator2_Handler                   0x00000283   Thumb Code     0  startup.o(RESET)
    PWM0Generator3_Handler                   0x00000283   Thumb Code     0  startup.o(RESET)
    PWM1Fault_Handler                        0x00000283   Thumb Code     0  startup.o(RESET)
    PWM1Generator0_Handler                   0x00000283   Thumb Code     0  startup.o(RESET)
    PWM1Generator1_Handler                   0x00000283   Thumb Code     0  startup.o(RESET)
    PWM1Generator2_Handler                   0x00000283   Thumb Code     0  startup.o(RESET)
    PWM1Generator3_Handler                   0x00000283   Thumb Code     0  startup.o(RESET)
    Quadrature0_Handler                      0x00000283   Thumb Code     0  startup.o(RESET)
    Quadrature1_Handler                      0x00000283   Thumb Code     0  startup.o(RESET)
    Quadrature2_Handler                      0x00000283   Thumb Code     0  startup.o(RESET)
    SSI0_Handler                             0x00000283   Thumb Code     0  startup.o(RESET)
    SSI1_Handler                             0x00000283   Thumb Code     0  startup.o(RESET)
    SSI2_Handler                             0x00000283   Thumb Code     0  startup.o(RESET)
    SSI3_Handler                             0x00000283   Thumb Code     0  startup.o(RESET)
    SysCtl_Handler                           0x00000283   Thumb Code     0  startup.o(RESET)
    Timer0A_Handler                          0x00000283   Thumb Code     0  startup.o(RESET)
    Timer0B_Handler                          0x00000283   Thumb Code     0  startup.o(RESET)
    Timer1A_Handler                          0x00000283   Thumb Code     0  startup.o(RESET)
    Timer1B_Handler                          0x00000283   Thumb Code     0  startup.o(RESET)
    Timer2A_Handler                          0x00000283   Thumb Code     0  startup.o(RESET)
    Timer2B_Handler                          0x00000283   Thumb Code     0  startup.o(RESET)
    Timer3A_Handler                          0x00000283   Thumb Code     0  startup.o(RESET)
    Timer3B_Handler                          0x00000283   Thumb Code     0  startup.o(RESET)
    Timer4A_Handler                          0x00000283   Thumb Code     0  startup.o(RESET)
    Timer4B_Handler                          0x00000283   Thumb Code     0  startup.o(RESET)
    Timer5A_Handler                          0x00000283   Thumb Code     0  startup.o(RESET)
    Timer5B_Handler                          0x00000283   Thumb Code     0  startup.o(RESET)
    UART0_Handler                            0x00000283   Thumb Code     0  startup.o(RESET)
    UART1_Handler                            0x00000283   Thumb Code     0  startup.o(RESET)
    UART2_Handler                            0x00000283   Thumb Code     0  startup.o(RESET)
    UART3_Handler                            0x00000283   Thumb Code     0  startup.o(RESET)
    UART4_Handler                            0x00000283   Thumb Code     0  startup.o(RESET)
    UART5_Handler                            0x00000283   Thumb Code     0  startup.o(RESET)
    UART6_Handler                            0x00000283   Thumb Code     0  startup.o(RESET)
    UART7_Handler                            0x00000283   Thumb Code     0  startup.o(RESET)
    USB0_Handler                             0x00000283   Thumb Code     0  startup.o(RESET)
    WDT_Handler                              0x00000283   Thumb Code     0  startup.o(RESET)
    WideTimer0A_Handler                      0x00000283   Thumb Code     0  startup.o(RESET)
    WideTimer0B_Handler                      0x00000283   Thumb Code     0  startup.o(RESET)
    WideTimer1A_Handler                      0x00000283   Thumb Code     0  startup.o(RESET)
    WideTimer1B_Handler                      0x00000283   Thumb Code     0  startup.o(RESET)
    WideTimer2A_Handler                      0x00000283   Thumb Code     0  startup.o(RESET)
    WideTimer2B_Handler                      0x00000283   Thumb Code     0  startup.o(RESET)
    WideTimer3A_Handler                      0x00000283   Thumb Code     0  startup.o(RESET)
    WideTimer3B_Handler                      0x00000283   Thumb Code     0  startup.o(RESET)
    WideTimer4A_Handler                      0x00000283   Thumb Code     0  startup.o(RESET)
    WideTimer4B_Handler                      0x00000283   Thumb Code     0  startup.o(RESET)
    WideTimer5A_Handler                      0x00000283   Thumb Code     0  startup.o(RESET)
    WideTimer5B_Handler                      0x00000283   Thumb Code     0  startup.o(RESET)
    uDMA_Error                               0x00000283   Thumb Code     0  startup.o(RESET)
    uDMA_Handler                             0x00000283   Thumb Code     0  startup.o(RESET)
    __main                                   0x00000285   Thumb Code     8  __main.o(!!!main)
    __scatterload                            0x0000028d   Thumb Code     0  __scatter.o(!!!scatter)
    __scatterload_rt2                        0x0000028d   Thumb Code    44  __scatter.o(!!!scatter)
    __scatterload_rt2_thumb_only             0x0000028d   Thumb Code     0  __scatter.o(!!!scatter)
    __scatterload_null                       0x0000029b   Thumb Code     0  __scatter.o(!!!scatter)
    __decompress                             0x000002c1   Thumb Code    90  __dczerorl2.o(!!dczerorl2)
    __decompress1                            0x000002c1   Thumb Code     0  __dczerorl2.o(!!dczerorl2)
    __scatterload_zeroinit                   0x0000031d   Thumb Code    28  __scatter_zi.o(!!handler_zi)
    _printf_d                                0x00000339   Thumb Code     0  _printf_d.o(.ARM.Collect$$_printf_percent$$00000009)
    _printf_percent                          0x00000339   Thumb Code     0  _printf_percent.o(.ARM.Collect$$_printf_percent$$00000000)
    _printf_s                                0x0000033f   Thumb Code     0  _printf_s.o(.ARM.Collect$$_printf_percent$$00000014)
    _printf_percent_end                      0x00000345   Thumb Code     0  _printf_percent_end.o(.ARM.Collect$$_printf_percent$$00000017)
    __rt_lib_init                            0x00000349   Thumb Code     0  libinit.o(.ARM.Collect$$libinit$$00000000)
    __rt_lib_init_fp_1                       0x0000034b   Thumb Code     0  libinit2.o(.ARM.Collect$$libinit$$00000002)
    __rt_lib_init_heap_1                     0x0000034b   Thumb Code     0  libinit2.o(.ARM.Collect$$libinit$$0000000A)
    __rt_lib_init_preinit_1                  0x0000034b   Thumb Code     0  libinit2.o(.ARM.Collect$$libinit$$00000004)
    __rt_lib_init_rand_2                     0x0000034b   Thumb Code     0  libinit2.o(.ARM.Collect$$libinit$$0000000D)
    __rt_lib_init_user_alloc_1               0x0000034b   Thumb Code     0  libinit2.o(.ARM.Collect$$libinit$$0000000C)
    __rt_lib_init_alloca_1                   0x0000034f   Thumb Code     0  libinit2.o(.ARM.Collect$$libinit$$0000002E)
    __rt_lib_init_argv_1                     0x0000034f   Thumb Code     0  libinit2.o(.ARM.Collect$$libinit$$0000002C)
    __rt_lib_init_atexit_1                   0x0000034f   Thumb Code     0  libinit2.o(.ARM.Collect$$libinit$$0000001B)
    __rt_lib_init_clock_1                    0x0000034f   Thumb Code     0  libinit2.o(.ARM.Collect$$libinit$$00000021)
    __rt_lib_init_cpp_1                      0x0000034f   Thumb Code     0  libinit2.o(.ARM.Collect$$libinit$$00000032)
    __rt_lib_init_exceptions_1               0x0000034f   Thumb Code     0  libinit2.o(.ARM.Collect$$libinit$$00000030)
    __rt_lib_init_fp_trap_1                  0x0000034f   Thumb Code     0  libinit2.o(.ARM.Collect$$libinit$$0000001F)
    __rt_lib_init_getenv_1                   0x0000034f   Thumb Code     0  libinit2.o(.ARM.Collect$$libinit$$00000023)
    __rt_lib_init_lc_collate_1               0x0000034f   Thumb Code     0  libinit2.o(.ARM.Collect$$libinit$$00000011)
    __rt_lib_init_lc_ctype_1                 0x0000034f   Thumb Code     0  libinit2.o(.ARM.Collect$$libinit$$00000013)
    __rt_lib_init_lc_monetary_1              0x0000034f   Thumb Code     0  libinit2.o(.ARM.Collect$$libinit$$00000015)
    __rt_lib_init_lc_numeric_1               0x0000034f   Thumb Code     0  libinit2.o(.ARM.Collect$$libinit$$00000017)
    __rt_lib_init_lc_time_1                  0x0000034f   Thumb Code     0  libinit2.o(.ARM.Collect$$libinit$$00000019)
    __rt_lib_init_rand_1                     0x0000034f   Thumb Code     0  libinit2.o(.ARM.Collect$$libinit$$0000000E)
    __rt_lib_init_return                     0x0000034f   Thumb Code     0  libinit2.o(.ARM.Collect$$libinit$$00000033)
    __rt_lib_init_signal_1                   0x0000034f   Thumb Code     0  libinit2.o(.ARM.Collect$$libinit$$0000001D)
    __rt_lib_init_stdio_1                    0x0000034f   Thumb Code     0  libinit2.o(.ARM.Collect$$libinit$$00000025)
    __rt_lib_shutdown                        0x00000351   Thumb Code     0  libshutdown.o(.ARM.Collect$$libshutdown$$00000000)
    __rt_lib_shutdown_fp_trap_1              0x00000353   Thumb Code     0  libshutdown2.o(.ARM.Collect$$libshutdown$$00000006)
    __rt_lib_shutdown_heap_1                 0x00000353   Thumb Code     0  libshutdown2.o(.ARM.Collect$$libshutdown$$0000000E)
    __rt_lib_shutdown_return                 0x00000353   Thumb Code     0  libshutdown2.o(.ARM.Collect$$libshutdown$$0000000F)
    __rt_lib_shutdown_signal_1               0x00000353   Thumb Code     0  libshutdown2.o(.ARM.Collect$$libshutdown$$00000009)
    __rt_lib_shutdown_stdio_1                0x00000353   Thumb Code     0  libshutdown2.o(.ARM.Collect$$libshutdown$$00000003)
    __rt_lib_shutdown_user_alloc_1           0x00000353   Thumb Code     0  libshutdown2.o(.ARM.Collect$$libshutdown$$0000000B)
    __rt_entry                               0x00000355   Thumb Code     0  __rtentry.o(.ARM.Collect$$rtentry$$00000000)
    __rt_entry_presh_1                       0x00000355   Thumb Code     0  __rtentry2.o(.ARM.Collect$$rtentry$$00000002)
    __rt_entry_sh                            0x00000355   Thumb Code     0  __rtentry4.o(.ARM.Collect$$rtentry$$00000004)
    __rt_entry_li                            0x0000035b   Thumb Code     0  __rtentry2.o(.ARM.Collect$$rtentry$$0000000A)
    __rt_entry_postsh_1                      0x0000035b   Thumb Code     0  __rtentry2.o(.ARM.Collect$$rtentry$$00000009)
    __rt_entry_main                          0x0000035f   Thumb Code     0  __rtentry2.o(.ARM.Collect$$rtentry$$0000000D)
    __rt_entry_postli_1                      0x0000035f   Thumb Code     0  __rtentry2.o(.ARM.Collect$$rtentry$$0000000C)
    __rt_exit                                0x00000367   Thumb Code     0  rtexit.o(.ARM.Collect$$rtexit$$00000000)
    __rt_exit_ls                             0x00000369   Thumb Code     0  rtexit2.o(.ARM.Collect$$rtexit$$00000003)
    __rt_exit_prels_1                        0x00000369   Thumb Code     0  rtexit2.o(.ARM.Collect$$rtexit$$00000002)
    __rt_exit_exit                           0x0000036d   Thumb Code     0  rtexit2.o(.ARM.Collect$$rtexit$$00000004)
    rand                                     0x00000375   Thumb Code    48  rand.o(.emb_text)
    DisableInterrupts                        0x000003a9   Thumb Code     0  startup.o(.text)
    EnableInterrupts                         0x000003ad   Thumb Code     0  startup.o(.text)
    StartCritical                            0x000003b1   Thumb Code     0  startup.o(.text)
    EndCritical                              0x000003b9   Thumb Code     0  startup.o(.text)
    WaitForInterrupt                         0x000003bf   Thumb Code     0  startup.o(.text)
    __user_initial_stackheap                 0x000003c3   Thumb Code     0  startup.o(.text)
    __2snprintf                              0x000003d9   Thumb Code    48  noretval__2snprintf.o(.text)
    __printf                                 0x0000040d   Thumb Code   104  __printf.o(.text)
    _printf_str                              0x00000475   Thumb Code    82  _printf_str.o(.text)
    _printf_int_dec                          0x000004c9   Thumb Code   104  _printf_dec.o(.text)
    srand                                    0x00000541   Thumb Code    42  rand.o(.text)
    _rand_init                               0x0000056b   Thumb Code     4  rand.o(.text)
    __use_two_region_memory                  0x0000057d   Thumb Code     2  heapauxi.o(.text)
    __rt_heap_escrow$2region                 0x0000057f   Thumb Code     2  heapauxi.o(.text)
    __rt_heap_expand$2region                 0x00000581   Thumb Code     2  heapauxi.o(.text)
    _printf_int_common                       0x00000583   Thumb Code   178  _printf_intcommon.o(.text)
    _printf_char_common                      0x0000063f   Thumb Code    32  _printf_char_common.o(.text)
    _sputc                                   0x00000665   Thumb Code    10  _sputc.o(.text)
    _snputc                                  0x0000066f   Thumb Code    16  _snputc.o(.text)
    _printf_cs_common                        0x0000067f   Thumb Code    20  _printf_char.o(.text)
    _printf_char                             0x00000693   Thumb Code    16  _printf_char.o(.text)
    _printf_string                           0x000006a3   Thumb Code     8  _printf_char.o(.text)
    __user_setup_stackheap                   0x000006ab   Thumb Code    74  sys_stackheap_outer.o(.text)
    exit                                     0x000006f5   Thumb Code    12  exit.o(.text)
    __user_libspace                          0x00000701   Thumb Code     8  libspace.o(.text)
    __user_perproc_libspace                  0x00000701   Thumb Code     0  libspace.o(.text)
    __user_perthread_libspace                0x00000701   Thumb Code     0  libspace.o(.text)
    __I$use$semihosting                      0x00000709   Thumb Code     0  use_no_semi.o(.text)
    __use_no_semihosting_swi                 0x00000709   Thumb Code     2  use_no_semi.o(.text)
    __semihosting_library_function           0x0000070b   Thumb Code     0  indicate_semi.o(.text)
    _sys_exit                                0x0000070d   Thumb Code     8  sys_exit.o(.text)
    ADC0Seq1_Handler                         0x00000719   Thumb Code    30  ftp_input.o(i.ADC0Seq1_Handler)
    ADC0Seq2_Handler                         0x00000741   Thumb Code    30  ftp_input.o(i.ADC0Seq2_Handler)
    Circuit_Convert                          0x00000769   Thumb Code    66  ftp_input.o(i.Circuit_Convert)
    Circuit_Parse                            0x000007ad   Thumb Code    84  ftp_input.o(i.Circuit_Parse)
    FSR_Convert                              0x00000805   Thumb Code    64  ftp_input.o(i.FSR_Convert)
    FSR_Parse                                0x00000845   Thumb Code    80  ftp_input.o(i.FSR_Parse)
    Input_Init                               0x00000899   Thumb Code   152  ftp_input.o(i.Input_Init)
    PLL_Init                                 0x00000959   Thumb Code    90  pll.o(i.PLL_Init)
    ST7735_initR                             0x000009b9   Thumb Code    16  ftp_st7735r.o(i.ST7735_initR)
    SysTick_Init                             0x000009cd   Thumb Code    22  systick.o(i.SysTick_Init)
    SysTick_Wait                             0x000009e3   Thumb Code    26  systick.o(i.SysTick_Wait)
    SysTick_Wait10ms                         0x000009fd   Thumb Code    24  systick.o(i.SysTick_Wait10ms)
    analog_input                             0x00000a19   Thumb Code    18  ftp_analogdemo.o(i.analog_input)
    ball_ai_collision                        0x00000a2b   Thumb Code    54  ftp_pong.o(i.ball_ai_collision)
    ball_ends_collision                      0x00000a61   Thumb Code    28  ftp_pong.o(i.ball_ends_collision)
    ball_player_collision                    0x00000a81   Thumb Code    54  ftp_pong.o(i.ball_player_collision)
    ball_sides_collision                     0x00000ab9   Thumb Code    28  ftp_pong.o(i.ball_sides_collision)
    c_Fill                                   0x00000ad9   Thumb Code    24  ftp_gfx.o(i.c_Fill)
    check_food_collision                     0x00000af1   Thumb Code    28  ftp_snake.o(i.check_food_collision)
    check_food_validity                      0x00000b0d   Thumb Code    54  ftp_snake.o(i.check_food_validity)
    check_self_collision                     0x00000b43   Thumb Code    52  ftp_snake.o(i.check_self_collision)
    check_wall_collision                     0x00000b79   Thumb Code    84  ftp_snake.o(i.check_wall_collision)
    clearScreen                              0x00000bd5   Thumb Code    56  ftp_gfx.o(i.clearScreen)
    commonInit                               0x00000c1d   Thumb Code   240  ftp_st7735r.o(i.commonInit)
    d_DrawCharS                              0x00000d2d   Thumb Code   206  ftp_gfx.o(i.d_DrawCharS)
    d_DrawString                             0x00000e09   Thumb Code    86  ftp_gfx.o(i.d_DrawString)
    d_Rect                                   0x00000e5f   Thumb Code   132  ftp_gfx.o(i.d_Rect)
    demo_main                                0x00000ee5   Thumb Code   192  ftp_analogdemo.o(i.demo_main)
    format_dec_text                          0x00000fcd   Thumb Code    40  ftp_gfx.o(i.format_dec_text)
    format_text_dec                          0x00000ffd   Thumb Code    38  ftp_gfx.o(i.format_text_dec)
    fsr_main                                 0x0000102d   Thumb Code    72  ftp_fsrdemo.o(i.fsr_main)
    fsrdemo_input                            0x00001079   Thumb Code    92  ftp_fsrdemo.o(i.fsrdemo_input)
    init_appstate                            0x000010d5   Thumb Code    16  ftp_main.o(i.init_appstate)
    init_fsrdemo                             0x000010e5   Thumb Code    14  ftp_fsrdemo.o(i.init_fsrdemo)
    init_menu                                0x000010f3   Thumb Code    14  ftp_menu.o(i.init_menu)
    init_pong                                0x00001101   Thumb Code   160  ftp_pong.o(i.init_pong)
    init_snake                               0x000011a9   Thumb Code   232  ftp_snake.o(i.init_snake)
    main                                     0x00001299   Thumb Code   146  ftp_main.o(i.main)
    menu_input                               0x00001331   Thumb Code    60  ftp_menu.o(i.menu_input)
    menu_main                                0x0000136d   Thumb Code   146  ftp_menu.o(i.menu_main)
    move_ai_paddle                           0x00001411   Thumb Code    30  ftp_pong.o(i.move_ai_paddle)
    move_ball                                0x0000142f   Thumb Code    22  ftp_pong.o(i.move_ball)
    move_body                                0x00001445   Thumb Code    36  ftp_snake.o(i.move_body)
    move_head                                0x00001469   Thumb Code    68  ftp_snake.o(i.move_head)
    move_player_paddle                       0x000014ad   Thumb Code    28  ftp_pong.o(i.move_player_paddle)
    paddle_sides_collision                   0x000014c9   Thumb Code    28  ftp_pong.o(i.paddle_sides_collision)
    pong_game_over                           0x000014e9   Thumb Code    52  ftp_pong.o(i.pong_game_over)
    pong_input                               0x00001525   Thumb Code    44  ftp_pong.o(i.pong_input)
    pong_main                                0x00001551   Thumb Code   120  ftp_pong.o(i.pong_main)
    pushColor                                0x000015d5   Thumb Code    20  ftp_st7735r.o(i.pushColor)
    r_Pixel                                  0x000015e9   Thumb Code    22  ftp_gfx.o(i.r_Pixel)
    r_Rect                                   0x000015ff   Thumb Code    52  ftp_gfx.o(i.r_Rect)
    readCmdList                              0x00001633   Thumb Code    80  ftp_st7735r.o(i.readCmdList)
    render_FSR                               0x00001683   Thumb Code   246  ftp_fsrdemo.o(i.render_FSR)
    render_ball                              0x00001779   Thumb Code    78  ftp_pong.o(i.render_ball)
    render_border                            0x000017c9   Thumb Code   128  ftp_menu.o(i.render_border)
    render_notes_icon                        0x0000184d   Thumb Code   392  ftp_menu.o(i.render_notes_icon)
    render_paddle                            0x000019d5   Thumb Code    78  ftp_pong.o(i.render_paddle)
    render_paint_icon                        0x00001a23   Thumb Code   420  ftp_menu.o(i.render_paint_icon)
    render_pong_icon                         0x00001bc7   Thumb Code   126  ftp_menu.o(i.render_pong_icon)
    render_snake                             0x00001c45   Thumb Code   138  ftp_snake.o(i.render_snake)
    render_snake_icon                        0x00001ccf   Thumb Code   368  ftp_menu.o(i.render_snake_icon)
    render_tetris_icon                       0x00001e3f   Thumb Code   276  ftp_menu.o(i.render_tetris_icon)
    setAddrWindow                            0x00001f55   Thumb Code   100  ftp_st7735r.o(i.setAddrWindow)
    setDirection                             0x00001fbd   Thumb Code    68  ftp_st7735r.o(i.setDirection)
    snake_game_over                          0x00002005   Thumb Code    52  ftp_snake.o(i.snake_game_over)
    snake_input                              0x00002041   Thumb Code   100  ftp_snake.o(i.snake_input)
    snake_main                               0x000020a5   Thumb Code   118  ftp_snake.o(i.snake_main)
    tetris_main                              0x00002129   Thumb Code    42  ftp_tetris.o(i.tetris_main)
    under_construction                       0x00002159   Thumb Code   180  ftp_gfx.o(i.under_construction)
    update_ai_paddle                         0x0000222d   Thumb Code    44  ftp_pong.o(i.update_ai_paddle)
    update_appstate                          0x00002259   Thumb Code    60  ftp_menu.o(i.update_appstate)
    update_ball                              0x00002295   Thumb Code    88  ftp_pong.o(i.update_ball)
    update_player_paddle                     0x000022ed   Thumb Code    40  ftp_pong.o(i.update_player_paddle)
    update_snake_gamestate                   0x00002315   Thumb Code   294  ftp_snake.o(i.update_snake_gamestate)
    v_Count                                  0x00002449   Thumb Code    20  ftp_gfx.o(i.v_Count)
    writeCommand                             0x0000245d   Thumb Code    24  ftp_st7735r.o(i.writeCommand)
    writeData                                0x0000247d   Thumb Code    18  ftp_st7735r.o(i.writeData)
    colors                                   0x00002498   Data          16  ftp_gfx.o(.constdata)
    Region$$Table$$Base                      0x000029a4   Number         0  anon$$obj.o(Region$$Table)
    Region$$Table$$Limit                     0x000029c4   Number         0  anon$$obj.o(Region$$Table)
    ScreenOrientation                        0x20000000   Data           1  ftp_st7735r.o(.data)
    ScreenX                                  0x20000001   Data           1  ftp_st7735r.o(.data)
    ScreenY                                  0x20000002   Data           1  ftp_st7735r.o(.data)
    ScreenW                                  0x20000003   Data           1  ftp_st7735r.o(.data)
    ScreenH                                  0x20000004   Data           1  ftp_st7735r.o(.data)
    initCmdList                              0x20000005   Data         113  ftp_st7735r.o(.data)
    IndexCircuit                             0x20000076   Data           2  ftp_input.o(.data)
    MiddleCircuit                            0x20000078   Data           2  ftp_input.o(.data)
    RingCircuit                              0x2000007a   Data           2  ftp_input.o(.data)
    PinkyCircuit                             0x2000007c   Data           2  ftp_input.o(.data)
    IndexFSR                                 0x2000007e   Data           2  ftp_input.o(.data)
    MiddleFSR                                0x20000080   Data           2  ftp_input.o(.data)
    RingFSR                                  0x20000082   Data           2  ftp_input.o(.data)
    PinkyFSR                                 0x20000084   Data           2  ftp_input.o(.data)
    ICON_X                                   0x20000086   Data           5  ftp_menu.o(.data)
    ICON_Y                                   0x2000008b   Data           5  ftp_menu.o(.data)
    PongGameOver                             0x20000090   Data          11  ftp_pong.o(.data)
    PongYourScoreIs                          0x2000009b   Data          15  ftp_pong.o(.data)
    SnakeGameScore                           0x200000aa   Data           7  ftp_snake.o(.data)
    SnakeGameOver                            0x200000b1   Data          11  ftp_snake.o(.data)
    SnakeYourScoreIs                         0x200000bc   Data          15  ftp_snake.o(.data)
    IndexTextCircuit                         0x200000cb   Data          16  ftp_analogdemo.o(.data)
    MiddleTextCircuit                        0x200000db   Data          17  ftp_analogdemo.o(.data)
    RingTextCircuit                          0x200000ec   Data          15  ftp_analogdemo.o(.data)
    PinkyTextCircuit                         0x200000fb   Data          16  ftp_analogdemo.o(.data)
    IndexTextFSR                             0x2000010b   Data          12  ftp_analogdemo.o(.data)
    MiddleTextFSR                            0x20000117   Data          13  ftp_analogdemo.o(.data)
    RingTextFSR                              0x20000124   Data          11  ftp_analogdemo.o(.data)
    PinkyTextFSR                             0x2000012f   Data          12  ftp_analogdemo.o(.data)
    _random_number_data                      0x2000013c   Data         228  rand.o(.bss)
    __libspace_start                         0x20000220   Data          96  libspace.o(.bss)
    __temporary_stack_top$libspace           0x20000280   Data           0  libspace.o(.bss)



==============================================================================

Memory Map of the image

  Image Entry point : 0x0000026d

  Load Region LR_1 (Base: 0x00000000, Size: 0x00002b00, Max: 0xffffffff, ABSOLUTE, COMPRESSED[0x00002aa4])

    Execution Region ER_RO (Base: 0x00000000, Size: 0x000029c4, Max: 0xffffffff, ABSOLUTE)

    Base Addr    Size         Type   Attr      Idx    E Section Name        Object

    0x00000000   0x00000284   Code   RO          273  * RESET               startup.o
    0x00000284   0x00000008   Code   RO          863  * !!!main             c_w.l(__main.o)
    0x0000028c   0x00000034   Code   RO         1036    !!!scatter          c_w.l(__scatter.o)
    0x000002c0   0x0000005a   Code   RO         1034    !!dczerorl2         c_w.l(__dczerorl2.o)
    0x0000031a   0x00000002   PAD
    0x0000031c   0x0000001c   Code   RO         1038    !!handler_zi        c_w.l(__scatter_zi.o)
    0x00000338   0x00000000   Code   RO          851    .ARM.Collect$$_printf_percent$$00000000  c_w.l(_printf_percent.o)
    0x00000338   0x00000006   Code   RO          850    .ARM.Collect$$_printf_percent$$00000009  c_w.l(_printf_d.o)
    0x0000033e   0x00000006   Code   RO          849    .ARM.Collect$$_printf_percent$$00000014  c_w.l(_printf_s.o)
    0x00000344   0x00000004   Code   RO          876    .ARM.Collect$$_printf_percent$$00000017  c_w.l(_printf_percent_end.o)
    0x00000348   0x00000002   Code   RO          958    .ARM.Collect$$libinit$$00000000  c_w.l(libinit.o)
    0x0000034a   0x00000000   Code   RO          880    .ARM.Collect$$libinit$$00000002  c_w.l(libinit2.o)
    0x0000034a   0x00000000   Code   RO          882    .ARM.Collect$$libinit$$00000004  c_w.l(libinit2.o)
    0x0000034a   0x00000000   Code   RO          885    .ARM.Collect$$libinit$$0000000A  c_w.l(libinit2.o)
    0x0000034a   0x00000000   Code   RO          887    .ARM.Collect$$libinit$$0000000C  c_w.l(libinit2.o)
    0x0000034a   0x00000004   Code   RO          888    .ARM.Collect$$libinit$$0000000D  c_w.l(libinit2.o)
    0x0000034e   0x00000000   Code   RO          889    .ARM.Collect$$libinit$$0000000E  c_w.l(libinit2.o)
    0x0000034e   0x00000000   Code   RO          892    .ARM.Collect$$libinit$$00000011  c_w.l(libinit2.o)
    0x0000034e   0x00000000   Code   RO          894    .ARM.Collect$$libinit$$00000013  c_w.l(libinit2.o)
    0x0000034e   0x00000000   Code   RO          896    .ARM.Collect$$libinit$$00000015  c_w.l(libinit2.o)
    0x0000034e   0x00000000   Code   RO          898    .ARM.Collect$$libinit$$00000017  c_w.l(libinit2.o)
    0x0000034e   0x00000000   Code   RO          900    .ARM.Collect$$libinit$$00000019  c_w.l(libinit2.o)
    0x0000034e   0x00000000   Code   RO          902    .ARM.Collect$$libinit$$0000001B  c_w.l(libinit2.o)
    0x0000034e   0x00000000   Code   RO          904    .ARM.Collect$$libinit$$0000001D  c_w.l(libinit2.o)
    0x0000034e   0x00000000   Code   RO          906    .ARM.Collect$$libinit$$0000001F  c_w.l(libinit2.o)
    0x0000034e   0x00000000   Code   RO          908    .ARM.Collect$$libinit$$00000021  c_w.l(libinit2.o)
    0x0000034e   0x00000000   Code   RO          910    .ARM.Collect$$libinit$$00000023  c_w.l(libinit2.o)
    0x0000034e   0x00000000   Code   RO          912    .ARM.Collect$$libinit$$00000025  c_w.l(libinit2.o)
    0x0000034e   0x00000000   Code   RO          916    .ARM.Collect$$libinit$$0000002C  c_w.l(libinit2.o)
    0x0000034e   0x00000000   Code   RO          918    .ARM.Collect$$libinit$$0000002E  c_w.l(libinit2.o)
    0x0000034e   0x00000000   Code   RO          920    .ARM.Collect$$libinit$$00000030  c_w.l(libinit2.o)
    0x0000034e   0x00000000   Code   RO          922    .ARM.Collect$$libinit$$00000032  c_w.l(libinit2.o)
    0x0000034e   0x00000002   Code   RO          923    .ARM.Collect$$libinit$$00000033  c_w.l(libinit2.o)
    0x00000350   0x00000002   Code   RO          996    .ARM.Collect$$libshutdown$$00000000  c_w.l(libshutdown.o)
    0x00000352   0x00000000   Code   RO         1003    .ARM.Collect$$libshutdown$$00000003  c_w.l(libshutdown2.o)
    0x00000352   0x00000000   Code   RO         1006    .ARM.Collect$$libshutdown$$00000006  c_w.l(libshutdown2.o)
    0x00000352   0x00000000   Code   RO         1009    .ARM.Collect$$libshutdown$$00000009  c_w.l(libshutdown2.o)
    0x00000352   0x00000000   Code   RO         1011    .ARM.Collect$$libshutdown$$0000000B  c_w.l(libshutdown2.o)
    0x00000352   0x00000000   Code   RO         1014    .ARM.Collect$$libshutdown$$0000000E  c_w.l(libshutdown2.o)
    0x00000352   0x00000002   Code   RO         1015    .ARM.Collect$$libshutdown$$0000000F  c_w.l(libshutdown2.o)
    0x00000354   0x00000000   Code   RO          865    .ARM.Collect$$rtentry$$00000000  c_w.l(__rtentry.o)
    0x00000354   0x00000000   Code   RO          925    .ARM.Collect$$rtentry$$00000002  c_w.l(__rtentry2.o)
    0x00000354   0x00000006   Code   RO          937    .ARM.Collect$$rtentry$$00000004  c_w.l(__rtentry4.o)
    0x0000035a   0x00000000   Code   RO          927    .ARM.Collect$$rtentry$$00000009  c_w.l(__rtentry2.o)
    0x0000035a   0x00000004   Code   RO          928    .ARM.Collect$$rtentry$$0000000A  c_w.l(__rtentry2.o)
    0x0000035e   0x00000000   Code   RO          930    .ARM.Collect$$rtentry$$0000000C  c_w.l(__rtentry2.o)
    0x0000035e   0x00000008   Code   RO          931    .ARM.Collect$$rtentry$$0000000D  c_w.l(__rtentry2.o)
    0x00000366   0x00000002   Code   RO          964    .ARM.Collect$$rtexit$$00000000  c_w.l(rtexit.o)
    0x00000368   0x00000000   Code   RO          976    .ARM.Collect$$rtexit$$00000002  c_w.l(rtexit2.o)
    0x00000368   0x00000004   Code   RO          977    .ARM.Collect$$rtexit$$00000003  c_w.l(rtexit2.o)
    0x0000036c   0x00000006   Code   RO          978    .ARM.Collect$$rtexit$$00000004  c_w.l(rtexit2.o)
    0x00000372   0x00000002   PAD
    0x00000374   0x00000034   Code   RO          852    .emb_text           c_w.l(rand.o)
    0x000003a8   0x00000030   Code   RO          274    .text               startup.o
    0x000003d8   0x00000034   Code   RO          821    .text               c_w.l(noretval__2snprintf.o)
    0x0000040c   0x00000068   Code   RO          823    .text               c_w.l(__printf.o)
    0x00000474   0x00000052   Code   RO          825    .text               c_w.l(_printf_str.o)
    0x000004c6   0x00000002   PAD
    0x000004c8   0x00000078   Code   RO          827    .text               c_w.l(_printf_dec.o)
    0x00000540   0x0000003c   Code   RO          853    .text               c_w.l(rand.o)
    0x0000057c   0x00000006   Code   RO          861    .text               c_w.l(heapauxi.o)
    0x00000582   0x000000b2   Code   RO          866    .text               c_w.l(_printf_intcommon.o)
    0x00000634   0x00000030   Code   RO          868    .text               c_w.l(_printf_char_common.o)
    0x00000664   0x0000000a   Code   RO          870    .text               c_w.l(_sputc.o)
    0x0000066e   0x00000010   Code   RO          872    .text               c_w.l(_snputc.o)
    0x0000067e   0x0000002c   Code   RO          874    .text               c_w.l(_printf_char.o)
    0x000006aa   0x0000004a   Code   RO          945    .text               c_w.l(sys_stackheap_outer.o)
    0x000006f4   0x0000000c   Code   RO          947    .text               c_w.l(exit.o)
    0x00000700   0x00000008   Code   RO          961    .text               c_w.l(libspace.o)
    0x00000708   0x00000002   Code   RO          972    .text               c_w.l(use_no_semi.o)
    0x0000070a   0x00000000   Code   RO          974    .text               c_w.l(indicate_semi.o)
    0x0000070a   0x00000002   PAD
    0x0000070c   0x0000000c   Code   RO          988    .text               c_w.l(sys_exit.o)
    0x00000718   0x00000028   Code   RO          281    i.ADC0Seq1_Handler  ftp_input.o
    0x00000740   0x00000028   Code   RO          282    i.ADC0Seq2_Handler  ftp_input.o
    0x00000768   0x00000042   Code   RO          283    i.Circuit_Convert   ftp_input.o
    0x000007aa   0x00000002   PAD
    0x000007ac   0x00000058   Code   RO          284    i.Circuit_Parse     ftp_input.o
    0x00000804   0x00000040   Code   RO          285    i.FSR_Convert       ftp_input.o
    0x00000844   0x00000054   Code   RO          286    i.FSR_Parse         ftp_input.o
    0x00000898   0x000000c0   Code   RO          287    i.Input_Init        ftp_input.o
    0x00000958   0x00000060   Code   RO          259    i.PLL_Init          pll.o
    0x000009b8   0x00000014   Code   RO          192    i.ST7735_initR      ftp_st7735r.o
    0x000009cc   0x00000016   Code   RO          654    i.SysTick_Init      systick.o
    0x000009e2   0x0000001a   Code   RO          655    i.SysTick_Wait      systick.o
    0x000009fc   0x0000001c   Code   RO          656    i.SysTick_Wait10ms  systick.o
    0x00000a18   0x00000012   Code   RO          760    i.analog_input      ftp_analogdemo.o
    0x00000a2a   0x00000036   Code   RO          461    i.ball_ai_collision  ftp_pong.o
    0x00000a60   0x00000020   Code   RO          462    i.ball_ends_collision  ftp_pong.o
    0x00000a80   0x00000036   Code   RO          463    i.ball_player_collision  ftp_pong.o
    0x00000ab6   0x00000002   PAD
    0x00000ab8   0x00000020   Code   RO          464    i.ball_sides_collision  ftp_pong.o
    0x00000ad8   0x00000018   Code   RO            1    i.c_Fill            ftp_gfx.o
    0x00000af0   0x0000001c   Code   RO          573    i.check_food_collision  ftp_snake.o
    0x00000b0c   0x00000036   Code   RO          574    i.check_food_validity  ftp_snake.o
    0x00000b42   0x00000034   Code   RO          575    i.check_self_collision  ftp_snake.o
    0x00000b76   0x00000002   PAD
    0x00000b78   0x0000005c   Code   RO          576    i.check_wall_collision  ftp_snake.o
    0x00000bd4   0x00000048   Code   RO            2    i.clearScreen       ftp_gfx.o
    0x00000c1c   0x00000110   Code   RO          193    i.commonInit        ftp_st7735r.o
    0x00000d2c   0x000000dc   Code   RO            3    i.d_DrawCharS       ftp_gfx.o
    0x00000e08   0x00000056   Code   RO            4    i.d_DrawString      ftp_gfx.o
    0x00000e5e   0x00000084   Code   RO            5    i.d_Rect            ftp_gfx.o
    0x00000ee2   0x00000002   PAD
    0x00000ee4   0x000000e8   Code   RO          761    i.demo_main         ftp_analogdemo.o
    0x00000fcc   0x00000030   Code   RO            6    i.format_dec_text   ftp_gfx.o
    0x00000ffc   0x00000030   Code   RO            7    i.format_text_dec   ftp_gfx.o
    0x0000102c   0x0000004c   Code   RO          787    i.fsr_main          ftp_fsrdemo.o
    0x00001078   0x0000005c   Code   RO          788    i.fsrdemo_input     ftp_fsrdemo.o
    0x000010d4   0x00000010   Code   RO          123    i.init_appstate     ftp_main.o
    0x000010e4   0x0000000e   Code   RO          789    i.init_fsrdemo      ftp_fsrdemo.o
    0x000010f2   0x0000000e   Code   RO          335    i.init_menu         ftp_menu.o
    0x00001100   0x000000a8   Code   RO          465    i.init_pong         ftp_pong.o
    0x000011a8   0x000000f0   Code   RO          577    i.init_snake        ftp_snake.o
    0x00001298   0x00000098   Code   RO          124    i.main              ftp_main.o
    0x00001330   0x0000003c   Code   RO          336    i.menu_input        ftp_menu.o
    0x0000136c   0x000000a4   Code   RO          337    i.menu_main         ftp_menu.o
    0x00001410   0x0000001e   Code   RO          466    i.move_ai_paddle    ftp_pong.o
    0x0000142e   0x00000016   Code   RO          467    i.move_ball         ftp_pong.o
    0x00001444   0x00000024   Code   RO          578    i.move_body         ftp_snake.o
    0x00001468   0x00000044   Code   RO          579    i.move_head         ftp_snake.o
    0x000014ac   0x0000001c   Code   RO          468    i.move_player_paddle  ftp_pong.o
    0x000014c8   0x00000020   Code   RO          469    i.paddle_sides_collision  ftp_pong.o
    0x000014e8   0x0000003c   Code   RO          470    i.pong_game_over    ftp_pong.o
    0x00001524   0x0000002c   Code   RO          471    i.pong_input        ftp_pong.o
    0x00001550   0x00000084   Code   RO          472    i.pong_main         ftp_pong.o
    0x000015d4   0x00000014   Code   RO          194    i.pushColor         ftp_st7735r.o
    0x000015e8   0x00000016   Code   RO            9    i.r_Pixel           ftp_gfx.o
    0x000015fe   0x00000034   Code   RO           10    i.r_Rect            ftp_gfx.o
    0x00001632   0x00000050   Code   RO          195    i.readCmdList       ftp_st7735r.o
    0x00001682   0x000000f6   Code   RO          790    i.render_FSR        ftp_fsrdemo.o
    0x00001778   0x0000004e   Code   RO          473    i.render_ball       ftp_pong.o
    0x000017c6   0x00000002   PAD
    0x000017c8   0x00000084   Code   RO          338    i.render_border     ftp_menu.o
    0x0000184c   0x00000188   Code   RO          339    i.render_notes_icon  ftp_menu.o
    0x000019d4   0x0000004e   Code   RO          474    i.render_paddle     ftp_pong.o
    0x00001a22   0x000001a4   Code   RO          340    i.render_paint_icon  ftp_menu.o
    0x00001bc6   0x0000007e   Code   RO          341    i.render_pong_icon  ftp_menu.o
    0x00001c44   0x0000008a   Code   RO          580    i.render_snake      ftp_snake.o
    0x00001cce   0x00000170   Code   RO          342    i.render_snake_icon  ftp_menu.o
    0x00001e3e   0x00000114   Code   RO          343    i.render_tetris_icon  ftp_menu.o
    0x00001f52   0x00000002   PAD
    0x00001f54   0x00000068   Code   RO          196    i.setAddrWindow     ftp_st7735r.o
    0x00001fbc   0x00000048   Code   RO          198    i.setDirection      ftp_st7735r.o
    0x00002004   0x0000003c   Code   RO          581    i.snake_game_over   ftp_snake.o
    0x00002040   0x00000064   Code   RO          582    i.snake_input       ftp_snake.o
    0x000020a4   0x00000084   Code   RO          583    i.snake_main        ftp_snake.o
    0x00002128   0x00000030   Code   RO          687    i.tetris_main       ftp_tetris.o
    0x00002158   0x000000d4   Code   RO           13    i.under_construction  ftp_gfx.o
    0x0000222c   0x0000002c   Code   RO          475    i.update_ai_paddle  ftp_pong.o
    0x00002258   0x0000003c   Code   RO          344    i.update_appstate   ftp_menu.o
    0x00002294   0x00000058   Code   RO          476    i.update_ball       ftp_pong.o
    0x000022ec   0x00000028   Code   RO          477    i.update_player_paddle  ftp_pong.o
    0x00002314   0x00000134   Code   RO          584    i.update_snake_gamestate  ftp_snake.o
    0x00002448   0x00000014   Code   RO           91    i.v_Count           ftp_gfx.o
    0x0000245c   0x00000020   Code   RO          199    i.writeCommand      ftp_st7735r.o
    0x0000247c   0x0000001c   Code   RO          200    i.writeData         ftp_st7735r.o
    0x00002498   0x0000050b   Data   RO           14    .constdata          ftp_gfx.o
    0x000029a3   0x00000001   PAD
    0x000029a4   0x00000020   Data   RO         1032    Region$$Table       anon$$obj.o


    Execution Region ER_RW (Base: 0x20000000, Size: 0x0000013c, Max: 0xffffffff, ABSOLUTE, COMPRESSED[0x000000e0])

    Base Addr    Size         Type   Attr      Idx    E Section Name        Object

    0x20000000   0x00000001   Data   RW          201    .data               ftp_st7735r.o
    0x20000001   0x00000075   Data   RW          202    .data               ftp_st7735r.o
    0x20000076   0x00000010   Data   RW          288    .data               ftp_input.o
    0x20000086   0x0000000a   Data   RW          345    .data               ftp_menu.o
    0x20000090   0x0000001a   Data   RW          479    .data               ftp_pong.o
    0x200000aa   0x00000021   Data   RW          585    .data               ftp_snake.o
    0x200000cb   0x00000070   Data   RW          763    .data               ftp_analogdemo.o


    Execution Region ER_ZI (Base: 0x2000013c, Size: 0x00000544, Max: 0xffffffff, ABSOLUTE)

    Base Addr    Size         Type   Attr      Idx    E Section Name        Object

    0x2000013c   0x000000e4   Zero   RW          854    .bss                c_w.l(rand.o)
    0x20000220   0x00000060   Zero   RW          962    .bss                c_w.l(libspace.o)
    0x20000280   0x00000000   Zero   RW          272    HEAP                startup.o
    0x20000280   0x00000400   Zero   RW          271    STACK               startup.o


==============================================================================

Image component sizes


      Code (inc. data)   RO Data    RW Data    ZI Data      Debug   Object Name

       250         40          0        112          0       2025   ftp_analogdemo.o
       428         40          0          0          0       2439   ftp_fsrdemo.o
       936         80       1291          0          0      12156   ftp_gfx.o
       574         68          0         16          0       4493   ftp_input.o
       168         12          0          0          0       5719   ftp_main.o
      2012         22          0         10          0       6027   ftp_menu.o
      1016         40          0         26          0       9321   ftp_pong.o
      1308         52          0         33          0       7409   ftp_snake.o
       628         70          0        118          0       4944   ftp_st7735r.o
        48          6          0          0          0        474   ftp_tetris.o
        96          6          0          0          0        415   pll.o
       692        632          0          0       1024        988   startup.o
        76          4          0          0          0       1841   systick.o

    ----------------------------------------------------------------------
      8244       1072       1324        316       1024      58251   Object Totals
         0          0         32          0          0          0   (incl. Generated)
        12          0          1          1          0          0   (incl. Padding)

    ----------------------------------------------------------------------

      Code (inc. data)   RO Data    RW Data    ZI Data      Debug   Library Member Name

        90          0          0          0          0          0   __dczerorl2.o
         8          0          0          0          0         68   __main.o
       104          0          0          0          0         84   __printf.o
         0          0          0          0          0          0   __rtentry.o
        12          0          0          0          0          0   __rtentry2.o
         6          0          0          0          0          0   __rtentry4.o
        52          8          0          0          0          0   __scatter.o
        28          0          0          0          0          0   __scatter_zi.o
        44          0          0          0          0        108   _printf_char.o
        48          6          0          0          0         96   _printf_char_common.o
         6          0          0          0          0          0   _printf_d.o
       120         16          0          0          0         92   _printf_dec.o
       178          0          0          0          0         88   _printf_intcommon.o
         0          0          0          0          0          0   _printf_percent.o
         4          0          0          0          0          0   _printf_percent_end.o
         6          0          0          0          0          0   _printf_s.o
        82          0          0          0          0         80   _printf_str.o
        16          0          0          0          0         68   _snputc.o
        10          0          0          0          0         68   _sputc.o
        12          0          0          0          0         72   exit.o
         6          0          0          0          0        152   heapauxi.o
         0          0          0          0          0          0   indicate_semi.o
         2          0          0          0          0          0   libinit.o
         6          0          0          0          0          0   libinit2.o
         2          0          0          0          0          0   libshutdown.o
         2          0          0          0          0          0   libshutdown2.o
         8          4          0          0         96         68   libspace.o
        52          4          0          0          0         84   noretval__2snprintf.o
       112         18          0          0        228        160   rand.o
         2          0          0          0          0          0   rtexit.o
        10          0          0          0          0          0   rtexit2.o
        12          4          0          0          0         68   sys_exit.o
        74          0          0          0          0         80   sys_stackheap_outer.o
         2          0          0          0          0         68   use_no_semi.o

    ----------------------------------------------------------------------
      1124         60          0          0        324       1504   Library Totals
         8          0          0          0          0          0   (incl. Padding)

    ----------------------------------------------------------------------

      Code (inc. data)   RO Data    RW Data    ZI Data      Debug   Library Name

      1116         60          0          0        324       1504   c_w.l

    ----------------------------------------------------------------------
      1124         60          0          0        324       1504   Library Totals

    ----------------------------------------------------------------------

==============================================================================


      Code (inc. data)   RO Data    RW Data    ZI Data      Debug   

      9368       1132       1324        316       1348      55123   Grand Totals
      9368       1132       1324        224       1348      55123   ELF Image Totals (compressed)
      9368       1132       1324        224          0          0   ROM Totals

==============================================================================

    Total RO  Size (Code + RO Data)                10692 (  10.44kB)
    Total RW  Size (RW Data + ZI Data)              1664 (   1.63kB)
    Total ROM Size (Code + RO Data + RW Data)      10916 (  10.66kB)

==============================================================================

