Component: Arm Compiler for Embedded 6.19 Tool: armlink [5e73cb00]

==============================================================================

Section Cross References

    ftp_gfx.o(.text) refers (Special) to _printf_percent.o(.ARM.Collect$$_printf_percent$$00000000) for _printf_percent
    ftp_gfx.o(.text) refers (Special) to _printf_s.o(.ARM.Collect$$_printf_percent$$00000014) for _printf_s
    ftp_gfx.o(.text) refers (Special) to _printf_d.o(.ARM.Collect$$_printf_percent$$00000009) for _printf_d
    ftp_gfx.o(.text) refers (Special) to _printf_dec.o(.text) for _printf_int_dec
    ftp_gfx.o(.text) refers (Special) to _printf_str.o(.text) for _printf_str
    ftp_gfx.o(.text.v_Swap) refers (Special) to _printf_percent.o(.ARM.Collect$$_printf_percent$$00000000) for _printf_percent
    ftp_gfx.o(.text.v_Swap) refers (Special) to _printf_s.o(.ARM.Collect$$_printf_percent$$00000014) for _printf_s
    ftp_gfx.o(.text.v_Swap) refers (Special) to _printf_d.o(.ARM.Collect$$_printf_percent$$00000009) for _printf_d
    ftp_gfx.o(.text.v_Swap) refers (Special) to _printf_dec.o(.text) for _printf_int_dec
    ftp_gfx.o(.text.v_Swap) refers (Special) to _printf_str.o(.text) for _printf_str
    ftp_gfx.o(.ARM.exidx.text.v_Swap) refers (Special) to _printf_percent.o(.ARM.Collect$$_printf_percent$$00000000) for _printf_percent
    ftp_gfx.o(.ARM.exidx.text.v_Swap) refers (Special) to _printf_s.o(.ARM.Collect$$_printf_percent$$00000014) for _printf_s
    ftp_gfx.o(.ARM.exidx.text.v_Swap) refers (Special) to _printf_d.o(.ARM.Collect$$_printf_percent$$00000009) for _printf_d
    ftp_gfx.o(.ARM.exidx.text.v_Swap) refers (Special) to _printf_dec.o(.text) for _printf_int_dec
    ftp_gfx.o(.ARM.exidx.text.v_Swap) refers (Special) to _printf_str.o(.text) for _printf_str
    ftp_gfx.o(.ARM.exidx.text.v_Swap) refers to ftp_gfx.o(.text.v_Swap) for [Anonymous Symbol]
    ftp_gfx.o(.text.v_Clip) refers (Special) to _printf_percent.o(.ARM.Collect$$_printf_percent$$00000000) for _printf_percent
    ftp_gfx.o(.text.v_Clip) refers (Special) to _printf_s.o(.ARM.Collect$$_printf_percent$$00000014) for _printf_s
    ftp_gfx.o(.text.v_Clip) refers (Special) to _printf_d.o(.ARM.Collect$$_printf_percent$$00000009) for _printf_d
    ftp_gfx.o(.text.v_Clip) refers (Special) to _printf_dec.o(.text) for _printf_int_dec
    ftp_gfx.o(.text.v_Clip) refers (Special) to _printf_str.o(.text) for _printf_str
    ftp_gfx.o(.ARM.exidx.text.v_Clip) refers (Special) to _printf_percent.o(.ARM.Collect$$_printf_percent$$00000000) for _printf_percent
    ftp_gfx.o(.ARM.exidx.text.v_Clip) refers (Special) to _printf_s.o(.ARM.Collect$$_printf_percent$$00000014) for _printf_s
    ftp_gfx.o(.ARM.exidx.text.v_Clip) refers (Special) to _printf_d.o(.ARM.Collect$$_printf_percent$$00000009) for _printf_d
    ftp_gfx.o(.ARM.exidx.text.v_Clip) refers (Special) to _printf_dec.o(.text) for _printf_int_dec
    ftp_gfx.o(.ARM.exidx.text.v_Clip) refers (Special) to _printf_str.o(.text) for _printf_str
    ftp_gfx.o(.ARM.exidx.text.v_Clip) refers to ftp_gfx.o(.text.v_Clip) for [Anonymous Symbol]
    ftp_gfx.o(.text.v_Count) refers (Special) to _printf_percent.o(.ARM.Collect$$_printf_percent$$00000000) for _printf_percent
    ftp_gfx.o(.text.v_Count) refers (Special) to _printf_s.o(.ARM.Collect$$_printf_percent$$00000014) for _printf_s
    ftp_gfx.o(.text.v_Count) refers (Special) to _printf_d.o(.ARM.Collect$$_printf_percent$$00000009) for _printf_d
    ftp_gfx.o(.text.v_Count) refers (Special) to _printf_dec.o(.text) for _printf_int_dec
    ftp_gfx.o(.text.v_Count) refers (Special) to _printf_str.o(.text) for _printf_str
    ftp_gfx.o(.ARM.exidx.text.v_Count) refers (Special) to _printf_percent.o(.ARM.Collect$$_printf_percent$$00000000) for _printf_percent
    ftp_gfx.o(.ARM.exidx.text.v_Count) refers (Special) to _printf_s.o(.ARM.Collect$$_printf_percent$$00000014) for _printf_s
    ftp_gfx.o(.ARM.exidx.text.v_Count) refers (Special) to _printf_d.o(.ARM.Collect$$_printf_percent$$00000009) for _printf_d
    ftp_gfx.o(.ARM.exidx.text.v_Count) refers (Special) to _printf_dec.o(.text) for _printf_int_dec
    ftp_gfx.o(.ARM.exidx.text.v_Count) refers (Special) to _printf_str.o(.text) for _printf_str
    ftp_gfx.o(.ARM.exidx.text.v_Count) refers to ftp_gfx.o(.text.v_Count) for [Anonymous Symbol]
    ftp_gfx.o(.text.c_Fill) refers (Special) to _printf_percent.o(.ARM.Collect$$_printf_percent$$00000000) for _printf_percent
    ftp_gfx.o(.text.c_Fill) refers (Special) to _printf_s.o(.ARM.Collect$$_printf_percent$$00000014) for _printf_s
    ftp_gfx.o(.text.c_Fill) refers (Special) to _printf_d.o(.ARM.Collect$$_printf_percent$$00000009) for _printf_d
    ftp_gfx.o(.text.c_Fill) refers (Special) to _printf_dec.o(.text) for _printf_int_dec
    ftp_gfx.o(.text.c_Fill) refers (Special) to _printf_str.o(.text) for _printf_str
    ftp_gfx.o(.text.c_Fill) refers to ftp_st7735r.o(.text.pushColor) for pushColor
[...]
    rtexit2.o(.ARM.exidx) refers to rtexit2.o(.ARM.Collect$$rtexit$$00000004) for .ARM.Collect$$rtexit$$00000004
    rt_raise.o(.text) refers to __raise.o(.text) for __raise
    rt_raise.o(.text) refers to sys_exit.o(.text) for _sys_exit
    defsig_exit.o(.text) refers to sys_exit.o(.text) for _sys_exit
    defsig_rtmem_inner.o(.text) refers to defsig_general.o(.text) for __default_signal_display
    trapv.o(x$fpl$trapveneer) refers (Special) to usenofp.o(x$fpl$usenofp) for __I$use$fp
    sys_exit.o(.text) refers (Special) to use_no_semi.o(.text) for __I$use$semihosting
    sys_exit.o(.text) refers (Special) to indicate_semi.o(.text) for __semihosting_library_function
    sys_exit_hlt.o(.text) refers (Special) to use_no_semi.o(.text) for __I$use$semihosting
    sys_exit_hlt.o(.text) refers (Special) to indicate_semi.o(.text) for __semihosting_library_function
    __raise.o(.text) refers to defsig.o(CL$$defsig) for __default_signal_handler
    defsig_general.o(.text) refers to sys_wrch.o(.text) for _ttywrch
    libshutdown.o(.ARM.Collect$$libshutdown$$00000000) refers (Special) to libshutdown2.o(.ARM.Collect$$libshutdown$$00000002) for __rt_lib_shutdown_cpp_1
    libshutdown.o(.ARM.Collect$$libshutdown$$00000000) refers (Special) to libshutdown2.o(.ARM.Collect$$libshutdown$$00000007) for __rt_lib_shutdown_fp_trap_1
    libshutdown.o(.ARM.Collect$$libshutdown$$00000000) refers (Special) to libshutdown2.o(.ARM.Collect$$libshutdown$$0000000F) for __rt_lib_shutdown_heap_1
    libshutdown.o(.ARM.Collect$$libshutdown$$00000000) refers (Special) to libshutdown2.o(.ARM.Collect$$libshutdown$$00000010) for __rt_lib_shutdown_return
    libshutdown.o(.ARM.Collect$$libshutdown$$00000000) refers (Special) to libshutdown2.o(.ARM.Collect$$libshutdown$$0000000A) for __rt_lib_shutdown_signal_1
    libshutdown.o(.ARM.Collect$$libshutdown$$00000000) refers (Special) to libshutdown2.o(.ARM.Collect$$libshutdown$$00000004) for __rt_lib_shutdown_stdio_1
    libshutdown.o(.ARM.Collect$$libshutdown$$00000000) refers (Special) to libshutdown2.o(.ARM.Collect$$libshutdown$$0000000C) for __rt_lib_shutdown_user_alloc_1
    sys_wrch.o(.text) refers (Special) to use_no_semi.o(.text) for __I$use$semihosting
    sys_wrch.o(.text) refers (Special) to indicate_semi.o(.text) for __semihosting_library_function
    sys_wrch_hlt.o(.text) refers (Special) to use_no_semi.o(.text) for __I$use$semihosting
    sys_wrch_hlt.o(.text) refers (Special) to indicate_semi.o(.text) for __semihosting_library_function
    defsig.o(CL$$defsig) refers to defsig_rtmem_inner.o(.text) for __rt_SIGRTMEM_inner
    defsig_abrt_inner.o(.text) refers to defsig_general.o(.text) for __default_signal_display
    defsig_fpe_inner.o(.text) refers to defsig_general.o(.text) for __default_signal_display
    defsig_rtred_inner.o(.text) refers to defsig_general.o(.text) for __default_signal_display
    defsig_stak_inner.o(.text) refers to defsig_general.o(.text) for __default_signal_display
    defsig_pvfn_inner.o(.text) refers to defsig_general.o(.text) for __default_signal_display
    defsig_cppl_inner.o(.text) refers to defsig_general.o(.text) for __default_signal_display
    defsig_segv_inner.o(.text) refers to defsig_general.o(.text) for __default_signal_display
    defsig_other.o(.text) refers to defsig_general.o(.text) for __default_signal_display


==============================================================================

Removing Unused input sections from the image.

    Removing ftp_gfx.o(.text), (0 bytes).
    Removing ftp_gfx.o(.text.v_Swap), (2 bytes).
    Removing ftp_gfx.o(.ARM.exidx.text.v_Swap), (8 bytes).
    Removing ftp_gfx.o(.text.v_Clip), (2 bytes).
    Removing ftp_gfx.o(.ARM.exidx.text.v_Clip), (8 bytes).
    Removing ftp_gfx.o(.text.v_Count), (20 bytes).
    Removing ftp_gfx.o(.ARM.exidx.text.v_Count), (8 bytes).
    Removing ftp_gfx.o(.text.c_Fill), (24 bytes).
    Removing ftp_gfx.o(.ARM.exidx.text.c_Fill), (8 bytes).
    Removing ftp_gfx.o(.text.c_Bifill), (38 bytes).
    Removing ftp_gfx.o(.ARM.exidx.text.c_Bifill), (8 bytes).
    Removing ftp_gfx.o(.text.c_Gradient), (2 bytes).
    Removing ftp_gfx.o(.ARM.exidx.text.c_Gradient), (8 bytes).
    Removing ftp_gfx.o(.ARM.exidx.text.clearScreen), (8 bytes).
    Removing ftp_gfx.o(.text.r_Line), (2 bytes).
    Removing ftp_gfx.o(.ARM.exidx.text.r_Line), (8 bytes).
    Removing ftp_gfx.o(.ARM.exidx.text.r_Rect), (8 bytes).
    Removing ftp_gfx.o(.ARM.exidx.text.r_Pixel), (8 bytes).
    Removing ftp_gfx.o(.text.t_Random), (26 bytes).
    Removing ftp_gfx.o(.ARM.exidx.text.t_Random), (8 bytes).
    Removing ftp_gfx.o(.text.t_RandomPixels), (94 bytes).
    Removing ftp_gfx.o(.ARM.exidx.text.t_RandomPixels), (8 bytes).
    Removing ftp_gfx.o(.ARM.exidx.text.d_Rect), (8 bytes).
    Removing ftp_gfx.o(.text.d_Circle), (386 bytes).
    Removing ftp_gfx.o(.ARM.exidx.text.d_Circle), (8 bytes).
    Removing ftp_gfx.o(.ARM.exidx.text.d_DrawString), (8 bytes).
    Removing ftp_gfx.o(.ARM.exidx.text.d_DrawCharS), (8 bytes).
    Removing ftp_gfx.o(.ARM.exidx.text.format_dec_text), (8 bytes).
    Removing ftp_gfx.o(.ARM.exidx.text.format_text_dec), (8 bytes).
    Removing ftp_gfx.o(.rodata.colors), (16 bytes).
    Removing ftp_main.o(.text), (0 bytes).
    Removing ftp_main.o(.text.init_appstate), (8 bytes).
    Removing ftp_main.o(.ARM.exidx.text.init_appstate), (8 bytes).
    Removing ftp_main.o(.ARM.exidx.text.main), (8 bytes).
    Removing ftp_main.o(.data.IndexTextCircuit), (16 bytes).
    Removing ftp_main.o(.data.MiddleTextCircuit), (17 bytes).
    Removing ftp_main.o(.data.RingTextCircuit), (15 bytes).
    Removing ftp_main.o(.data.PinkyTextCircuit), (16 bytes).
    Removing ftp_main.o(.data.IndexTextFSR), (12 bytes).
    Removing ftp_main.o(.data.MiddleTextFSR), (13 bytes).
    Removing ftp_main.o(.data.RingTextFSR), (11 bytes).
    Removing ftp_main.o(.data.PinkyTextFSR), (12 bytes).
    Removing ftp_main.o(.ARM.use_no_argv), (4 bytes).
    Removing ftp_st7735r.o(.text), (0 bytes).
    Removing ftp_st7735r.o(.text.writeCommand), (40 bytes).
    Removing ftp_st7735r.o(.ARM.exidx.text.writeCommand), (8 bytes).
    Removing ftp_st7735r.o(.text.writeData), (30 bytes).
    Removing ftp_st7735r.o(.ARM.exidx.text.writeData), (8 bytes).
    Removing ftp_st7735r.o(.text.setColRowStart), (22 bytes).
    Removing ftp_st7735r.o(.ARM.exidx.text.setColRowStart), (8 bytes).
    Removing ftp_st7735r.o(.text.enableDisplay), (48 bytes).
    Removing ftp_st7735r.o(.ARM.exidx.text.enableDisplay), (8 bytes).
    Removing ftp_st7735r.o(.text.enableTearing), (48 bytes).
    Removing ftp_st7735r.o(.ARM.exidx.text.enableTearing), (8 bytes).
    Removing ftp_st7735r.o(.text.enableSleep), (48 bytes).
    Removing ftp_st7735r.o(.ARM.exidx.text.enableSleep), (8 bytes).
    Removing ftp_st7735r.o(.ARM.exidx.text.setAddrWindow), (8 bytes).
    Removing ftp_st7735r.o(.ARM.exidx.text.pushColor), (8 bytes).
    Removing ftp_st7735r.o(.ARM.exidx.text.setDirection), (8 bytes).
    Removing ftp_st7735r.o(.ARM.exidx.text.commonInit), (8 bytes).
    Removing ftp_st7735r.o(.text.readCmdList), (152 bytes).
    Removing ftp_st7735r.o(.ARM.exidx.text.readCmdList), (8 bytes).
    Removing ftp_st7735r.o(.ARM.exidx.text.ST7735_initR), (8 bytes).
    Removing pll.o(.text), (0 bytes).
    Removing pll.o(.ARM.exidx.text.PLL_Init), (8 bytes).
    Removing systick.o(.text), (0 bytes).
    Removing systick.o(.ARM.exidx.text.SysTick_Init), (8 bytes).
    Removing systick.o(.text.SysTick_Wait), (32 bytes).
    Removing systick.o(.ARM.exidx.text.SysTick_Wait), (8 bytes).
    Removing systick.o(.ARM.exidx.text.SysTick_Wait10ms), (8 bytes).
    Removing ftp_input.o(.text), (0 bytes).
    Removing ftp_input.o(.ARM.exidx.text.ADC0Seq1_Handler), (8 bytes).
    Removing ftp_input.o(.ARM.exidx.text.ADC0Seq2_Handler), (8 bytes).
    Removing ftp_input.o(.text.Circuit_Convert), (64 bytes).
    Removing ftp_input.o(.ARM.exidx.text.Circuit_Convert), (8 bytes).
    Removing ftp_input.o(.ARM.exidx.text.Circuit_Parse), (8 bytes).
    Removing ftp_input.o(.text.FSR_Convert), (4 bytes).
    Removing ftp_input.o(.ARM.exidx.text.FSR_Convert), (8 bytes).
    Removing ftp_input.o(.text.FSR_Parse), (90 bytes).
    Removing ftp_input.o(.ARM.exidx.text.FSR_Parse), (8 bytes).
    Removing ftp_input.o(.ARM.exidx.text.Input_Init), (8 bytes).
    Removing ftp_menu.o(.text), (0 bytes).
    Removing ftp_menu.o(.ARM.exidx.text.render_tetris_icon), (8 bytes).
    Removing ftp_menu.o(.ARM.exidx.text.render_snake_icon), (8 bytes).
    Removing ftp_menu.o(.text.render_pong_icon), (130 bytes).
    Removing ftp_menu.o(.ARM.exidx.text.render_pong_icon), (8 bytes).
    Removing ftp_menu.o(.ARM.exidx.text.render_paint_icon), (8 bytes).
    Removing ftp_menu.o(.ARM.exidx.text.render_notes_icon), (8 bytes).
    Removing ftp_menu.o(.text.menu_input), (60 bytes).
    Removing ftp_menu.o(.ARM.exidx.text.menu_input), (8 bytes).
    Removing ftp_menu.o(.text.init_menu), (8 bytes).
    Removing ftp_menu.o(.ARM.exidx.text.init_menu), (8 bytes).
    Removing ftp_menu.o(.text.render_border), (92 bytes).
    Removing ftp_menu.o(.ARM.exidx.text.render_border), (8 bytes).
    Removing ftp_menu.o(.ARM.exidx.text.update_appstate), (8 bytes).
    Removing ftp_menu.o(.ARM.exidx.text.menu_main), (8 bytes).
    Removing ftp_notes.o(.text), (0 bytes).
    Removing ftp_notes.o(.text.move_cursor), (40 bytes).
    Removing ftp_notes.o(.ARM.exidx.text.move_cursor), (8 bytes).
    Removing ftp_notes.o(.text.add_letter), (72 bytes).
    Removing ftp_notes.o(.ARM.exidx.text.add_letter), (8 bytes).
    Removing ftp_notes.o(.text.render_cursor), (106 bytes).
    Removing ftp_notes.o(.ARM.exidx.text.render_cursor), (8 bytes).
    Removing ftp_notes.o(.text.update_notestate), (182 bytes).
    Removing ftp_notes.o(.ARM.exidx.text.update_notestate), (8 bytes).
    Removing ftp_notes.o(.text.init_notes), (16 bytes).
    Removing ftp_notes.o(.ARM.exidx.text.init_notes), (8 bytes).
    Removing ftp_notes.o(.ARM.exidx.text.notes_main), (8 bytes).
    Removing ftp_notes.o(.data.PadArray), (20 bytes).
    Removing ftp_paint.o(.text), (0 bytes).
    Removing ftp_paint.o(.ARM.exidx.text.paint_main), (8 bytes).
    Removing ftp_pong.o(.text), (0 bytes).
    Removing ftp_pong.o(.text.init_pong), (216 bytes).
    Removing ftp_pong.o(.ARM.exidx.text.init_pong), (8 bytes).
    Removing ftp_pong.o(.text.pong_input), (46 bytes).
    Removing ftp_pong.o(.ARM.exidx.text.pong_input), (8 bytes).
    Removing ftp_pong.o(.text.move_ball), (22 bytes).
    Removing ftp_pong.o(.ARM.exidx.text.move_ball), (8 bytes).
    Removing ftp_pong.o(.text.ball_sides_collision), (40 bytes).
    Removing ftp_pong.o(.ARM.exidx.text.ball_sides_collision), (8 bytes).
    Removing ftp_pong.o(.text.ball_ends_collision), (40 bytes).
    Removing ftp_pong.o(.ARM.exidx.text.ball_ends_collision), (8 bytes).
    Removing ftp_pong.o(.text.ball_player_collision), (62 bytes).
    Removing ftp_pong.o(.ARM.exidx.text.ball_player_collision), (8 bytes).
    Removing ftp_pong.o(.text.ball_ai_collision), (58 bytes).
    Removing ftp_pong.o(.ARM.exidx.text.ball_ai_collision), (8 bytes).
    Removing ftp_pong.o(.text.render_ball), (88 bytes).
    Removing ftp_pong.o(.ARM.exidx.text.render_ball), (8 bytes).
    Removing ftp_pong.o(.text.update_ball), (282 bytes).
    Removing ftp_pong.o(.ARM.exidx.text.update_ball), (8 bytes).
    Removing ftp_pong.o(.text.move_player_paddle), (30 bytes).
    Removing ftp_pong.o(.ARM.exidx.text.move_player_paddle), (8 bytes).
    Removing ftp_pong.o(.text.move_ai_paddle), (30 bytes).
    Removing ftp_pong.o(.ARM.exidx.text.move_ai_paddle), (8 bytes).
    Removing ftp_pong.o(.text.paddle_sides_collision), (40 bytes).
    Removing ftp_pong.o(.ARM.exidx.text.paddle_sides_collision), (8 bytes).
    Removing ftp_pong.o(.text.render_paddle), (88 bytes).
    Removing ftp_pong.o(.ARM.exidx.text.render_paddle), (8 bytes).
    Removing ftp_pong.o(.text.update_player_paddle), (162 bytes).
    Removing ftp_pong.o(.ARM.exidx.text.update_player_paddle), (8 bytes).
    Removing ftp_pong.o(.text.update_ai_paddle), (166 bytes).
    Removing ftp_pong.o(.ARM.exidx.text.update_ai_paddle), (8 bytes).
    Removing ftp_pong.o(.text.pong_game_over), (68 bytes).
    Removing ftp_pong.o(.ARM.exidx.text.pong_game_over), (8 bytes).
    Removing ftp_pong.o(.ARM.exidx.text.pong_main), (8 bytes).
    Removing ftp_pong.o(.data.PongGameScore), (7 bytes).
    Removing ftp_pong.o(.data.PongGameOver), (11 bytes).
    Removing ftp_pong.o(.data.PongYourScoreIs), (15 bytes).
    Removing ftp_snake.o(.text), (0 bytes).
    Removing ftp_snake.o(.ARM.exidx.text.snake_input), (8 bytes).
    Removing ftp_snake.o(.text.move_head), (62 bytes).
    Removing ftp_snake.o(.ARM.exidx.text.move_head), (8 bytes).
    Removing ftp_snake.o(.text.check_self_collision), (76 bytes).
    Removing ftp_snake.o(.ARM.exidx.text.check_self_collision), (8 bytes).
    Removing ftp_snake.o(.text.check_wall_collision), (74 bytes).
    Removing ftp_snake.o(.ARM.exidx.text.check_wall_collision), (8 bytes).
    Removing ftp_snake.o(.text.check_food_collision), (30 bytes).
    Removing ftp_snake.o(.ARM.exidx.text.check_food_collision), (8 bytes).
    Removing ftp_snake.o(.text.move_body), (36 bytes).
    Removing ftp_snake.o(.ARM.exidx.text.move_body), (8 bytes).
    Removing ftp_snake.o(.text.render_snake), (152 bytes).
    Removing ftp_snake.o(.ARM.exidx.text.render_snake), (8 bytes).
    Removing ftp_snake.o(.text.init_snake), (170 bytes).
    Removing ftp_snake.o(.ARM.exidx.text.init_snake), (8 bytes).
    Removing ftp_snake.o(.ARM.exidx.text.update_snake_gamestate), (8 bytes).
    Removing ftp_snake.o(.text.check_food_validity), (52 bytes).
    Removing ftp_snake.o(.ARM.exidx.text.check_food_validity), (8 bytes).
    Removing ftp_snake.o(.text.snake_game_over), (68 bytes).
    Removing ftp_snake.o(.ARM.exidx.text.snake_game_over), (8 bytes).
    Removing ftp_snake.o(.ARM.exidx.text.snake_main), (8 bytes).
    Removing ftp_tetris.o(.text), (0 bytes).
    Removing ftp_tetris.o(.text.tetris_input), (46 bytes).
    Removing ftp_tetris.o(.ARM.exidx.text.tetris_input), (8 bytes).
    Removing ftp_tetris.o(.text.move_tetromino), (56 bytes).
    Removing ftp_tetris.o(.ARM.exidx.text.move_tetromino), (8 bytes).
    Removing ftp_tetris.o(.text.check_matrix_collision), (156 bytes).
    Removing ftp_tetris.o(.ARM.exidx.text.check_matrix_collision), (8 bytes).
    Removing ftp_tetris.o(.text.check_boundary_collision), (54 bytes).
    Removing ftp_tetris.o(.ARM.exidx.text.check_boundary_collision), (8 bytes).
    Removing ftp_tetris.o(.text.affix_tetromino), (38 bytes).
    Removing ftp_tetris.o(.ARM.exidx.text.affix_tetromino), (8 bytes).
    Removing ftp_tetris.o(.text.random_tetromino), (86 bytes).
    Removing ftp_tetris.o(.ARM.exidx.text.random_tetromino), (8 bytes).
    Removing ftp_tetris.o(.text.render_tetromino), (132 bytes).
    Removing ftp_tetris.o(.ARM.exidx.text.render_tetromino), (8 bytes).
    Removing ftp_tetris.o(.text.render_matrix), (106 bytes).
    Removing ftp_tetris.o(.ARM.exidx.text.render_matrix), (8 bytes).
    Removing ftp_tetris.o(.text.init_tetris), (120 bytes).
    Removing ftp_tetris.o(.ARM.exidx.text.init_tetris), (8 bytes).
    Removing ftp_tetris.o(.text.update_tetrisgamestate), (156 bytes).
    Removing ftp_tetris.o(.ARM.exidx.text.update_tetrisgamestate), (8 bytes).
    Removing ftp_tetris.o(.ARM.exidx.text.tetris_main), (8 bytes).
    Removing ftp_tetris.o(.data.TetrominoColors), (22 bytes).
    Removing ftp_tetris.o(.data.FixedTetrominos), (304 bytes).

194 unused section(s) (total 6307 bytes) removed from the image.

==============================================================================

Image Symbol Table

    Local Symbols

    Symbol Name                              Value     Ov Type        Size  Object(Section)

    ../clib/angel/boardlib.s                 0x00000000   Number         0  boardinit1.o ABSOLUTE
    ../clib/angel/boardlib.s                 0x00000000   Number         0  boardinit2.o ABSOLUTE
    ../clib/angel/boardlib.s                 0x00000000   Number         0  boardinit3.o ABSOLUTE
    ../clib/angel/boardlib.s                 0x00000000   Number         0  boardshut.o ABSOLUTE
    ../clib/angel/handlers.s                 0x00000000   Number         0  __scatter_copy.o ABSOLUTE
    ../clib/angel/handlers.s                 0x00000000   Number         0  __scatter_zi.o ABSOLUTE
    ../clib/angel/kernel.s                   0x00000000   Number         0  __rtentry.o ABSOLUTE
    ../clib/angel/kernel.s                   0x00000000   Number         0  __rtentry2.o ABSOLUTE
    ../clib/angel/kernel.s                   0x00000000   Number         0  __rtentry4.o ABSOLUTE
    ../clib/angel/kernel.s                   0x00000000   Number         0  rtexit.o ABSOLUTE
    ../clib/angel/kernel.s                   0x00000000   Number         0  rtexit2.o ABSOLUTE
    ../clib/angel/rt.s                       0x00000000   Number         0  rt_errno_addr.o ABSOLUTE
    ../clib/angel/rt.s                       0x00000000   Number         0  rt_errno_addr_intlibspace.o ABSOLUTE
    ../clib/angel/rt.s                       0x00000000   Number         0  rt_raise.o ABSOLUTE
    ../clib/angel/scatter.s                  0x00000000   Number         0  __scatter.o ABSOLUTE
    ../clib/angel/startup.s                  0x00000000   Number         0  __main.o ABSOLUTE
    ../clib/angel/sys.s                      0x00000000   Number         0  libspace.o ABSOLUTE
    ../clib/angel/sys.s                      0x00000000   Number         0  sys_stackheap_outer.o ABSOLUTE
    ../clib/angel/sys.s                      0x00000000   Number         0  use_no_semi.o ABSOLUTE
    ../clib/angel/sys.s                      0x00000000   Number         0  indicate_semi.o ABSOLUTE
    ../clib/angel/sysapp.c                   0x00000000   Number         0  sys_command.o ABSOLUTE
    ../clib/angel/sysapp.c                   0x00000000   Number         0  sys_command_hlt.o ABSOLUTE
    ../clib/angel/sysapp.c                   0x00000000   Number         0  sys_exit.o ABSOLUTE
    ../clib/angel/sysapp.c                   0x00000000   Number         0  sys_exit_hlt.o ABSOLUTE
    ../clib/angel/sysapp.c                   0x00000000   Number         0  sys_wrch.o ABSOLUTE
    ../clib/angel/sysapp.c                   0x00000000   Number         0  sys_wrch_hlt.o ABSOLUTE
    ../clib/armsys.c                         0x00000000   Number         0  argv_veneer.o ABSOLUTE
    ../clib/armsys.c                         0x00000000   Number         0  argv_veneer.o ABSOLUTE
    ../clib/armsys.c                         0x00000000   Number         0  _get_argv_nomalloc.o ABSOLUTE
    ../clib/armsys.c                         0x00000000   Number         0  no_argv.o ABSOLUTE
    ../clib/fenv.c                           0x00000000   Number         0  _rserrno.o ABSOLUTE
    ../clib/heapalloc.c                      0x00000000   Number         0  hrguard.o ABSOLUTE
    ../clib/heapaux.c                        0x00000000   Number         0  heapauxi.o ABSOLUTE
    ../clib/libinit.s                        0x00000000   Number         0  libinit2.o ABSOLUTE
    ../clib/libinit.s                        0x00000000   Number         0  libinit.o ABSOLUTE
    ../clib/libinit.s                        0x00000000   Number         0  libshutdown.o ABSOLUTE
    ../clib/libinit.s                        0x00000000   Number         0  libshutdown2.o ABSOLUTE
    ../clib/memcpset.s                       0x00000000   Number         0  rt_memmove_v6.o ABSOLUTE
    ../clib/memcpset.s                       0x00000000   Number         0  rt_memcpy_v6.o ABSOLUTE
    ../clib/memcpset.s                       0x00000000   Number         0  rt_memmove_w.o ABSOLUTE
    ../clib/memcpset.s                       0x00000000   Number         0  rt_memcpy_w.o ABSOLUTE
    ../clib/printf.c                         0x00000000   Number         0  __2snprintf.o ABSOLUTE
    ../clib/printf.c                         0x00000000   Number         0  noretval__2snprintf.o ABSOLUTE
    ../clib/printf.c                         0x00000000   Number         0  __printf.o ABSOLUTE
    ../clib/printf.c                         0x00000000   Number         0  _printf_str.o ABSOLUTE
    ../clib/printf.c                         0x00000000   Number         0  _printf_dec.o ABSOLUTE
    ../clib/printf.c                         0x00000000   Number         0  __printf_flags.o ABSOLUTE
    ../clib/printf.c                         0x00000000   Number         0  __printf_ss.o ABSOLUTE
    ../clib/printf.c                         0x00000000   Number         0  __printf_flags_ss.o ABSOLUTE
    ../clib/printf.c                         0x00000000   Number         0  __printf_wp.o ABSOLUTE
    ../clib/printf.c                         0x00000000   Number         0  __printf_flags_wp.o ABSOLUTE
    ../clib/printf.c                         0x00000000   Number         0  __printf_ss_wp.o ABSOLUTE
    ../clib/printf.c                         0x00000000   Number         0  __printf_flags_ss_wp.o ABSOLUTE
    ../clib/printf.c                         0x00000000   Number         0  _printf_intcommon.o ABSOLUTE
    ../clib/printf.c                         0x00000000   Number         0  _printf_char_common.o ABSOLUTE
    ../clib/printf.c                         0x00000000   Number         0  _snputc.o ABSOLUTE
    ../clib/printf.c                         0x00000000   Number         0  _printf_char.o ABSOLUTE
    ../clib/printf.c                         0x00000000   Number         0  __printf_nopercent.o ABSOLUTE
    ../clib/printf_percent.s                 0x00000000   Number         0  _printf_s.o ABSOLUTE
    ../clib/printf_percent.s                 0x00000000   Number         0  _printf_d.o ABSOLUTE
    ../clib/printf_percent.s                 0x00000000   Number         0  _printf_percent.o ABSOLUTE
    ../clib/printf_percent.s                 0x00000000   Number         0  _printf_percent_end.o ABSOLUTE
    ../clib/signal.c                         0x00000000   Number         0  defsig_rtmem_outer.o ABSOLUTE
    ../clib/signal.c                         0x00000000   Number         0  defsig_rtmem_formal.o ABSOLUTE
    ../clib/signal.c                         0x00000000   Number         0  defsig_exit.o ABSOLUTE
    ../clib/signal.c                         0x00000000   Number         0  defsig_rtmem_inner.o ABSOLUTE
    ../clib/signal.c                         0x00000000   Number         0  __raise.o ABSOLUTE
    ../clib/signal.c                         0x00000000   Number         0  defsig_general.o ABSOLUTE
    ../clib/signal.c                         0x00000000   Number         0  defsig_abrt_inner.o ABSOLUTE
    ../clib/signal.c                         0x00000000   Number         0  defsig_fpe_inner.o ABSOLUTE
    ../clib/signal.c                         0x00000000   Number         0  defsig_rtred_inner.o ABSOLUTE
    ../clib/signal.c                         0x00000000   Number         0  defsig_stak_inner.o ABSOLUTE
    ../clib/signal.c                         0x00000000   Number         0  defsig_pvfn_inner.o ABSOLUTE
    ../clib/signal.c                         0x00000000   Number         0  defsig_cppl_inner.o ABSOLUTE
    ../clib/signal.c                         0x00000000   Number         0  defsig_segv_inner.o ABSOLUTE
    ../clib/signal.c                         0x00000000   Number         0  defsig_other.o ABSOLUTE
    ../clib/signal.s                         0x00000000   Number         0  defsig.o ABSOLUTE
    ../clib/stdlib.c                         0x00000000   Number         0  rand.o ABSOLUTE
    ../clib/stdlib.c                         0x00000000   Number         0  rand.o ABSOLUTE
    ../clib/stdlib.c                         0x00000000   Number         0  exit.o ABSOLUTE
    ../fplib/daddsub.s                       0x00000000   Number         0  daddsub_clz.o ABSOLUTE
    ../fplib/dcheck1.s                       0x00000000   Number         0  dcheck1.o ABSOLUTE
    ../fplib/dcmpi.s                         0x00000000   Number         0  dcmpi.o ABSOLUTE
    ../fplib/ddiv.s                          0x00000000   Number         0  ddiv.o ABSOLUTE
    ../fplib/dfix.s                          0x00000000   Number         0  dfix.o ABSOLUTE
    ../fplib/dflt.s                          0x00000000   Number         0  dflt_clz.o ABSOLUTE
    ../fplib/dleqf.s                         0x00000000   Number         0  dleqf.o ABSOLUTE
    ../fplib/dmul.s                          0x00000000   Number         0  dmul.o ABSOLUTE
    ../fplib/dnaninf.s                       0x00000000   Number         0  dnaninf.o ABSOLUTE
    ../fplib/dretinf.s                       0x00000000   Number         0  dretinf.o ABSOLUTE
    ../fplib/drleqf.s                        0x00000000   Number         0  drleqf.o ABSOLUTE
    ../fplib/fpinit.s                        0x00000000   Number         0  fpinit.o ABSOLUTE
    ../fplib/fpinit_empty.s                  0x00000000   Number         0  fpinit_empty.o ABSOLUTE
    ../fplib/retnan.s                        0x00000000   Number         0  retnan.o ABSOLUTE
    ../fplib/scalbn.s                        0x00000000   Number         0  scalbn.o ABSOLUTE
    ../fplib/trapv.s                         0x00000000   Number         0  trapv.o ABSOLUTE
    ../fplib/usenofp.s                       0x00000000   Number         0  usenofp.o ABSOLUTE
    ../mathlib/cos.c                         0x00000000   Number         0  cos.o ABSOLUTE
    ../mathlib/cos_i.c                       0x00000000   Number         0  cos_i.o ABSOLUTE
    ../mathlib/dunder.c                      0x00000000   Number         0  dunder.o ABSOLUTE
    ../mathlib/floor.c                       0x00000000   Number         0  floor.o ABSOLUTE
    ../mathlib/fpclassify.c                  0x00000000   Number         0  fpclassify.o ABSOLUTE
    ../mathlib/poly.c                        0x00000000   Number         0  poly.o ABSOLUTE
    ../mathlib/rred.c                        0x00000000   Number         0  rred.o ABSOLUTE
    ../mathlib/sin.c                         0x00000000   Number         0  sin.o ABSOLUTE
    ../mathlib/sin_i.c                       0x00000000   Number         0  sin_i.o ABSOLUTE
    FTP_GFX.c                                0x00000000   Number         0  ftp_gfx.o ABSOLUTE
    FTP_INPUT.c                              0x00000000   Number         0  ftp_input.o ABSOLUTE
    FTP_MAIN.c                               0x00000000   Number         0  ftp_main.o ABSOLUTE
    FTP_MENU.c                               0x00000000   Number         0  ftp_menu.o ABSOLUTE
    FTP_NOTES.c                              0x00000000   Number         0  ftp_notes.o ABSOLUTE
    FTP_PAINT.c                              0x00000000   Number         0  ftp_paint.o ABSOLUTE
    FTP_PONG.c                               0x00000000   Number         0  ftp_pong.o ABSOLUTE
    FTP_SNAKE.c                              0x00000000   Number         0  ftp_snake.o ABSOLUTE
    FTP_ST7735R.c                            0x00000000   Number         0  ftp_st7735r.o ABSOLUTE
    FTP_TETRIS.c                             0x00000000   Number         0  ftp_tetris.o ABSOLUTE
    PLL.c                                    0x00000000   Number         0  pll.o ABSOLUTE
    SysTick.c                                0x00000000   Number         0  systick.o ABSOLUTE
    dc.s                                     0x00000000   Number         0  dc.o ABSOLUTE
    startup.s                                0x00000000   Number         0  startup.o ABSOLUTE
    RESET                                    0x00000000   Section      644  startup.o(RESET)
    !!!main                                  0x00000284   Section        8  __main.o(!!!main)
    !!!scatter                               0x0000028c   Section       52  __scatter.o(!!!scatter)
    !!handler_copy                           0x000002c0   Section       26  __scatter_copy.o(!!handler_copy)
    !!handler_zi                             0x000002dc   Section       28  __scatter_zi.o(!!handler_zi)
    .ARM.Collect$$_printf_percent$$00000000  0x000002f8   Section        0  _printf_percent.o(.ARM.Collect$$_printf_percent$$00000000)
    .ARM.Collect$$_printf_percent$$00000009  0x000002f8   Section        6  _printf_d.o(.ARM.Collect$$_printf_percent$$00000009)
    .ARM.Collect$$_printf_percent$$00000014  0x000002fe   Section        6  _printf_s.o(.ARM.Collect$$_printf_percent$$00000014)
    .ARM.Collect$$_printf_percent$$00000017  0x00000304   Section        4  _printf_percent_end.o(.ARM.Collect$$_printf_percent$$00000017)
    .ARM.Collect$$libinit$$00000000          0x00000308   Section        2  libinit.o(.ARM.Collect$$libinit$$00000000)
    .ARM.Collect$$libinit$$00000002          0x0000030a   Section        0  libinit2.o(.ARM.Collect$$libinit$$00000002)
    .ARM.Collect$$libinit$$00000004          0x0000030a   Section        0  libinit2.o(.ARM.Collect$$libinit$$00000004)
    .ARM.Collect$$libinit$$00000006          0x0000030a   Section        0  libinit2.o(.ARM.Collect$$libinit$$00000006)
    .ARM.Collect$$libinit$$0000000C          0x0000030a   Section        0  libinit2.o(.ARM.Collect$$libinit$$0000000C)
    .ARM.Collect$$libinit$$0000000E          0x0000030a   Section        0  libinit2.o(.ARM.Collect$$libinit$$0000000E)
    .ARM.Collect$$libinit$$0000000F          0x0000030a   Section        4  libinit2.o(.ARM.Collect$$libinit$$0000000F)
    .ARM.Collect$$libinit$$00000010          0x0000030e   Section        0  libinit2.o(.ARM.Collect$$libinit$$00000010)
    .ARM.Collect$$libinit$$00000013          0x0000030e   Section        0  libinit2.o(.ARM.Collect$$libinit$$00000013)
    .ARM.Collect$$libinit$$00000015          0x0000030e   Section        0  libinit2.o(.ARM.Collect$$libinit$$00000015)
    .ARM.Collect$$libinit$$00000017          0x0000030e   Section        0  libinit2.o(.ARM.Collect$$libinit$$00000017)
    .ARM.Collect$$libinit$$00000019          0x0000030e   Section        0  libinit2.o(.ARM.Collect$$libinit$$00000019)
    .ARM.Collect$$libinit$$0000001B          0x0000030e   Section        0  libinit2.o(.ARM.Collect$$libinit$$0000001B)
    .ARM.Collect$$libinit$$0000001D          0x0000030e   Section        0  libinit2.o(.ARM.Collect$$libinit$$0000001D)
    .ARM.Collect$$libinit$$0000001F          0x0000030e   Section        0  libinit2.o(.ARM.Collect$$libinit$$0000001F)
    .ARM.Collect$$libinit$$00000021          0x0000030e   Section        0  libinit2.o(.ARM.Collect$$libinit$$00000021)
    .ARM.Collect$$libinit$$00000023          0x0000030e   Section        0  libinit2.o(.ARM.Collect$$libinit$$00000023)
    .ARM.Collect$$libinit$$00000025          0x0000030e   Section        0  libinit2.o(.ARM.Collect$$libinit$$00000025)
    .ARM.Collect$$libinit$$00000027          0x0000030e   Section        0  libinit2.o(.ARM.Collect$$libinit$$00000027)
    .ARM.Collect$$libinit$$0000002E          0x0000030e   Section        0  libinit2.o(.ARM.Collect$$libinit$$0000002E)
    .ARM.Collect$$libinit$$00000030          0x0000030e   Section        0  libinit2.o(.ARM.Collect$$libinit$$00000030)
    .ARM.Collect$$libinit$$00000032          0x0000030e   Section        0  libinit2.o(.ARM.Collect$$libinit$$00000032)
    .ARM.Collect$$libinit$$00000034          0x0000030e   Section        0  libinit2.o(.ARM.Collect$$libinit$$00000034)
    .ARM.Collect$$libinit$$00000035          0x0000030e   Section        2  libinit2.o(.ARM.Collect$$libinit$$00000035)
    .ARM.Collect$$libshutdown$$00000000      0x00000310   Section        2  libshutdown.o(.ARM.Collect$$libshutdown$$00000000)
    .ARM.Collect$$libshutdown$$00000002      0x00000312   Section        0  libshutdown2.o(.ARM.Collect$$libshutdown$$00000002)
    .ARM.Collect$$libshutdown$$00000004      0x00000312   Section        0  libshutdown2.o(.ARM.Collect$$libshutdown$$00000004)
    .ARM.Collect$$libshutdown$$00000007      0x00000312   Section        0  libshutdown2.o(.ARM.Collect$$libshutdown$$00000007)
    .ARM.Collect$$libshutdown$$0000000A      0x00000312   Section        0  libshutdown2.o(.ARM.Collect$$libshutdown$$0000000A)
    .ARM.Collect$$libshutdown$$0000000C      0x00000312   Section        0  libshutdown2.o(.ARM.Collect$$libshutdown$$0000000C)
    .ARM.Collect$$libshutdown$$0000000F      0x00000312   Section        0  libshutdown2.o(.ARM.Collect$$libshutdown$$0000000F)
    .ARM.Collect$$libshutdown$$00000010      0x00000312   Section        2  libshutdown2.o(.ARM.Collect$$libshutdown$$00000010)
    .ARM.Collect$$rtentry$$00000000          0x00000314   Section        0  __rtentry.o(.ARM.Collect$$rtentry$$00000000)
    .ARM.Collect$$rtentry$$00000002          0x00000314   Section        0  __rtentry2.o(.ARM.Collect$$rtentry$$00000002)
    .ARM.Collect$$rtentry$$00000004          0x00000314   Section        6  __rtentry4.o(.ARM.Collect$$rtentry$$00000004)
    .ARM.Collect$$rtentry$$00000009          0x0000031a   Section        0  __rtentry2.o(.ARM.Collect$$rtentry$$00000009)
    .ARM.Collect$$rtentry$$0000000A          0x0000031a   Section        4  __rtentry2.o(.ARM.Collect$$rtentry$$0000000A)
    .ARM.Collect$$rtentry$$0000000C          0x0000031e   Section        0  __rtentry2.o(.ARM.Collect$$rtentry$$0000000C)
    .ARM.Collect$$rtentry$$0000000D          0x0000031e   Section        8  __rtentry2.o(.ARM.Collect$$rtentry$$0000000D)
    .ARM.Collect$$rtexit$$00000000           0x00000326   Section        2  rtexit.o(.ARM.Collect$$rtexit$$00000000)
    .ARM.Collect$$rtexit$$00000002           0x00000328   Section        0  rtexit2.o(.ARM.Collect$$rtexit$$00000002)
    .ARM.Collect$$rtexit$$00000003           0x00000328   Section        4  rtexit2.o(.ARM.Collect$$rtexit$$00000003)
    .ARM.Collect$$rtexit$$00000004           0x0000032c   Section        6  rtexit2.o(.ARM.Collect$$rtexit$$00000004)
    .emb_text                                0x00000334   Section       52  rand.o(.emb_text)
    .text                                    0x00000368   Section       48  startup.o(.text)
    .text                                    0x00000398   Section        0  noretval__2snprintf.o(.text)
    .text                                    0x000003d8   Section        0  __printf.o(.text)
    .text                                    0x00000440   Section        0  _printf_str.o(.text)
    .text                                    0x00000494   Section        0  _printf_dec.o(.text)
    .text                                    0x0000050c   Section        0  rand.o(.text)
    .text                                    0x00000548   Section      132  rt_memmove_v6.o(.text)
    .text                                    0x000005cc   Section        0  heapauxi.o(.text)
    .text                                    0x000005d2   Section        0  _printf_intcommon.o(.text)
    _printf_input_char                       0x00000685   Thumb Code    10  _printf_char_common.o(.text)
    .text                                    0x00000684   Section        0  _printf_char_common.o(.text)
    .text                                    0x000006b4   Section        0  _snputc.o(.text)
    .text                                    0x000006c4   Section        0  _printf_char.o(.text)
    .text                                    0x000006f0   Section      138  rt_memcpy_v6.o(.text)
    .text                                    0x0000077a   Section      122  rt_memmove_w.o(.text)
    .text                                    0x000007f4   Section      100  rt_memcpy_w.o(.text)
    .text                                    0x00000858   Section        8  libspace.o(.text)
    .text                                    0x00000860   Section       74  sys_stackheap_outer.o(.text)
    .text                                    0x000008aa   Section        0  exit.o(.text)
    .text                                    0x000008bc   Section        2  use_no_semi.o(.text)
    .text                                    0x000008be   Section        0  indicate_semi.o(.text)
    .text                                    0x000008c0   Section        0  sys_exit.o(.text)
    [Anonymous Symbol]                       0x000008cc   Section        0  ftp_input.o(.text.ADC0Seq1_Handler)
    [Anonymous Symbol]                       0x00000914   Section        0  ftp_input.o(.text.ADC0Seq2_Handler)
    [Anonymous Symbol]                       0x0000095c   Section        0  ftp_input.o(.text.Circuit_Parse)
    [Anonymous Symbol]                       0x00000aa8   Section        0  ftp_input.o(.text.Input_Init)
    [Anonymous Symbol]                       0x00000b64   Section        0  pll.o(.text.PLL_Init)
    [Anonymous Symbol]                       0x00000bd0   Section        0  ftp_st7735r.o(.text.ST7735_initR)
    [Anonymous Symbol]                       0x00000c78   Section        0  systick.o(.text.SysTick_Init)
    [Anonymous Symbol]                       0x00000c94   Section        0  systick.o(.text.SysTick_Wait10ms)
    [Anonymous Symbol]                       0x00000cd4   Section        0  ftp_gfx.o(.text.clearScreen)
    [Anonymous Symbol]                       0x00000d40   Section        0  ftp_st7735r.o(.text.commonInit)
    [Anonymous Symbol]                       0x00000e58   Section        0  ftp_gfx.o(.text.d_DrawCharS)
    [Anonymous Symbol]                       0x00000fac   Section        0  ftp_gfx.o(.text.d_DrawString)
    [Anonymous Symbol]                       0x00001010   Section        0  ftp_gfx.o(.text.d_Rect)
    [Anonymous Symbol]                       0x00001134   Section        0  ftp_gfx.o(.text.format_dec_text)
    [Anonymous Symbol]                       0x000011a4   Section        0  ftp_gfx.o(.text.format_text_dec)
    [Anonymous Symbol]                       0x00001210   Section        0  ftp_main.o(.text.main)
    [Anonymous Symbol]                       0x00001280   Section        0  ftp_menu.o(.text.menu_main)
    [Anonymous Symbol]                       0x000013f4   Section        0  ftp_notes.o(.text.notes_main)
    [Anonymous Symbol]                       0x000014f0   Section        0  ftp_paint.o(.text.paint_main)
    [Anonymous Symbol]                       0x000015ec   Section        0  ftp_pong.o(.text.pong_main)
    [Anonymous Symbol]                       0x000016e8   Section        0  ftp_st7735r.o(.text.pushColor)
    [Anonymous Symbol]                       0x00001720   Section        0  ftp_gfx.o(.text.r_Pixel)
    [Anonymous Symbol]                       0x00001738   Section        0  ftp_gfx.o(.text.r_Rect)
    [Anonymous Symbol]                       0x00001774   Section        0  ftp_menu.o(.text.render_notes_icon)
    [Anonymous Symbol]                       0x00001908   Section        0  ftp_menu.o(.text.render_paint_icon)
    [Anonymous Symbol]                       0x00001ad0   Section        0  ftp_menu.o(.text.render_snake_icon)
    [Anonymous Symbol]                       0x00001c60   Section        0  ftp_menu.o(.text.render_tetris_icon)
    [Anonymous Symbol]                       0x00001d80   Section        0  ftp_st7735r.o(.text.setAddrWindow)
    [Anonymous Symbol]                       0x00001ebc   Section        0  ftp_st7735r.o(.text.setDirection)
    [Anonymous Symbol]                       0x00001f48   Section        0  ftp_snake.o(.text.snake_input)
    [Anonymous Symbol]                       0x00001fc8   Section        0  ftp_snake.o(.text.snake_main)
    [Anonymous Symbol]                       0x00002120   Section        0  ftp_tetris.o(.text.tetris_main)
    [Anonymous Symbol]                       0x0000221c   Section        0  ftp_menu.o(.text.update_appstate)
    [Anonymous Symbol]                       0x000022cc   Section        0  ftp_snake.o(.text.update_snake_gamestate)
    Font                                     0x00002560   Data        1275  ftp_gfx.o(.rodata.Font)
    [Anonymous Symbol]                       0x00002560   Section        0  ftp_gfx.o(.rodata.Font)
    .L.str                                   0x00002a5b   Data           2  ftp_snake.o(.rodata.str1.1)
    [Anonymous Symbol]                       0x00002a5b   Section        0  ftp_snake.o(.rodata.str1.1)
    .bss                                     0x200000a0   Section      228  rand.o(.bss)
    .bss                                     0x20000184   Section       96  libspace.o(.bss)
    HeapMem                                  0x200001f8   Data           0  startup.o(HEAP)
    StackMem                                 0x200001f8   Data           0  startup.o(STACK)
    HEAP                                     0x200001f8   Section        0  startup.o(HEAP)
    STACK                                    0x200001f8   Section     1024  startup.o(STACK)

    Global Symbols

    Symbol Name                              Value     Ov Type        Size  Object(Section)

    BuildAttributes$$THM_ISAv4$E$P$D$K$B$S$7EM$PE$A:L22UL41UL21$X:L11$S22US41US21$IEEE1$IW$~IW$USESV6$~STKCKD$USESV7$~SHL$OTIME$ROPI$IEEEX$EBA8$UX$STANDARDLIB$REQ8$PRES8$EABIv2 0x00000000   Number         0  anon$$obj.o ABSOLUTE
    __Vectors                                0x00000000   Data           0  startup.o(RESET)
    __fp_init_empty                          0x00000000   Number         0  fpinit_empty.o ABSOLUTE
    __ARM_exceptions_init                     - Undefined Weak Reference
    __alloca_initialize                       - Undefined Weak Reference
    __arm_preinit_                            - Undefined Weak Reference
    __arm_relocate_pie_                       - Undefined Weak Reference
    __cpp_initialize__aeabi_                  - Undefined Weak Reference
    __cxa_finalize                            - Undefined Weak Reference
    __rt_locale                               - Undefined Weak Reference
    __sigvec_lookup                           - Undefined Weak Reference
    _atexit_init                              - Undefined Weak Reference
    _call_atexit_fns                          - Undefined Weak Reference
    _clock_init                               - Undefined Weak Reference
    _fp_trap_init                             - Undefined Weak Reference
    _fp_trap_shutdown                         - Undefined Weak Reference
    _get_lc_collate                           - Undefined Weak Reference
    _get_lc_ctype                             - Undefined Weak Reference
    _get_lc_monetary                          - Undefined Weak Reference
    _get_lc_numeric                           - Undefined Weak Reference
    _get_lc_time                              - Undefined Weak Reference
    _getenv_init                              - Undefined Weak Reference
    _handle_redirection                       - Undefined Weak Reference
    _init_alloc                               - Undefined Weak Reference
    _init_user_alloc                          - Undefined Weak Reference
    _initio                                   - Undefined Weak Reference
    _printf_mbtowc                            - Undefined Weak Reference
    _printf_post_padding                      - Undefined Weak Reference
    _printf_pre_padding                       - Undefined Weak Reference
    _printf_truncate_signed                   - Undefined Weak Reference
    _printf_truncate_unsigned                 - Undefined Weak Reference
    _signal_finish                            - Undefined Weak Reference
    _signal_init                              - Undefined Weak Reference
    _terminate_alloc                          - Undefined Weak Reference
    _terminate_user_alloc                     - Undefined Weak Reference
    _terminateio                              - Undefined Weak Reference
    Reset_Handler                            0x0000026d   Thumb Code     0  startup.o(RESET)
    NMI_Handler                              0x00000271   Thumb Code     2  startup.o(RESET)
    HardFault_Handler                        0x00000273   Thumb Code     2  startup.o(RESET)
    MemManage_Handler                        0x00000275   Thumb Code     2  startup.o(RESET)
    BusFault_Handler                         0x00000277   Thumb Code     2  startup.o(RESET)
    UsageFault_Handler                       0x00000279   Thumb Code     2  startup.o(RESET)
    SVC_Handler                              0x0000027b   Thumb Code     2  startup.o(RESET)
    DebugMon_Handler                         0x0000027d   Thumb Code     2  startup.o(RESET)
    PendSV_Handler                           0x0000027f   Thumb Code     2  startup.o(RESET)
    SysTick_Handler                          0x00000281   Thumb Code     2  startup.o(RESET)
    ADC0Seq0_Handler                         0x00000283   Thumb Code     0  startup.o(RESET)
    ADC0Seq3_Handler                         0x00000283   Thumb Code     0  startup.o(RESET)
    ADC1Seq0_Handler                         0x00000283   Thumb Code     0  startup.o(RESET)
    ADC1Seq1_Handler                         0x00000283   Thumb Code     0  startup.o(RESET)
    ADC1Seq2_Handler                         0x00000283   Thumb Code     0  startup.o(RESET)
    ADC1Seq3_Handler                         0x00000283   Thumb Code     0  startup.o(RESET)
    CAN0_Handler                             0x00000283   Thumb Code     0  startup.o(RESET)
    CAN1_Handler                             0x00000283   Thumb Code     0  startup.o(RESET)
    CAN2_Handler                             0x00000283   Thumb Code     0  startup.o(RESET)
    Comp0_Handler                            0x00000283   Thumb Code     0  startup.o(RESET)
    Comp1_Handler                            0x00000283   Thumb Code     0  startup.o(RESET)
    Comp2_Handler                            0x00000283   Thumb Code     0  startup.o(RESET)
    Ethernet_Handler                         0x00000283   Thumb Code     0  startup.o(RESET)
    ExtBus_Handler                           0x00000283   Thumb Code     0  startup.o(RESET)
    FPU_Handler                              0x00000283   Thumb Code     0  startup.o(RESET)
    Fan0_Handler                             0x00000283   Thumb Code     0  startup.o(RESET)
    FlashCtl_Handler                         0x00000283   Thumb Code     0  startup.o(RESET)
    GPIOPortA_Handler                        0x00000283   Thumb Code     0  startup.o(RESET)
    GPIOPortB_Handler                        0x00000283   Thumb Code     0  startup.o(RESET)
    GPIOPortC_Handler                        0x00000283   Thumb Code     0  startup.o(RESET)
    GPIOPortD_Handler                        0x00000283   Thumb Code     0  startup.o(RESET)
    GPIOPortE_Handler                        0x00000283   Thumb Code     0  startup.o(RESET)
    GPIOPortF_Handler                        0x00000283   Thumb Code     0  startup.o(RESET)
    GPIOPortG_Handler                        0x00000283   Thumb Code     0  startup.o(RESET)
    GPIOPortH_Handler                        0x00000283   Thumb Code     0  startup.o(RESET)
    GPIOPortJ_Handler                        0x00000283   Thumb Code     0  startup.o(RESET)
    GPIOPortK_Handler                        0x00000283   Thumb Code     0  startup.o(RESET)
    GPIOPortL_Handler                        0x00000283   Thumb Code     0  startup.o(RESET)
    GPIOPortM_Handler                        0x00000283   Thumb Code     0  startup.o(RESET)
    GPIOPortN_Handler                        0x00000283   Thumb Code     0  startup.o(RESET)
    GPIOPortP1_Handler                       0x00000283   Thumb Code     0  startup.o(RESET)
    GPIOPortP2_Handler                       0x00000283   Thumb Code     0  startup.o(RESET)
    GPIOPortP3_Handler                       0x00000283   Thumb Code     0  startup.o(RESET)
    GPIOPortP4_Handler                       0x00000283   Thumb Code     0  startup.o(RESET)
    GPIOPortP5_Handler                       0x00000283   Thumb Code     0  startup.o(RESET)
    GPIOPortP6_Handler                       0x00000283   Thumb Code     0  startup.o(RESET)
    GPIOPortP7_Handler                       0x00000283   Thumb Code     0  startup.o(RESET)
    GPIOPortP_Handler                        0x00000283   Thumb Code     0  startup.o(RESET)
    GPIOPortQ1_Handler                       0x00000283   Thumb Code     0  startup.o(RESET)
    GPIOPortQ2_Handler                       0x00000283   Thumb Code     0  startup.o(RESET)
    GPIOPortQ3_Handler                       0x00000283   Thumb Code     0  startup.o(RESET)
    GPIOPortQ4_Handler                       0x00000283   Thumb Code     0  startup.o(RESET)
    GPIOPortQ5_Handler                       0x00000283   Thumb Code     0  startup.o(RESET)
    GPIOPortQ6_Handler                       0x00000283   Thumb Code     0  startup.o(RESET)
    GPIOPortQ7_Handler                       0x00000283   Thumb Code     0  startup.o(RESET)
    GPIOPortQ_Handler                        0x00000283   Thumb Code     0  startup.o(RESET)
    GPIOPortR_Handler                        0x00000283   Thumb Code     0  startup.o(RESET)
    GPIOPortS_Handler                        0x00000283   Thumb Code     0  startup.o(RESET)
    Hibernate_Handler                        0x00000283   Thumb Code     0  startup.o(RESET)
    I2C0_Handler                             0x00000283   Thumb Code     0  startup.o(RESET)
    I2C1_Handler                             0x00000283   Thumb Code     0  startup.o(RESET)
    I2C2_Handler                             0x00000283   Thumb Code     0  startup.o(RESET)
    I2C3_Handler                             0x00000283   Thumb Code     0  startup.o(RESET)
    I2C4_Handler                             0x00000283   Thumb Code     0  startup.o(RESET)
    I2C5_Handler                             0x00000283   Thumb Code     0  startup.o(RESET)
    I2S0_Handler                             0x00000283   Thumb Code     0  startup.o(RESET)
    LPC0_Handler                             0x00000283   Thumb Code     0  startup.o(RESET)
    PECI0_Handler                            0x00000283   Thumb Code     0  startup.o(RESET)
    PWM0Fault_Handler                        0x00000283   Thumb Code     0  startup.o(RESET)
    PWM0Generator0_Handler                   0x00000283   Thumb Code     0  startup.o(RESET)
    PWM0Generator1_Handler                   0x00000283   Thumb Code     0  startup.o(RESET)
    PWM0Generator2_Handler                   0x00000283   Thumb Code     0  startup.o(RESET)
    PWM0Generator3_Handler                   0x00000283   Thumb Code     0  startup.o(RESET)
    PWM1Fault_Handler                        0x00000283   Thumb Code     0  startup.o(RESET)
    PWM1Generator0_Handler                   0x00000283   Thumb Code     0  startup.o(RESET)
    PWM1Generator1_Handler                   0x00000283   Thumb Code     0  startup.o(RESET)
    PWM1Generator2_Handler                   0x00000283   Thumb Code     0  startup.o(RESET)
    PWM1Generator3_Handler                   0x00000283   Thumb Code     0  startup.o(RESET)
    Quadrature0_Handler                      0x00000283   Thumb Code     0  startup.o(RESET)
    Quadrature1_Handler                      0x00000283   Thumb Code     0  startup.o(RESET)
    Quadrature2_Handler                      0x00000283   Thumb Code     0  startup.o(RESET)
    SSI0_Handler                             0x00000283   Thumb Code     0  startup.o(RESET)
    SSI1_Handler                             0x00000283   Thumb Code     0  startup.o(RESET)
    SSI2_Handler                             0x00000283   Thumb Code     0  startup.o(RESET)
    SSI3_Handler                             0x00000283   Thumb Code     0  startup.o(RESET)
    SysCtl_Handler                           0x00000283   Thumb Code     0  startup.o(RESET)
    Timer0A_Handler                          0x00000283   Thumb Code     0  startup.o(RESET)
    Timer0B_Handler                          0x00000283   Thumb Code     0  startup.o(RESET)
    Timer1A_Handler                          0x00000283   Thumb Code     0  startup.o(RESET)
    Timer1B_Handler                          0x00000283   Thumb Code     0  startup.o(RESET)
    Timer2A_Handler                          0x00000283   Thumb Code     0  startup.o(RESET)
    Timer2B_Handler                          0x00000283   Thumb Code     0  startup.o(RESET)
    Timer3A_Handler                          0x00000283   Thumb Code     0  startup.o(RESET)
    Timer3B_Handler                          0x00000283   Thumb Code     0  startup.o(RESET)
    Timer4A_Handler                          0x00000283   Thumb Code     0  startup.o(RESET)
    Timer4B_Handler                          0x00000283   Thumb Code     0  startup.o(RESET)
    Timer5A_Handler                          0x00000283   Thumb Code     0  startup.o(RESET)
    Timer5B_Handler                          0x00000283   Thumb Code     0  startup.o(RESET)
    UART0_Handler                            0x00000283   Thumb Code     0  startup.o(RESET)
    UART1_Handler                            0x00000283   Thumb Code     0  startup.o(RESET)
    UART2_Handler                            0x00000283   Thumb Code     0  startup.o(RESET)
    UART3_Handler                            0x00000283   Thumb Code     0  startup.o(RESET)
    UART4_Handler                            0x00000283   Thumb Code     0  startup.o(RESET)
    UART5_Handler                            0x00000283   Thumb Code     0  startup.o(RESET)
    UART6_Handler                            0x00000283   Thumb Code     0  startup.o(RESET)
    UART7_Handler                            0x00000283   Thumb Code     0  startup.o(RESET)
    USB0_Handler                             0x00000283   Thumb Code     0  startup.o(RESET)
    WDT_Handler                              0x00000283   Thumb Code     0  startup.o(RESET)
    WideTimer0A_Handler                      0x00000283   Thumb Code     0  startup.o(RESET)
    WideTimer0B_Handler                      0x00000283   Thumb Code     0  startup.o(RESET)
    WideTimer1A_Handler                      0x00000283   Thumb Code     0  startup.o(RESET)
    WideTimer1B_Handler                      0x00000283   Thumb Code     0  startup.o(RESET)
    WideTimer2A_Handler                      0x00000283   Thumb Code     0  startup.o(RESET)
    WideTimer2B_Handler                      0x00000283   Thumb Code     0  startup.o(RESET)
    WideTimer3A_Handler                      0x00000283   Thumb Code     0  startup.o(RESET)
    WideTimer3B_Handler                      0x00000283   Thumb Code     0  startup.o(RESET)
    WideTimer4A_Handler                      0x00000283   Thumb Code     0  startup.o(RESET)
    WideTimer4B_Handler                      0x00000283   Thumb Code     0  startup.o(RESET)
    WideTimer5A_Handler                      0x00000283   Thumb Code     0  startup.o(RESET)
    WideTimer5B_Handler                      0x00000283   Thumb Code     0  startup.o(RESET)
    uDMA_Error                               0x00000283   Thumb Code     0  startup.o(RESET)
    uDMA_Handler                             0x00000283   Thumb Code     0  startup.o(RESET)
    __main                                   0x00000285   Thumb Code     8  __main.o(!!!main)
    __scatterload                            0x0000028d   Thumb Code     0  __scatter.o(!!!scatter)
    __scatterload_rt2                        0x0000028d   Thumb Code    44  __scatter.o(!!!scatter)
    __scatterload_rt2_thumb_only             0x0000028d   Thumb Code     0  __scatter.o(!!!scatter)
    __scatterload_null                       0x0000029b   Thumb Code     0  __scatter.o(!!!scatter)
    __scatterload_copy                       0x000002c1   Thumb Code    26  __scatter_copy.o(!!handler_copy)
    __scatterload_zeroinit                   0x000002dd   Thumb Code    28  __scatter_zi.o(!!handler_zi)
    _printf_d                                0x000002f9   Thumb Code     0  _printf_d.o(.ARM.Collect$$_printf_percent$$00000009)
    _printf_percent                          0x000002f9   Thumb Code     0  _printf_percent.o(.ARM.Collect$$_printf_percent$$00000000)
    _printf_s                                0x000002ff   Thumb Code     0  _printf_s.o(.ARM.Collect$$_printf_percent$$00000014)
    _printf_percent_end                      0x00000305   Thumb Code     0  _printf_percent_end.o(.ARM.Collect$$_printf_percent$$00000017)
    __rt_lib_init                            0x00000309   Thumb Code     0  libinit.o(.ARM.Collect$$libinit$$00000000)
    __rt_lib_init_fp_1                       0x0000030b   Thumb Code     0  libinit2.o(.ARM.Collect$$libinit$$00000002)
    __rt_lib_init_heap_1                     0x0000030b   Thumb Code     0  libinit2.o(.ARM.Collect$$libinit$$0000000C)
    __rt_lib_init_preinit_1                  0x0000030b   Thumb Code     0  libinit2.o(.ARM.Collect$$libinit$$00000006)
    __rt_lib_init_rand_2                     0x0000030b   Thumb Code     0  libinit2.o(.ARM.Collect$$libinit$$0000000F)
    __rt_lib_init_relocate_pie_1             0x0000030b   Thumb Code     0  libinit2.o(.ARM.Collect$$libinit$$00000004)
    __rt_lib_init_user_alloc_1               0x0000030b   Thumb Code     0  libinit2.o(.ARM.Collect$$libinit$$0000000E)
    __rt_lib_init_alloca_1                   0x0000030f   Thumb Code     0  libinit2.o(.ARM.Collect$$libinit$$00000030)
    __rt_lib_init_argv_1                     0x0000030f   Thumb Code     0  libinit2.o(.ARM.Collect$$libinit$$0000002E)
    __rt_lib_init_atexit_1                   0x0000030f   Thumb Code     0  libinit2.o(.ARM.Collect$$libinit$$0000001D)
    __rt_lib_init_clock_1                    0x0000030f   Thumb Code     0  libinit2.o(.ARM.Collect$$libinit$$00000023)
    __rt_lib_init_cpp_1                      0x0000030f   Thumb Code     0  libinit2.o(.ARM.Collect$$libinit$$00000034)
    __rt_lib_init_exceptions_1               0x0000030f   Thumb Code     0  libinit2.o(.ARM.Collect$$libinit$$00000032)
    __rt_lib_init_fp_trap_1                  0x0000030f   Thumb Code     0  libinit2.o(.ARM.Collect$$libinit$$00000021)
    __rt_lib_init_getenv_1                   0x0000030f   Thumb Code     0  libinit2.o(.ARM.Collect$$libinit$$00000025)
    __rt_lib_init_lc_collate_1               0x0000030f   Thumb Code     0  libinit2.o(.ARM.Collect$$libinit$$00000013)
    __rt_lib_init_lc_ctype_1                 0x0000030f   Thumb Code     0  libinit2.o(.ARM.Collect$$libinit$$00000015)
    __rt_lib_init_lc_monetary_1              0x0000030f   Thumb Code     0  libinit2.o(.ARM.Collect$$libinit$$00000017)
    __rt_lib_init_lc_numeric_1               0x0000030f   Thumb Code     0  libinit2.o(.ARM.Collect$$libinit$$00000019)
    __rt_lib_init_lc_time_1                  0x0000030f   Thumb Code     0  libinit2.o(.ARM.Collect$$libinit$$0000001B)
    __rt_lib_init_rand_1                     0x0000030f   Thumb Code     0  libinit2.o(.ARM.Collect$$libinit$$00000010)
    __rt_lib_init_return                     0x0000030f   Thumb Code     0  libinit2.o(.ARM.Collect$$libinit$$00000035)
    __rt_lib_init_signal_1                   0x0000030f   Thumb Code     0  libinit2.o(.ARM.Collect$$libinit$$0000001F)
    __rt_lib_init_stdio_1                    0x0000030f   Thumb Code     0  libinit2.o(.ARM.Collect$$libinit$$00000027)
    __rt_lib_shutdown                        0x00000311   Thumb Code     0  libshutdown.o(.ARM.Collect$$libshutdown$$00000000)
    __rt_lib_shutdown_cpp_1                  0x00000313   Thumb Code     0  libshutdown2.o(.ARM.Collect$$libshutdown$$00000002)
    __rt_lib_shutdown_fp_trap_1              0x00000313   Thumb Code     0  libshutdown2.o(.ARM.Collect$$libshutdown$$00000007)
    __rt_lib_shutdown_heap_1                 0x00000313   Thumb Code     0  libshutdown2.o(.ARM.Collect$$libshutdown$$0000000F)
    __rt_lib_shutdown_return                 0x00000313   Thumb Code     0  libshutdown2.o(.ARM.Collect$$libshutdown$$00000010)
    __rt_lib_shutdown_signal_1               0x00000313   Thumb Code     0  libshutdown2.o(.ARM.Collect$$libshutdown$$0000000A)
    __rt_lib_shutdown_stdio_1                0x00000313   Thumb Code     0  libshutdown2.o(.ARM.Collect$$libshutdown$$00000004)
    __rt_lib_shutdown_user_alloc_1           0x00000313   Thumb Code     0  libshutdown2.o(.ARM.Collect$$libshutdown$$0000000C)
    __rt_entry                               0x00000315   Thumb Code     0  __rtentry.o(.ARM.Collect$$rtentry$$00000000)
    __rt_entry_presh_1                       0x00000315   Thumb Code     0  __rtentry2.o(.ARM.Collect$$rtentry$$00000002)
    __rt_entry_sh                            0x00000315   Thumb Code     0  __rtentry4.o(.ARM.Collect$$rtentry$$00000004)
    __rt_entry_li                            0x0000031b   Thumb Code     0  __rtentry2.o(.ARM.Collect$$rtentry$$0000000A)
    __rt_entry_postsh_1                      0x0000031b   Thumb Code     0  __rtentry2.o(.ARM.Collect$$rtentry$$00000009)
    __rt_entry_main                          0x0000031f   Thumb Code     0  __rtentry2.o(.ARM.Collect$$rtentry$$0000000D)
    __rt_entry_postli_1                      0x0000031f   Thumb Code     0  __rtentry2.o(.ARM.Collect$$rtentry$$0000000C)
    __rt_exit                                0x00000327   Thumb Code     0  rtexit.o(.ARM.Collect$$rtexit$$00000000)
    __rt_exit_ls                             0x00000329   Thumb Code     0  rtexit2.o(.ARM.Collect$$rtexit$$00000003)
    __rt_exit_prels_1                        0x00000329   Thumb Code     0  rtexit2.o(.ARM.Collect$$rtexit$$00000002)
    __rt_exit_exit                           0x0000032d   Thumb Code     0  rtexit2.o(.ARM.Collect$$rtexit$$00000004)
    rand                                     0x00000335   Thumb Code    48  rand.o(.emb_text)
    DisableInterrupts                        0x00000369   Thumb Code     0  startup.o(.text)
    EnableInterrupts                         0x0000036d   Thumb Code     0  startup.o(.text)
    StartCritical                            0x00000371   Thumb Code     0  startup.o(.text)
    EndCritical                              0x00000379   Thumb Code     0  startup.o(.text)
    WaitForInterrupt                         0x0000037f   Thumb Code     0  startup.o(.text)
    __user_initial_stackheap                 0x00000383   Thumb Code     0  startup.o(.text)
    __2snprintf                              0x00000399   Thumb Code    58  noretval__2snprintf.o(.text)
    __printf                                 0x000003d9   Thumb Code   104  __printf.o(.text)
    _printf_str                              0x00000441   Thumb Code    82  _printf_str.o(.text)
    _printf_int_dec                          0x00000495   Thumb Code   104  _printf_dec.o(.text)
    srand                                    0x0000050d   Thumb Code    42  rand.o(.text)
    _rand_init                               0x00000537   Thumb Code     4  rand.o(.text)
    __aeabi_memmove                          0x00000549   Thumb Code     0  rt_memmove_v6.o(.text)
    __rt_memmove                             0x00000549   Thumb Code   132  rt_memmove_v6.o(.text)
    __memmove_lastfew                        0x000005a9   Thumb Code     0  rt_memmove_v6.o(.text)
    __use_two_region_memory                  0x000005cd   Thumb Code     2  heapauxi.o(.text)
    __rt_heap_escrow$2region                 0x000005cf   Thumb Code     2  heapauxi.o(.text)
    __rt_heap_expand$2region                 0x000005d1   Thumb Code     2  heapauxi.o(.text)
    _printf_int_common                       0x000005d3   Thumb Code   178  _printf_intcommon.o(.text)
    _printf_char_common                      0x0000068f   Thumb Code    32  _printf_char_common.o(.text)
    _snputc                                  0x000006b5   Thumb Code    16  _snputc.o(.text)
    _printf_cs_common                        0x000006c5   Thumb Code    20  _printf_char.o(.text)
    _printf_char                             0x000006d9   Thumb Code    16  _printf_char.o(.text)
    _printf_string                           0x000006e9   Thumb Code     8  _printf_char.o(.text)
    __aeabi_memcpy                           0x000006f1   Thumb Code     0  rt_memcpy_v6.o(.text)
    __rt_memcpy                              0x000006f1   Thumb Code   138  rt_memcpy_v6.o(.text)
    _memcpy_lastbytes                        0x00000757   Thumb Code     0  rt_memcpy_v6.o(.text)
    __aeabi_memmove4                         0x0000077b   Thumb Code     0  rt_memmove_w.o(.text)
    __aeabi_memmove8                         0x0000077b   Thumb Code     0  rt_memmove_w.o(.text)
    __rt_memmove_w                           0x0000077b   Thumb Code   122  rt_memmove_w.o(.text)
    __memmove_aligned                        0x000007a1   Thumb Code     0  rt_memmove_w.o(.text)
    __memmove_lastfew_aligned                0x000007d9   Thumb Code     0  rt_memmove_w.o(.text)
    __aeabi_memcpy4                          0x000007f5   Thumb Code     0  rt_memcpy_w.o(.text)
    __aeabi_memcpy8                          0x000007f5   Thumb Code     0  rt_memcpy_w.o(.text)
    __rt_memcpy_w                            0x000007f5   Thumb Code   100  rt_memcpy_w.o(.text)
    _memcpy_lastbytes_aligned                0x0000083d   Thumb Code     0  rt_memcpy_w.o(.text)
    __user_libspace                          0x00000859   Thumb Code     8  libspace.o(.text)
    __user_perproc_libspace                  0x00000859   Thumb Code     0  libspace.o(.text)
    __user_perthread_libspace                0x00000859   Thumb Code     0  libspace.o(.text)
    __user_setup_stackheap                   0x00000861   Thumb Code    74  sys_stackheap_outer.o(.text)
    exit                                     0x000008ab   Thumb Code    18  exit.o(.text)
    __I$use$semihosting                      0x000008bd   Thumb Code     0  use_no_semi.o(.text)
    __use_no_semihosting_swi                 0x000008bd   Thumb Code     2  use_no_semi.o(.text)
    __semihosting_library_function           0x000008bf   Thumb Code     0  indicate_semi.o(.text)
    _sys_exit                                0x000008c1   Thumb Code     8  sys_exit.o(.text)
    ADC0Seq1_Handler                         0x000008cd   Thumb Code    70  ftp_input.o(.text.ADC0Seq1_Handler)
    ADC0Seq2_Handler                         0x00000915   Thumb Code    70  ftp_input.o(.text.ADC0Seq2_Handler)
    Circuit_Parse                            0x0000095d   Thumb Code   332  ftp_input.o(.text.Circuit_Parse)
    Input_Init                               0x00000aa9   Thumb Code   188  ftp_input.o(.text.Input_Init)
    PLL_Init                                 0x00000b65   Thumb Code   106  pll.o(.text.PLL_Init)
    ST7735_initR                             0x00000bd1   Thumb Code   166  ftp_st7735r.o(.text.ST7735_initR)
    SysTick_Init                             0x00000c79   Thumb Code    26  systick.o(.text.SysTick_Init)
    SysTick_Wait10ms                         0x00000c95   Thumb Code    62  systick.o(.text.SysTick_Wait10ms)
    clearScreen                              0x00000cd5   Thumb Code   106  ftp_gfx.o(.text.clearScreen)
    commonInit                               0x00000d41   Thumb Code   280  ftp_st7735r.o(.text.commonInit)
    d_DrawCharS                              0x00000e59   Thumb Code   338  ftp_gfx.o(.text.d_DrawCharS)
    d_DrawString                             0x00000fad   Thumb Code   100  ftp_gfx.o(.text.d_DrawString)
    d_Rect                                   0x00001011   Thumb Code   292  ftp_gfx.o(.text.d_Rect)
    format_dec_text                          0x00001135   Thumb Code   104  ftp_gfx.o(.text.format_dec_text)
    format_text_dec                          0x000011a5   Thumb Code   100  ftp_gfx.o(.text.format_text_dec)
    main                                     0x00001211   Thumb Code   110  ftp_main.o(.text.main)
    menu_main                                0x00001281   Thumb Code   372  ftp_menu.o(.text.menu_main)
    notes_main                               0x000013f5   Thumb Code   228  ftp_notes.o(.text.notes_main)
    paint_main                               0x000014f1   Thumb Code   228  ftp_paint.o(.text.paint_main)
    pong_main                                0x000015ed   Thumb Code   228  ftp_pong.o(.text.pong_main)
    pushColor                                0x000016e9   Thumb Code    54  ftp_st7735r.o(.text.pushColor)
    r_Pixel                                  0x00001721   Thumb Code    22  ftp_gfx.o(.text.r_Pixel)
    r_Rect                                   0x00001739   Thumb Code    60  ftp_gfx.o(.text.r_Rect)
    render_notes_icon                        0x00001775   Thumb Code   402  ftp_menu.o(.text.render_notes_icon)
    render_paint_icon                        0x00001909   Thumb Code   454  ftp_menu.o(.text.render_paint_icon)
    render_snake_icon                        0x00001ad1   Thumb Code   400  ftp_menu.o(.text.render_snake_icon)
    render_tetris_icon                       0x00001c61   Thumb Code   288  ftp_menu.o(.text.render_tetris_icon)
    setAddrWindow                            0x00001d81   Thumb Code   314  ftp_st7735r.o(.text.setAddrWindow)
    setDirection                             0x00001ebd   Thumb Code   124  ftp_st7735r.o(.text.setDirection)
    snake_input                              0x00001f49   Thumb Code   126  ftp_snake.o(.text.snake_input)
    snake_main                               0x00001fc9   Thumb Code   344  ftp_snake.o(.text.snake_main)
    tetris_main                              0x00002121   Thumb Code   228  ftp_tetris.o(.text.tetris_main)
    update_appstate                          0x0000221d   Thumb Code   176  ftp_menu.o(.text.update_appstate)
    update_snake_gamestate                   0x000022cd   Thumb Code   660  ftp_snake.o(.text.update_snake_gamestate)
    Region$$Table$$Base                      0x00002a60   Number         0  anon$$obj.o(Region$$Table)
    Region$$Table$$Limit                     0x00002a80   Number         0  anon$$obj.o(Region$$Table)
    ICON_X                                   0x20000000   Data           5  ftp_menu.o(.data.ICON_X)
    ICON_Y                                   0x20000005   Data           5  ftp_menu.o(.data.ICON_Y)
    ScreenH                                  0x2000000a   Data           1  ftp_st7735r.o(.data.ScreenH)
    ScreenW                                  0x2000000b   Data           1  ftp_st7735r.o(.data.ScreenW)
    SnakeGameOver                            0x2000000c   Data          11  ftp_snake.o(.data.SnakeGameOver)
    SnakeGameScore                           0x20000017   Data           7  ftp_snake.o(.data.SnakeGameScore)
    SnakeYourScoreIs                         0x2000001e   Data          15  ftp_snake.o(.data.SnakeYourScoreIs)
    initCmdList                              0x2000002d   Data         113  ftp_st7735r.o(.data.initCmdList)
    _random_number_data                      0x200000a0   Data         228  rand.o(.bss)
    __libspace_start                         0x20000184   Data          96  libspace.o(.bss)
    IndexCircuit                             0x200001e4   Data           2  ftp_input.o(.bss.IndexCircuit)
    __temporary_stack_top$libspace           0x200001e4   Data           0  libspace.o(.bss)
    IndexFSR                                 0x200001e6   Data           2  ftp_input.o(.bss.IndexFSR)
    MiddleCircuit                            0x200001e8   Data           2  ftp_input.o(.bss.MiddleCircuit)
    MiddleFSR                                0x200001ea   Data           2  ftp_input.o(.bss.MiddleFSR)
    PinkyCircuit                             0x200001ec   Data           2  ftp_input.o(.bss.PinkyCircuit)
    PinkyFSR                                 0x200001ee   Data           2  ftp_input.o(.bss.PinkyFSR)
    RingCircuit                              0x200001f0   Data           2  ftp_input.o(.bss.RingCircuit)
    RingFSR                                  0x200001f2   Data           2  ftp_input.o(.bss.RingFSR)
    ScreenOrientation                        0x200001f4   Data           1  ftp_st7735r.o(.bss.ScreenOrientation)
    ScreenX                                  0x200001f5   Data           1  ftp_st7735r.o(.bss.ScreenX)
    ScreenY                                  0x200001f6   Data           1  ftp_st7735r.o(.bss.ScreenY)



==============================================================================

Memory Map of the image

  Image Entry point : 0x0000026d

  Load Region LR_1 (Base: 0x00000000, Size: 0x00002b20, Max: 0xffffffff, ABSOLUTE)

    Execution Region ER_RO (Exec base: 0x00000000, Load base: 0x00000000, Size: 0x00002a80, Max: 0xffffffff, ABSOLUTE)

    Exec Addr    Load Addr    Size         Type   Attr      Idx    E Section Name        Object

    0x00000000   0x00000000   0x00000284   Code   RO          130  * RESET               startup.o
    0x00000284   0x00000284   0x00000008   Code   RO          385  * !!!main             c_w.l(__main.o)
    0x0000028c   0x0000028c   0x00000034   Code   RO          656    !!!scatter          c_w.l(__scatter.o)
    0x000002c0   0x000002c0   0x0000001a   Code   RO          658    !!handler_copy      c_w.l(__scatter_copy.o)
    0x000002da   0x000002da   0x00000002   PAD
    0x000002dc   0x000002dc   0x0000001c   Code   RO          660    !!handler_zi        c_w.l(__scatter_zi.o)
    0x000002f8   0x000002f8   0x00000000   Code   RO          375    .ARM.Collect$$_printf_percent$$00000000  c_w.l(_printf_percent.o)
    0x000002f8   0x000002f8   0x00000006   Code   RO          374    .ARM.Collect$$_printf_percent$$00000009  c_w.l(_printf_d.o)
    0x000002fe   0x000002fe   0x00000006   Code   RO          373    .ARM.Collect$$_printf_percent$$00000014  c_w.l(_printf_s.o)
    0x00000304   0x00000304   0x00000004   Code   RO          426    .ARM.Collect$$_printf_percent$$00000017  c_w.l(_printf_percent_end.o)
    0x00000308   0x00000308   0x00000002   Code   RO          568    .ARM.Collect$$libinit$$00000000  c_w.l(libinit.o)
    0x0000030a   0x0000030a   0x00000000   Code   RO          432    .ARM.Collect$$libinit$$00000002  c_w.l(libinit2.o)
    0x0000030a   0x0000030a   0x00000000   Code   RO          434    .ARM.Collect$$libinit$$00000004  c_w.l(libinit2.o)
    0x0000030a   0x0000030a   0x00000000   Code   RO          436    .ARM.Collect$$libinit$$00000006  c_w.l(libinit2.o)
    0x0000030a   0x0000030a   0x00000000   Code   RO          439    .ARM.Collect$$libinit$$0000000C  c_w.l(libinit2.o)
    0x0000030a   0x0000030a   0x00000000   Code   RO          441    .ARM.Collect$$libinit$$0000000E  c_w.l(libinit2.o)
    0x0000030a   0x0000030a   0x00000004   Code   RO          442    .ARM.Collect$$libinit$$0000000F  c_w.l(libinit2.o)
    0x0000030e   0x0000030e   0x00000000   Code   RO          443    .ARM.Collect$$libinit$$00000010  c_w.l(libinit2.o)
    0x0000030e   0x0000030e   0x00000000   Code   RO          446    .ARM.Collect$$libinit$$00000013  c_w.l(libinit2.o)
    0x0000030e   0x0000030e   0x00000000   Code   RO          448    .ARM.Collect$$libinit$$00000015  c_w.l(libinit2.o)
    0x0000030e   0x0000030e   0x00000000   Code   RO          450    .ARM.Collect$$libinit$$00000017  c_w.l(libinit2.o)
    0x0000030e   0x0000030e   0x00000000   Code   RO          452    .ARM.Collect$$libinit$$00000019  c_w.l(libinit2.o)
    0x0000030e   0x0000030e   0x00000000   Code   RO          454    .ARM.Collect$$libinit$$0000001B  c_w.l(libinit2.o)
    0x0000030e   0x0000030e   0x00000000   Code   RO          456    .ARM.Collect$$libinit$$0000001D  c_w.l(libinit2.o)
    0x0000030e   0x0000030e   0x00000000   Code   RO          458    .ARM.Collect$$libinit$$0000001F  c_w.l(libinit2.o)
    0x0000030e   0x0000030e   0x00000000   Code   RO          460    .ARM.Collect$$libinit$$00000021  c_w.l(libinit2.o)
    0x0000030e   0x0000030e   0x00000000   Code   RO          462    .ARM.Collect$$libinit$$00000023  c_w.l(libinit2.o)
    0x0000030e   0x0000030e   0x00000000   Code   RO          464    .ARM.Collect$$libinit$$00000025  c_w.l(libinit2.o)
    0x0000030e   0x0000030e   0x00000000   Code   RO          466    .ARM.Collect$$libinit$$00000027  c_w.l(libinit2.o)
    0x0000030e   0x0000030e   0x00000000   Code   RO          470    .ARM.Collect$$libinit$$0000002E  c_w.l(libinit2.o)
    0x0000030e   0x0000030e   0x00000000   Code   RO          472    .ARM.Collect$$libinit$$00000030  c_w.l(libinit2.o)
    0x0000030e   0x0000030e   0x00000000   Code   RO          474    .ARM.Collect$$libinit$$00000032  c_w.l(libinit2.o)
    0x0000030e   0x0000030e   0x00000000   Code   RO          476    .ARM.Collect$$libinit$$00000034  c_w.l(libinit2.o)
    0x0000030e   0x0000030e   0x00000002   Code   RO          477    .ARM.Collect$$libinit$$00000035  c_w.l(libinit2.o)
    0x00000310   0x00000310   0x00000002   Code   RO          615    .ARM.Collect$$libshutdown$$00000000  c_w.l(libshutdown.o)
    0x00000312   0x00000312   0x00000000   Code   RO          623    .ARM.Collect$$libshutdown$$00000002  c_w.l(libshutdown2.o)
    0x00000312   0x00000312   0x00000000   Code   RO          625    .ARM.Collect$$libshutdown$$00000004  c_w.l(libshutdown2.o)
    0x00000312   0x00000312   0x00000000   Code   RO          628    .ARM.Collect$$libshutdown$$00000007  c_w.l(libshutdown2.o)
    0x00000312   0x00000312   0x00000000   Code   RO          631    .ARM.Collect$$libshutdown$$0000000A  c_w.l(libshutdown2.o)
    0x00000312   0x00000312   0x00000000   Code   RO          633    .ARM.Collect$$libshutdown$$0000000C  c_w.l(libshutdown2.o)
    0x00000312   0x00000312   0x00000000   Code   RO          636    .ARM.Collect$$libshutdown$$0000000F  c_w.l(libshutdown2.o)
    0x00000312   0x00000312   0x00000002   Code   RO          637    .ARM.Collect$$libshutdown$$00000010  c_w.l(libshutdown2.o)
    0x00000314   0x00000314   0x00000000   Code   RO          415    .ARM.Collect$$rtentry$$00000000  c_w.l(__rtentry.o)
    0x00000314   0x00000314   0x00000000   Code   RO          517    .ARM.Collect$$rtentry$$00000002  c_w.l(__rtentry2.o)
    0x00000314   0x00000314   0x00000006   Code   RO          529    .ARM.Collect$$rtentry$$00000004  c_w.l(__rtentry4.o)
    0x0000031a   0x0000031a   0x00000000   Code   RO          519    .ARM.Collect$$rtentry$$00000009  c_w.l(__rtentry2.o)
    0x0000031a   0x0000031a   0x00000004   Code   RO          520    .ARM.Collect$$rtentry$$0000000A  c_w.l(__rtentry2.o)
    0x0000031e   0x0000031e   0x00000000   Code   RO          522    .ARM.Collect$$rtentry$$0000000C  c_w.l(__rtentry2.o)
    0x0000031e   0x0000031e   0x00000008   Code   RO          523    .ARM.Collect$$rtentry$$0000000D  c_w.l(__rtentry2.o)
    0x00000326   0x00000326   0x00000002   Code   RO          577    .ARM.Collect$$rtexit$$00000000  c_w.l(rtexit.o)
    0x00000328   0x00000328   0x00000000   Code   RO          591    .ARM.Collect$$rtexit$$00000002  c_w.l(rtexit2.o)
    0x00000328   0x00000328   0x00000004   Code   RO          592    .ARM.Collect$$rtexit$$00000003  c_w.l(rtexit2.o)
    0x0000032c   0x0000032c   0x00000006   Code   RO          593    .ARM.Collect$$rtexit$$00000004  c_w.l(rtexit2.o)
    0x00000332   0x00000332   0x00000002   PAD
    0x00000334   0x00000334   0x00000034   Code   RO          376    .emb_text           c_w.l(rand.o)
    0x00000368   0x00000368   0x00000030   Code   RO          131    .text               startup.o
    0x00000398   0x00000398   0x00000040   Code   RO          345    .text               c_w.l(noretval__2snprintf.o)
    0x000003d8   0x000003d8   0x00000068   Code   RO          347    .text               c_w.l(__printf.o)
    0x00000440   0x00000440   0x00000052   Code   RO          349    .text               c_w.l(_printf_str.o)
    0x00000492   0x00000492   0x00000002   PAD
    0x00000494   0x00000494   0x00000078   Code   RO          351    .text               c_w.l(_printf_dec.o)
    0x0000050c   0x0000050c   0x0000003c   Code   RO          377    .text               c_w.l(rand.o)
    0x00000548   0x00000548   0x00000084   Code   RO          381    .text               c_w.l(rt_memmove_v6.o)
    0x000005cc   0x000005cc   0x00000006   Code   RO          383    .text               c_w.l(heapauxi.o)
    0x000005d2   0x000005d2   0x000000b2   Code   RO          418    .text               c_w.l(_printf_intcommon.o)
    0x00000684   0x00000684   0x00000030   Code   RO          420    .text               c_w.l(_printf_char_common.o)
    0x000006b4   0x000006b4   0x00000010   Code   RO          422    .text               c_w.l(_snputc.o)
    0x000006c4   0x000006c4   0x0000002c   Code   RO          424    .text               c_w.l(_printf_char.o)
    0x000006f0   0x000006f0   0x0000008a   Code   RO          427    .text               c_w.l(rt_memcpy_v6.o)
    0x0000077a   0x0000077a   0x0000007a   Code   RO          429    .text               c_w.l(rt_memmove_w.o)
    0x000007f4   0x000007f4   0x00000064   Code   RO          538    .text               c_w.l(rt_memcpy_w.o)
    0x00000858   0x00000858   0x00000008   Code   RO          552    .text               c_w.l(libspace.o)
    0x00000860   0x00000860   0x0000004a   Code   RO          555    .text               c_w.l(sys_stackheap_outer.o)
    0x000008aa   0x000008aa   0x00000012   Code   RO          557    .text               c_w.l(exit.o)
    0x000008bc   0x000008bc   0x00000002   Code   RO          587    .text               c_w.l(use_no_semi.o)
    0x000008be   0x000008be   0x00000000   Code   RO          589    .text               c_w.l(indicate_semi.o)
    0x000008be   0x000008be   0x00000002   PAD
    0x000008c0   0x000008c0   0x0000000c   Code   RO          605    .text               c_w.l(sys_exit.o)
    0x000008cc   0x000008cc   0x00000046   Code   RO          140    .text.ADC0Seq1_Handler  ftp_input.o
    0x00000912   0x00000912   0x00000002   PAD
    0x00000914   0x00000914   0x00000046   Code   RO          142    .text.ADC0Seq2_Handler  ftp_input.o
    0x0000095a   0x0000095a   0x00000002   PAD
    0x0000095c   0x0000095c   0x0000014c   Code   RO          146    .text.Circuit_Parse  ftp_input.o
    0x00000aa8   0x00000aa8   0x000000bc   Code   RO          152    .text.Input_Init    ftp_input.o
    0x00000b64   0x00000b64   0x0000006a   Code   RO          107    .text.PLL_Init      pll.o
    0x00000bce   0x00000bce   0x00000002   PAD
    0x00000bd0   0x00000bd0   0x000000a6   Code   RO           91    .text.ST7735_initR  ftp_st7735r.o
    0x00000c76   0x00000c76   0x00000002   PAD
    0x00000c78   0x00000c78   0x0000001a   Code   RO          115    .text.SysTick_Init  systick.o
    0x00000c92   0x00000c92   0x00000002   PAD
    0x00000c94   0x00000c94   0x0000003e   Code   RO          119    .text.SysTick_Wait10ms  systick.o
    0x00000cd2   0x00000cd2   0x00000002   PAD
    0x00000cd4   0x00000cd4   0x0000006a   Code   RO           14    .text.clearScreen   ftp_gfx.o
    0x00000d3e   0x00000d3e   0x00000002   PAD
    0x00000d40   0x00000d40   0x00000118   Code   RO           87    .text.commonInit    ftp_st7735r.o
    0x00000e58   0x00000e58   0x00000152   Code   RO           32    .text.d_DrawCharS   ftp_gfx.o
    0x00000faa   0x00000faa   0x00000002   PAD
    0x00000fac   0x00000fac   0x00000064   Code   RO           30    .text.d_DrawString  ftp_gfx.o
    0x00001010   0x00001010   0x00000124   Code   RO           26    .text.d_Rect        ftp_gfx.o
    0x00001134   0x00001134   0x00000070   Code   RO           34    .text.format_dec_text  ftp_gfx.o
    0x000011a4   0x000011a4   0x0000006c   Code   RO           36    .text.format_text_dec  ftp_gfx.o
    0x00001210   0x00001210   0x0000006e   Code   RO           50    .text.main          ftp_main.o
    0x0000127e   0x0000127e   0x00000002   PAD
    0x00001280   0x00001280   0x00000174   Code   RO          188    .text.menu_main     ftp_menu.o
    0x000013f4   0x000013f4   0x000000fc   Code   RO          210    .text.notes_main    ftp_notes.o
    0x000014f0   0x000014f0   0x000000fc   Code   RO          221    .text.paint_main    ftp_paint.o
    0x000015ec   0x000015ec   0x000000fc   Code   RO          261    .text.pong_main     ftp_pong.o
    0x000016e8   0x000016e8   0x00000036   Code   RO           83    .text.pushColor     ftp_st7735r.o
    0x0000171e   0x0000171e   0x00000002   PAD
    0x00001720   0x00001720   0x00000016   Code   RO           20    .text.r_Pixel       ftp_gfx.o
    0x00001736   0x00001736   0x00000002   PAD
    0x00001738   0x00001738   0x0000003c   Code   RO           18    .text.r_Rect        ftp_gfx.o
    0x00001774   0x00001774   0x00000192   Code   RO          178    .text.render_notes_icon  ftp_menu.o
    0x00001906   0x00001906   0x00000002   PAD
    0x00001908   0x00001908   0x000001c6   Code   RO          176    .text.render_paint_icon  ftp_menu.o
    0x00001ace   0x00001ace   0x00000002   PAD
    0x00001ad0   0x00001ad0   0x00000190   Code   RO          172    .text.render_snake_icon  ftp_menu.o
    0x00001c60   0x00001c60   0x00000120   Code   RO          170    .text.render_tetris_icon  ftp_menu.o
    0x00001d80   0x00001d80   0x0000013a   Code   RO           81    .text.setAddrWindow  ftp_st7735r.o
    0x00001eba   0x00001eba   0x00000002   PAD
    0x00001ebc   0x00001ebc   0x0000008c   Code   RO           85    .text.setDirection  ftp_st7735r.o
    0x00001f48   0x00001f48   0x0000007e   Code   RO          274    .text.snake_input   ftp_snake.o
    0x00001fc6   0x00001fc6   0x00000002   PAD
    0x00001fc8   0x00001fc8   0x00000158   Code   RO          296    .text.snake_main    ftp_snake.o
    0x00002120   0x00002120   0x000000fc   Code   RO          330    .text.tetris_main   ftp_tetris.o
    0x0000221c   0x0000221c   0x000000b0   Code   RO          186    .text.update_appstate  ftp_menu.o
    0x000022cc   0x000022cc   0x00000294   Code   RO          290    .text.update_snake_gamestate  ftp_snake.o
    0x00002560   0x00002560   0x000004fb   Data   RO           39    .rodata.Font        ftp_gfx.o
    0x00002a5b   0x00002a5b   0x00000002   Data   RO          301    .rodata.str1.1      ftp_snake.o
    0x00002a5d   0x00002a5d   0x00000003   PAD
    0x00002a60   0x00002a60   0x00000020   Data   RO          655    Region$$Table       anon$$obj.o


    Execution Region ER_RW (Exec base: 0x20000000, Load base: 0x00002a80, Size: 0x000000a0, Max: 0xffffffff, ABSOLUTE)

    Exec Addr    Load Addr    Size         Type   Attr      Idx    E Section Name        Object

    0x20000000   0x00002a80   0x00000005   Data   RW          190    .data.ICON_X        ftp_menu.o
    0x20000005   0x00002a85   0x00000005   Data   RW          191    .data.ICON_Y        ftp_menu.o
    0x2000000a   0x00002a8a   0x00000001   Data   RW           97    .data.ScreenH       ftp_st7735r.o
    0x2000000b   0x00002a8b   0x00000001   Data   RW           96    .data.ScreenW       ftp_st7735r.o
    0x2000000c   0x00002a8c   0x0000000b   Data   RW          299    .data.SnakeGameOver  ftp_snake.o
    0x20000017   0x00002a97   0x00000007   Data   RW          298    .data.SnakeGameScore  ftp_snake.o
    0x2000001e   0x00002a9e   0x0000000f   Data   RW          300    .data.SnakeYourScoreIs  ftp_snake.o
    0x2000002d   0x00002aad   0x00000071   Data   RW           98    .data.initCmdList   ftp_st7735r.o


    Execution Region ER_ZI (Exec base: 0x200000a0, Load base: 0x00002b20, Size: 0x00000558, Max: 0xffffffff, ABSOLUTE)

    Exec Addr    Load Addr    Size         Type   Attr      Idx    E Section Name        Object

    0x200000a0        -       0x000000e4   Zero   RW          378    .bss                c_w.l(rand.o)
    0x20000184        -       0x00000060   Zero   RW          553    .bss                c_w.l(libspace.o)
    0x200001e4        -       0x00000002   Zero   RW          154    .bss.IndexCircuit   ftp_input.o
    0x200001e6        -       0x00000002   Zero   RW          158    .bss.IndexFSR       ftp_input.o
    0x200001e8        -       0x00000002   Zero   RW          155    .bss.MiddleCircuit  ftp_input.o
    0x200001ea        -       0x00000002   Zero   RW          159    .bss.MiddleFSR      ftp_input.o
    0x200001ec        -       0x00000002   Zero   RW          157    .bss.PinkyCircuit   ftp_input.o
    0x200001ee        -       0x00000002   Zero   RW          161    .bss.PinkyFSR       ftp_input.o
    0x200001f0        -       0x00000002   Zero   RW          156    .bss.RingCircuit    ftp_input.o
    0x200001f2        -       0x00000002   Zero   RW          160    .bss.RingFSR        ftp_input.o
    0x200001f4        -       0x00000001   Zero   RW           93    .bss.ScreenOrientation  ftp_st7735r.o
    0x200001f5        -       0x00000001   Zero   RW           94    .bss.ScreenX        ftp_st7735r.o
    0x200001f6        -       0x00000001   Zero   RW           95    .bss.ScreenY        ftp_st7735r.o
    0x200001f7   0x00002b20   0x00000001   PAD
    0x200001f8        -       0x00000000   Zero   RW          129    HEAP                startup.o
    0x200001f8        -       0x00000400   Zero   RW          128    STACK               startup.o


==============================================================================

Image component sizes


      Code (inc. data)   RO Data    RW Data    ZI Data      Debug   Object Name

      1138         16       1275          0          0      11748   ftp_gfx.o
       660          0          0          0         16       2340   ftp_input.o
       110          6          0          0          0       1417   ftp_main.o
      2092          0          0         10          0       4192   ftp_menu.o
       252         24          0          0          0       2785   ftp_notes.o
       252         24          0          0          0        768   ftp_paint.o
       252         24          0          0          0       6103   ftp_pong.o
      1130         38          2         33          0       6204   ftp_snake.o
       954         16          0        115          3       5348   ftp_st7735r.o
       252         24          0          0          0       4793   ftp_tetris.o
       106          0          0          0          0        503   pll.o
       692        632          0          0       1024        972   startup.o
        88          0          0          0          0       1169   systick.o

    ----------------------------------------------------------------------
      8008        804       1312        160       1044      48342   Object Totals
         0          0         32          0          0          0   (incl. Generated)
        30          0          3          2          1          0   (incl. Padding)

    ----------------------------------------------------------------------

      Code (inc. data)   RO Data    RW Data    ZI Data      Debug   Library Member Name

         8          0          0          0          0         68   __main.o
       104          0          0          0          0         84   __printf.o
         0          0          0          0          0          0   __rtentry.o
        12          0          0          0          0          0   __rtentry2.o
         6          0          0          0          0          0   __rtentry4.o
        52          8          0          0          0          0   __scatter.o
        26          0          0          0          0          0   __scatter_copy.o
        28          0          0          0          0          0   __scatter_zi.o
        44          0          0          0          0        108   _printf_char.o
        48          6          0          0          0         96   _printf_char_common.o
         6          0          0          0          0          0   _printf_d.o
       120         16          0          0          0         92   _printf_dec.o
       178          0          0          0          0         88   _printf_intcommon.o
         0          0          0          0          0          0   _printf_percent.o
         4          0          0          0          0          0   _printf_percent_end.o
         6          0          0          0          0          0   _printf_s.o
        82          0          0          0          0         80   _printf_str.o
        16          0          0          0          0         68   _snputc.o
        18          0          0          0          0         80   exit.o
         6          0          0          0          0        152   heapauxi.o
         0          0          0          0          0          0   indicate_semi.o
         2          0          0          0          0          0   libinit.o
         6          0          0          0          0          0   libinit2.o
         2          0          0          0          0          0   libshutdown.o
         2          0          0          0          0          0   libshutdown2.o
         8          4          0          0         96         68   libspace.o
        64          6          0          0          0         84   noretval__2snprintf.o
       112         18          0          0        228        160   rand.o
       138          0          0          0          0         68   rt_memcpy_v6.o
       100          0          0          0          0         80   rt_memcpy_w.o
       132          0          0          0          0         68   rt_memmove_v6.o
       122          0          0          0          0         80   rt_memmove_w.o
         2          0          0          0          0          0   rtexit.o
        10          0          0          0          0          0   rtexit2.o
        12          4          0          0          0         68   sys_exit.o
        74          0          0          0          0         80   sys_stackheap_outer.o
         2          0          0          0          0         68   use_no_semi.o

    ----------------------------------------------------------------------
      1560         62          0          0        324       1740   Library Totals
         8          0          0          0          0          0   (incl. Padding)

    ----------------------------------------------------------------------

      Code (inc. data)   RO Data    RW Data    ZI Data      Debug   Library Name

      1552         62          0          0        324       1740   c_w.l

    ----------------------------------------------------------------------
      1560         62          0          0        324       1740   Library Totals

    ----------------------------------------------------------------------

==============================================================================


      Code (inc. data)   RO Data    RW Data    ZI Data      Debug   

      9568        866       1312        160       1368      49026   Grand Totals
      9568        866       1312        160       1368      49026   ELF Image Totals
      9568        866       1312        160          0          0   ROM Totals

==============================================================================

    Total RO  Size (Code + RO Data)                10880 (  10.62kB)
    Total RW  Size (RW Data + ZI Data)              1528 (   1.49kB)
    Total ROM Size (Code + RO Data + RW Data)      11040 (  10.78kB)

==============================================================================

