Component: ARM Compiler 5.05 update 1 (build 106) Tool: armlink [4d0efa]

==============================================================================

Section Cross References

    ftp_gfx.o(i.c_Bifill) refers to ftp_st7735r.o(i.pushColor) for pushColor
    ftp_gfx.o(i.c_Fill) refers to ftp_st7735r.o(i.pushColor) for pushColor
    ftp_gfx.o(i.clearScreen) refers to ftp_st7735r.o(i.setAddrWindow) for setAddrWindow
    ftp_gfx.o(i.clearScreen) refers to ftp_gfx.o(i.v_Count) for v_Count
    ftp_gfx.o(i.clearScreen) refers to ftp_gfx.o(i.c_Fill) for c_Fill
    ftp_gfx.o(i.clearScreen) refers to ftp_st7735r.o(.data) for ScreenH
    ftp_gfx.o(i.d_Circle) refers to dflt_clz.o(x$fpl$dflt) for __aeabi_i2d
    ftp_gfx.o(i.d_Circle) refers to dmul.o(x$fpl$dmul) for __aeabi_dmul
    ftp_gfx.o(i.d_Circle) refers to ddiv.o(x$fpl$ddiv) for __aeabi_ddiv
    ftp_gfx.o(i.d_Circle) refers to floor.o(i.floor) for floor
    ftp_gfx.o(i.d_Circle) refers to dfix.o(x$fpl$dfix) for __aeabi_d2iz
    ftp_gfx.o(i.d_Circle) refers to cos.o(i.cos) for cos
    ftp_gfx.o(i.d_Circle) refers to dflt_clz.o(x$fpl$dfltu) for __aeabi_ui2d
    ftp_gfx.o(i.d_Circle) refers to sin.o(i.sin) for sin
    ftp_gfx.o(i.d_Circle) refers to ftp_gfx.o(i.r_Rect) for r_Rect
    ftp_gfx.o(i.d_DrawCharS) refers to ftp_gfx.o(i.r_Rect) for r_Rect
    ftp_gfx.o(i.d_DrawCharS) refers to ftp_gfx.o(i.r_Pixel) for r_Pixel
    ftp_gfx.o(i.d_DrawCharS) refers to ftp_st7735r.o(.data) for ScreenW
    ftp_gfx.o(i.d_DrawCharS) refers to ftp_gfx.o(.constdata) for .constdata
    ftp_gfx.o(i.d_DrawString) refers to ftp_gfx.o(i.d_DrawCharS) for d_DrawCharS
    ftp_gfx.o(i.d_Rect) refers to ftp_gfx.o(i.r_Rect) for r_Rect
    ftp_gfx.o(i.format_dec_text) refers to _printf_percent.o(.ARM.Collect$$_printf_percent$$00000000) for _printf_percent
    ftp_gfx.o(i.format_dec_text) refers to _printf_d.o(.ARM.Collect$$_printf_percent$$00000009) for _printf_d
    ftp_gfx.o(i.format_dec_text) refers to _printf_s.o(.ARM.Collect$$_printf_percent$$00000014) for _printf_s
    ftp_gfx.o(i.format_dec_text) refers to _printf_dec.o(.text) for _printf_int_dec
    ftp_gfx.o(i.format_dec_text) refers to _printf_str.o(.text) for _printf_str
    ftp_gfx.o(i.format_dec_text) refers to noretval__2snprintf.o(.text) for __2snprintf
    ftp_gfx.o(i.format_dec_text) refers to ftp_gfx.o(i.d_DrawString) for d_DrawString
    ftp_gfx.o(i.format_text_dec) refers to _printf_percent.o(.ARM.Collect$$_printf_percent$$00000000) for _printf_percent
    ftp_gfx.o(i.format_text_dec) refers to _printf_d.o(.ARM.Collect$$_printf_percent$$00000009) for _printf_d
    ftp_gfx.o(i.format_text_dec) refers to _printf_s.o(.ARM.Collect$$_printf_percent$$00000014) for _printf_s
    ftp_gfx.o(i.format_text_dec) refers to _printf_dec.o(.text) for _printf_int_dec
    ftp_gfx.o(i.format_text_dec) refers to _printf_str.o(.text) for _printf_str
    ftp_gfx.o(i.format_text_dec) refers to noretval__2snprintf.o(.text) for __2snprintf
    ftp_gfx.o(i.format_text_dec) refers to ftp_gfx.o(i.d_DrawString) for d_DrawString
    ftp_gfx.o(i.r_Line) refers to rt_memclr_w.o(.text) for __aeabi_memclr4
    ftp_gfx.o(i.r_Pixel) refers to ftp_st7735r.o(i.setAddrWindow) for setAddrWindow
    ftp_gfx.o(i.r_Pixel) refers to ftp_st7735r.o(i.pushColor) for pushColor
    ftp_gfx.o(i.r_Rect) refers to ftp_st7735r.o(i.setAddrWindow) for setAddrWindow
    ftp_gfx.o(i.r_Rect) refers to ftp_gfx.o(i.v_Count) for v_Count
    ftp_gfx.o(i.r_Rect) refers to ftp_gfx.o(i.c_Fill) for c_Fill
    ftp_gfx.o(i.t_Random) refers to rand.o(.emb_text) for rand
    ftp_gfx.o(i.t_RandomPixels) refers to ftp_gfx.o(i.t_Random) for t_Random
    ftp_gfx.o(i.t_RandomPixels) refers to ftp_gfx.o(i.r_Pixel) for r_Pixel
    ftp_gfx.o(i.t_RandomPixels) refers to systick.o(i.SysTick_Wait10ms) for SysTick_Wait10ms
    ftp_gfx.o(i.t_RandomPixels) refers to ftp_gfx.o(.constdata) for .constdata
    ftp_main.o(i.main) refers to ftp_main.o(i.init_appstate) for init_appstate
    ftp_main.o(i.main) refers to pll.o(i.PLL_Init) for PLL_Init
    ftp_main.o(i.main) refers to systick.o(i.SysTick_Init) for SysTick_Init
    ftp_main.o(i.main) refers to ftp_input.o(i.Input_Init) for Input_Init
    ftp_main.o(i.main) refers to ftp_apptimer.o(i.AppTimer_Init) for AppTimer_Init
    ftp_main.o(i.main) refers to ftp_st7735r.o(i.ST7735_initR) for ST7735_initR
    ftp_main.o(i.main) refers to ftp_gfx.o(i.clearScreen) for clearScreen
    ftp_main.o(i.main) refers to ftp_st7735r.o(i.setDirection) for setDirection
    ftp_main.o(i.main) refers to ftp_menu.o(i.menu_main) for menu_main
    ftp_main.o(i.main) refers to startup.o(.text) for WaitForInterrupt
    ftp_main.o(i.main) refers to ftp_snake.o(i.snake_main) for snake_main
    ftp_main.o(i.main) refers to ftp_pong.o(i.pong_main) for pong_main
    ftp_main.o(i.main) refers to ftp_tetris.o(i.tetris_main) for tetris_main
    ftp_main.o(i.main) refers to ftp_notes.o(i.notes_main) for notes_main
[...]
    _get_argv_nomalloc.o(.text) refers to defsig_rtmem_outer.o(.text) for __rt_SIGRTMEM
    _get_argv_nomalloc.o(.text) refers to sys_command.o(.text) for _sys_command_string
    libinit.o(.ARM.Collect$$libinit$$00000000) refers (Special) to libinit2.o(.ARM.Collect$$libinit$$0000002E) for __rt_lib_init_alloca_1
    libinit.o(.ARM.Collect$$libinit$$00000000) refers (Special) to libinit2.o(.ARM.Collect$$libinit$$0000002C) for __rt_lib_init_argv_1
    libinit.o(.ARM.Collect$$libinit$$00000000) refers (Special) to libinit2.o(.ARM.Collect$$libinit$$0000001B) for __rt_lib_init_atexit_1
    libinit.o(.ARM.Collect$$libinit$$00000000) refers (Special) to libinit2.o(.ARM.Collect$$libinit$$00000021) for __rt_lib_init_clock_1
    libinit.o(.ARM.Collect$$libinit$$00000000) refers (Special) to libinit2.o(.ARM.Collect$$libinit$$00000032) for __rt_lib_init_cpp_1
    libinit.o(.ARM.Collect$$libinit$$00000000) refers (Special) to libinit2.o(.ARM.Collect$$libinit$$00000030) for __rt_lib_init_exceptions_1
    libinit.o(.ARM.Collect$$libinit$$00000000) refers (Special) to libinit2.o(.ARM.Collect$$libinit$$00000002) for __rt_lib_init_fp_1
    libinit.o(.ARM.Collect$$libinit$$00000000) refers (Special) to libinit2.o(.ARM.Collect$$libinit$$0000001F) for __rt_lib_init_fp_trap_1
    libinit.o(.ARM.Collect$$libinit$$00000000) refers (Special) to libinit2.o(.ARM.Collect$$libinit$$00000023) for __rt_lib_init_getenv_1
    libinit.o(.ARM.Collect$$libinit$$00000000) refers (Special) to libinit2.o(.ARM.Collect$$libinit$$0000000A) for __rt_lib_init_heap_1
    libinit.o(.ARM.Collect$$libinit$$00000000) refers (Special) to libinit2.o(.ARM.Collect$$libinit$$00000011) for __rt_lib_init_lc_collate_1
    libinit.o(.ARM.Collect$$libinit$$00000000) refers (Special) to libinit2.o(.ARM.Collect$$libinit$$00000013) for __rt_lib_init_lc_ctype_1
    libinit.o(.ARM.Collect$$libinit$$00000000) refers (Special) to libinit2.o(.ARM.Collect$$libinit$$00000015) for __rt_lib_init_lc_monetary_1
    libinit.o(.ARM.Collect$$libinit$$00000000) refers (Special) to libinit2.o(.ARM.Collect$$libinit$$00000017) for __rt_lib_init_lc_numeric_1
    libinit.o(.ARM.Collect$$libinit$$00000000) refers (Special) to libinit2.o(.ARM.Collect$$libinit$$00000019) for __rt_lib_init_lc_time_1
    libinit.o(.ARM.Collect$$libinit$$00000000) refers (Special) to libinit2.o(.ARM.Collect$$libinit$$00000004) for __rt_lib_init_preinit_1
    libinit.o(.ARM.Collect$$libinit$$00000000) refers (Special) to libinit2.o(.ARM.Collect$$libinit$$0000000E) for __rt_lib_init_rand_1
    libinit.o(.ARM.Collect$$libinit$$00000000) refers (Special) to libinit2.o(.ARM.Collect$$libinit$$00000033) for __rt_lib_init_return
    libinit.o(.ARM.Collect$$libinit$$00000000) refers (Special) to libinit2.o(.ARM.Collect$$libinit$$0000001D) for __rt_lib_init_signal_1
    libinit.o(.ARM.Collect$$libinit$$00000000) refers (Special) to libinit2.o(.ARM.Collect$$libinit$$00000025) for __rt_lib_init_stdio_1
    libinit.o(.ARM.Collect$$libinit$$00000000) refers (Special) to libinit2.o(.ARM.Collect$$libinit$$0000000C) for __rt_lib_init_user_alloc_1
    dcheck1.o(x$fpl$dcheck1) refers (Special) to usenofp.o(x$fpl$usenofp) for __I$use$fp
    dcheck1.o(x$fpl$dcheck1) refers to retnan.o(x$fpl$retnan) for __fpl_return_NaN
    dcmpi.o(x$fpl$dcmpinf) refers (Special) to usenofp.o(x$fpl$usenofp) for __I$use$fp
    sys_command.o(.text) refers (Special) to use_no_semi.o(.text) for __I$use$semihosting
    sys_command.o(.text) refers (Special) to indicate_semi.o(.text) for __semihosting_library_function
    rtexit.o(.ARM.Collect$$rtexit$$00000000) refers (Special) to rtexit2.o(.ARM.Collect$$rtexit$$00000004) for __rt_exit_exit
    rtexit.o(.ARM.Collect$$rtexit$$00000000) refers (Special) to rtexit2.o(.ARM.Collect$$rtexit$$00000003) for __rt_exit_ls
    rtexit.o(.ARM.Collect$$rtexit$$00000000) refers (Special) to rtexit2.o(.ARM.Collect$$rtexit$$00000002) for __rt_exit_prels_1
    rtexit.o(.ARM.exidx) refers (Special) to rtexit2.o(.ARM.Collect$$rtexit$$00000004) for __rt_exit_exit
    rtexit.o(.ARM.exidx) refers (Special) to rtexit2.o(.ARM.Collect$$rtexit$$00000003) for __rt_exit_ls
    rtexit.o(.ARM.exidx) refers (Special) to rtexit2.o(.ARM.Collect$$rtexit$$00000002) for __rt_exit_prels_1
    rtexit.o(.ARM.exidx) refers to rtexit.o(.ARM.Collect$$rtexit$$00000000) for .ARM.Collect$$rtexit$$00000000
    defsig_rtmem_outer.o(.text) refers to defsig_rtmem_inner.o(.text) for __rt_SIGRTMEM_inner
    defsig_rtmem_outer.o(.text) refers to defsig_exit.o(.text) for __sig_exit
    defsig_rtmem_formal.o(.text) refers to rt_raise.o(.text) for __rt_raise
    retnan.o(x$fpl$retnan) refers (Special) to usenofp.o(x$fpl$usenofp) for __I$use$fp
    retnan.o(x$fpl$retnan) refers to trapv.o(x$fpl$trapveneer) for __fpl_cmpreturn
    rtexit2.o(.ARM.Collect$$rtexit$$00000003) refers to libshutdown.o(.ARM.Collect$$libshutdown$$00000000) for __rt_lib_shutdown
    rtexit2.o(.ARM.Collect$$rtexit$$00000004) refers to sys_exit.o(.text) for _sys_exit
    rtexit2.o(.ARM.exidx) refers to rtexit2.o(.ARM.Collect$$rtexit$$00000001) for .ARM.Collect$$rtexit$$00000001
    rtexit2.o(.ARM.exidx) refers to rtexit2.o(.ARM.Collect$$rtexit$$00000003) for .ARM.Collect$$rtexit$$00000003
    rtexit2.o(.ARM.exidx) refers to rtexit2.o(.ARM.Collect$$rtexit$$00000004) for .ARM.Collect$$rtexit$$00000004
    rt_raise.o(.text) refers to __raise.o(.text) for __raise
    rt_raise.o(.text) refers to sys_exit.o(.text) for _sys_exit
    defsig_exit.o(.text) refers to sys_exit.o(.text) for _sys_exit
    defsig_rtmem_inner.o(.text) refers to defsig_general.o(.text) for __default_signal_display
    trapv.o(x$fpl$trapveneer) refers (Special) to usenofp.o(x$fpl$usenofp) for __I$use$fp
    sys_exit.o(.text) refers (Special) to use_no_semi.o(.text) for __I$use$semihosting
    sys_exit.o(.text) refers (Special) to indicate_semi.o(.text) for __semihosting_library_function
    __raise.o(.text) refers to defsig.o(CL$$defsig) for __default_signal_handler
    defsig_general.o(.text) refers to sys_wrch.o(.text) for _ttywrch
    libshutdown.o(.ARM.Collect$$libshutdown$$00000000) refers (Special) to libshutdown2.o(.ARM.Collect$$libshutdown$$00000006) for __rt_lib_shutdown_fp_trap_1
    libshutdown.o(.ARM.Collect$$libshutdown$$00000000) refers (Special) to libshutdown2.o(.ARM.Collect$$libshutdown$$0000000E) for __rt_lib_shutdown_heap_1
    libshutdown.o(.ARM.Collect$$libshutdown$$00000000) refers (Special) to libshutdown2.o(.ARM.Collect$$libshutdown$$0000000F) for __rt_lib_shutdown_return
    libshutdown.o(.ARM.Collect$$libshutdown$$00000000) refers (Special) to libshutdown2.o(.ARM.Collect$$libshutdown$$00000009) for __rt_lib_shutdown_signal_1
    libshutdown.o(.ARM.Collect$$libshutdown$$00000000) refers (Special) to libshutdown2.o(.ARM.Collect$$libshutdown$$00000003) for __rt_lib_shutdown_stdio_1
    libshutdown.o(.ARM.Collect$$libshutdown$$00000000) refers (Special) to libshutdown2.o(.ARM.Collect$$libshutdown$$0000000B) for __rt_lib_shutdown_user_alloc_1
    sys_wrch.o(.text) refers (Special) to use_no_semi.o(.text) for __I$use$semihosting
    sys_wrch.o(.text) refers (Special) to indicate_semi.o(.text) for __semihosting_library_function
    defsig.o(CL$$defsig) refers to defsig_rtmem_inner.o(.text) for __rt_SIGRTMEM_inner
    defsig_abrt_inner.o(.text) refers to defsig_general.o(.text) for __default_signal_display
    defsig_fpe_inner.o(.text) refers to defsig_general.o(.text) for __default_signal_display
    defsig_rtred_inner.o(.text) refers to defsig_general.o(.text) for __default_signal_display
    defsig_stak_inner.o(.text) refers to defsig_general.o(.text) for __default_signal_display
    defsig_pvfn_inner.o(.text) refers to defsig_general.o(.text) for __default_signal_display
    defsig_cppl_inner.o(.text) refers to defsig_general.o(.text) for __default_signal_display
    defsig_segv_inner.o(.text) refers to defsig_general.o(.text) for __default_signal_display
    defsig_other.o(.text) refers to defsig_general.o(.text) for __default_signal_display


==============================================================================

Removing Unused input sections from the image.

    Removing ftp_gfx.o(i.c_Bifill), (42 bytes).
    Removing ftp_gfx.o(i.c_Gradient), (2 bytes).
    Removing ftp_gfx.o(i.d_Circle), (348 bytes).
    Removing ftp_gfx.o(i.r_Line), (22 bytes).
    Removing ftp_gfx.o(i.t_Random), (26 bytes).
    Removing ftp_gfx.o(i.t_RandomPixels), (60 bytes).
    Removing ftp_main.o(.data), (12 bytes).
    Removing ftp_main.o(.data), (13 bytes).
    Removing ftp_main.o(.data), (11 bytes).
    Removing ftp_main.o(.data), (12 bytes).
    Removing ftp_st7735r.o(i.enableDisplay), (14 bytes).
    Removing ftp_st7735r.o(i.enableSleep), (14 bytes).
    Removing ftp_st7735r.o(i.enableTearing), (14 bytes).
    Removing ftp_st7735r.o(i.setColRowStart), (12 bytes).
    Removing ftp_input.o(i.FSR_Convert), (8 bytes).
    Removing ftp_input.o(i.FSR_Parse), (88 bytes).
    Removing ftp_notes.o(i.add_letter), (76 bytes).
    Removing ftp_notes.o(i.move_cursor), (56 bytes).
    Removing ftp_notes.o(i.render_cursor), (136 bytes).
    Removing ftp_notes.o(i.update_notestate), (28 bytes).
    Removing ftp_notes.o(.data), (20 bytes).
    Removing ftp_pong.o(.data), (7 bytes).
    Removing ftp_tetris.o(i.affix_tetromino), (42 bytes).
    Removing ftp_tetris.o(i.check_boundary_collision), (56 bytes).
    Removing ftp_tetris.o(i.init_tetris), (96 bytes).
    Removing ftp_tetris.o(i.move_tetromino), (60 bytes).
    Removing ftp_tetris.o(i.random_tetromino), (60 bytes).
    Removing ftp_tetris.o(i.render_matrix), (90 bytes).
    Removing ftp_tetris.o(i.render_tetromino), (130 bytes).
    Removing ftp_tetris.o(.data), (22 bytes).
    Removing ftp_tetris.o(.data), (304 bytes).
    Removing ftp_gfx.o(i.v_Swap), (2 bytes).
    Removing ftp_gfx.o(i.v_Clip), (2 bytes).

33 unused section(s) (total 1885 bytes) removed from the image.

==============================================================================

Image Symbol Table

    Local Symbols

    Symbol Name                              Value     Ov Type        Size  Object(Section)

    RESET                                    0x00000000   Section      644  startup.o(RESET)
    ../clib/angel/boardlib.s                 0x00000000   Number         0  boardinit3.o ABSOLUTE
    ../clib/angel/boardlib.s                 0x00000000   Number         0  boardinit2.o ABSOLUTE
    ../clib/angel/boardlib.s                 0x00000000   Number         0  boardshut.o ABSOLUTE
    ../clib/angel/boardlib.s                 0x00000000   Number         0  boardinit1.o ABSOLUTE
    ../clib/angel/handlers.s                 0x00000000   Number         0  __scatter_copy.o ABSOLUTE
    ../clib/angel/handlers.s                 0x00000000   Number         0  __scatter_zi.o ABSOLUTE
    ../clib/angel/kernel.s                   0x00000000   Number         0  rtexit2.o ABSOLUTE
    ../clib/angel/kernel.s                   0x00000000   Number         0  __rtentry.o ABSOLUTE
    ../clib/angel/kernel.s                   0x00000000   Number         0  __rtentry2.o ABSOLUTE
    ../clib/angel/kernel.s                   0x00000000   Number         0  __rtentry4.o ABSOLUTE
    ../clib/angel/kernel.s                   0x00000000   Number         0  rtexit.o ABSOLUTE
    ../clib/angel/rt.s                       0x00000000   Number         0  rt_raise.o ABSOLUTE
    ../clib/angel/rt.s                       0x00000000   Number         0  rt_errno_addr.o ABSOLUTE
    ../clib/angel/rt.s                       0x00000000   Number         0  rt_errno_addr_intlibspace.o ABSOLUTE
    ../clib/angel/scatter.s                  0x00000000   Number         0  __scatter.o ABSOLUTE
    ../clib/angel/startup.s                  0x00000000   Number         0  __main.o ABSOLUTE
    ../clib/angel/sys.s                      0x00000000   Number         0  sys_stackheap_outer.o ABSOLUTE
    ../clib/angel/sys.s                      0x00000000   Number         0  libspace.o ABSOLUTE
    ../clib/angel/sys.s                      0x00000000   Number         0  use_no_semi.o ABSOLUTE
    ../clib/angel/sys.s                      0x00000000   Number         0  indicate_semi.o ABSOLUTE
    ../clib/angel/sysapp.c                   0x00000000   Number         0  sys_exit.o ABSOLUTE
    ../clib/angel/sysapp.c                   0x00000000   Number         0  sys_wrch.o ABSOLUTE
    ../clib/angel/sysapp.c                   0x00000000   Number         0  sys_command.o ABSOLUTE
    ../clib/armsys.c                         0x00000000   Number         0  no_argv.o ABSOLUTE
    ../clib/armsys.c                         0x00000000   Number         0  _get_argv_nomalloc.o ABSOLUTE
    ../clib/armsys.c                         0x00000000   Number         0  argv_veneer.o ABSOLUTE
    ../clib/armsys.c                         0x00000000   Number         0  argv_veneer.o ABSOLUTE
    ../clib/fenv.c                           0x00000000   Number         0  _rserrno.o ABSOLUTE
    ../clib/heapalloc.c                      0x00000000   Number         0  hrguard.o ABSOLUTE
    ../clib/heapaux.c                        0x00000000   Number         0  heapauxi.o ABSOLUTE
    ../clib/libinit.s                        0x00000000   Number         0  libinit2.o ABSOLUTE
    ../clib/libinit.s                        0x00000000   Number         0  libshutdown.o ABSOLUTE
    ../clib/libinit.s                        0x00000000   Number         0  libshutdown2.o ABSOLUTE
    ../clib/libinit.s                        0x00000000   Number         0  libinit.o ABSOLUTE
    ../clib/memcpset.s                       0x00000000   Number         0  rt_memcpy_v6.o ABSOLUTE
    ../clib/memcpset.s                       0x00000000   Number         0  rt_memclr_w.o ABSOLUTE
    ../clib/memcpset.s                       0x00000000   Number         0  rt_memcpy_w.o ABSOLUTE
    ../clib/printf.c                         0x00000000   Number         0  _printf_char.o ABSOLUTE
    ../clib/printf.c                         0x00000000   Number         0  __printf_wp.o ABSOLUTE
    ../clib/printf.c                         0x00000000   Number         0  __printf_nopercent.o ABSOLUTE
    ../clib/printf.c                         0x00000000   Number         0  __2snprintf.o ABSOLUTE
    ../clib/printf.c                         0x00000000   Number         0  _snputc.o ABSOLUTE
    ../clib/printf.c                         0x00000000   Number         0  noretval__2snprintf.o ABSOLUTE
    ../clib/printf.c                         0x00000000   Number         0  _sputc.o ABSOLUTE
    ../clib/printf.c                         0x00000000   Number         0  __printf.o ABSOLUTE
    ../clib/printf.c                         0x00000000   Number         0  _printf_str.o ABSOLUTE
    ../clib/printf.c                         0x00000000   Number         0  _printf_intcommon.o ABSOLUTE
    ../clib/printf.c                         0x00000000   Number         0  _printf_dec.o ABSOLUTE
    ../clib/printf.c                         0x00000000   Number         0  __printf_flags.o ABSOLUTE
    ../clib/printf.c                         0x00000000   Number         0  __printf_ss.o ABSOLUTE
    ../clib/printf.c                         0x00000000   Number         0  __printf_flags_ss.o ABSOLUTE
    ../clib/printf.c                         0x00000000   Number         0  __printf_flags_wp.o ABSOLUTE
    ../clib/printf.c                         0x00000000   Number         0  __printf_ss_wp.o ABSOLUTE
    ../clib/printf.c                         0x00000000   Number         0  __printf_flags_ss_wp.o ABSOLUTE
    ../clib/printf.c                         0x00000000   Number         0  _printf_char_common.o ABSOLUTE
    ../clib/printf_percent.s                 0x00000000   Number         0  _printf_percent_end.o ABSOLUTE
    ../clib/printf_percent.s                 0x00000000   Number         0  _printf_percent.o ABSOLUTE
    ../clib/printf_percent.s                 0x00000000   Number         0  _printf_d.o ABSOLUTE
    ../clib/printf_percent.s                 0x00000000   Number         0  _printf_s.o ABSOLUTE
    ../clib/signal.c                         0x00000000   Number         0  defsig_general.o ABSOLUTE
    ../clib/signal.c                         0x00000000   Number         0  __raise.o ABSOLUTE
    ../clib/signal.c                         0x00000000   Number         0  defsig_abrt_inner.o ABSOLUTE
    ../clib/signal.c                         0x00000000   Number         0  defsig_rtmem_inner.o ABSOLUTE
    ../clib/signal.c                         0x00000000   Number         0  defsig_exit.o ABSOLUTE
    ../clib/signal.c                         0x00000000   Number         0  defsig_fpe_inner.o ABSOLUTE
    ../clib/signal.c                         0x00000000   Number         0  defsig_stak_inner.o ABSOLUTE
    ../clib/signal.c                         0x00000000   Number         0  defsig_pvfn_inner.o ABSOLUTE
    ../clib/signal.c                         0x00000000   Number         0  defsig_cppl_inner.o ABSOLUTE
    ../clib/signal.c                         0x00000000   Number         0  defsig_rtmem_formal.o ABSOLUTE
    ../clib/signal.c                         0x00000000   Number         0  defsig_rtmem_outer.o ABSOLUTE
    ../clib/signal.c                         0x00000000   Number         0  defsig_segv_inner.o ABSOLUTE
    ../clib/signal.c                         0x00000000   Number         0  defsig_other.o ABSOLUTE
    ../clib/signal.c                         0x00000000   Number         0  defsig_rtred_inner.o ABSOLUTE
    ../clib/signal.s                         0x00000000   Number         0  defsig.o ABSOLUTE
    ../clib/stdlib.c                         0x00000000   Number         0  rand.o ABSOLUTE
    ../clib/stdlib.c                         0x00000000   Number         0  rand.o ABSOLUTE
    ../clib/stdlib.c                         0x00000000   Number         0  exit.o ABSOLUTE
    ../fplib/daddsub.s                       0x00000000   Number         0  daddsub_clz.o ABSOLUTE
    ../fplib/dcheck1.s                       0x00000000   Number         0  dcheck1.o ABSOLUTE
    ../fplib/dcmpi.s                         0x00000000   Number         0  dcmpi.o ABSOLUTE
    ../fplib/ddiv.s                          0x00000000   Number         0  ddiv.o ABSOLUTE
    ../fplib/dfix.s                          0x00000000   Number         0  dfix.o ABSOLUTE
    ../fplib/dflt.s                          0x00000000   Number         0  dflt_clz.o ABSOLUTE
    ../fplib/dleqf.s                         0x00000000   Number         0  dleqf.o ABSOLUTE
    ../fplib/dmul.s                          0x00000000   Number         0  dmul.o ABSOLUTE
    ../fplib/dnaninf.s                       0x00000000   Number         0  dnaninf.o ABSOLUTE
    ../fplib/dretinf.s                       0x00000000   Number         0  dretinf.o ABSOLUTE
    ../fplib/drleqf.s                        0x00000000   Number         0  drleqf.o ABSOLUTE
    ../fplib/fpinit.s                        0x00000000   Number         0  fpinit.o ABSOLUTE
    ../fplib/retnan.s                        0x00000000   Number         0  retnan.o ABSOLUTE
    ../fplib/scalbn.s                        0x00000000   Number         0  scalbn.o ABSOLUTE
    ../fplib/trapv.s                         0x00000000   Number         0  trapv.o ABSOLUTE
    ../fplib/usenofp.s                       0x00000000   Number         0  usenofp.o ABSOLUTE
    ../mathlib/cos.c                         0x00000000   Number         0  cos_x.o ABSOLUTE
    ../mathlib/cos.c                         0x00000000   Number         0  cos.o ABSOLUTE
    ../mathlib/cos_i.c                       0x00000000   Number         0  cos_i.o ABSOLUTE
    ../mathlib/dunder.c                      0x00000000   Number         0  dunder.o ABSOLUTE
    ../mathlib/floor.c                       0x00000000   Number         0  floor.o ABSOLUTE
    ../mathlib/fpclassify.c                  0x00000000   Number         0  fpclassify.o ABSOLUTE
    ../mathlib/poly.c                        0x00000000   Number         0  poly.o ABSOLUTE
    ../mathlib/rred.c                        0x00000000   Number         0  rred.o ABSOLUTE
    ../mathlib/sin.c                         0x00000000   Number         0  sin.o ABSOLUTE
    ../mathlib/sin.c                         0x00000000   Number         0  sin_x.o ABSOLUTE
    ../mathlib/sin_i.c                       0x00000000   Number         0  sin_i_x.o ABSOLUTE
    ../mathlib/sin_i.c                       0x00000000   Number         0  sin_i.o ABSOLUTE
    FTP_APPTIMER.c                           0x00000000   Number         0  ftp_apptimer.o ABSOLUTE
    FTP_GFX.c                                0x00000000   Number         0  ftp_gfx.o ABSOLUTE
    FTP_INPUT.c                              0x00000000   Number         0  ftp_input.o ABSOLUTE
    FTP_MAIN.c                               0x00000000   Number         0  ftp_main.o ABSOLUTE
    FTP_MENU.c                               0x00000000   Number         0  ftp_menu.o ABSOLUTE
    FTP_NOTES.c                              0x00000000   Number         0  ftp_notes.o ABSOLUTE
    FTP_PAINT.c                              0x00000000   Number         0  ftp_paint.o ABSOLUTE
    FTP_PONG.c                               0x00000000   Number         0  ftp_pong.o ABSOLUTE
    FTP_SNAKE.c                              0x00000000   Number         0  ftp_snake.o ABSOLUTE
    FTP_ST7735R.c                            0x00000000   Number         0  ftp_st7735r.o ABSOLUTE
    FTP_TETRIS.c                             0x00000000   Number         0  ftp_tetris.o ABSOLUTE
    PLL.c                                    0x00000000   Number         0  pll.o ABSOLUTE
    SysTick.c                                0x00000000   Number         0  systick.o ABSOLUTE
    dc.s                                     0x00000000   Number         0  dc.o ABSOLUTE
    startup.s                                0x00000000   Number         0  startup.o ABSOLUTE
    !!!main                                  0x00000284   Section        8  __main.o(!!!main)
    !!!scatter                               0x0000028c   Section       52  __scatter.o(!!!scatter)
    !!handler_copy                           0x000002c0   Section       26  __scatter_copy.o(!!handler_copy)
    !!handler_zi                             0x000002dc   Section       28  __scatter_zi.o(!!handler_zi)
    .ARM.Collect$$_printf_percent$$00000000  0x000002f8   Section        0  _printf_percent.o(.ARM.Collect$$_printf_percent$$00000000)
    .ARM.Collect$$_printf_percent$$00000009  0x000002f8   Section        6  _printf_d.o(.ARM.Collect$$_printf_percent$$00000009)
    .ARM.Collect$$_printf_percent$$00000014  0x000002fe   Section        6  _printf_s.o(.ARM.Collect$$_printf_percent$$00000014)
    .ARM.Collect$$_printf_percent$$00000017  0x00000304   Section        4  _printf_percent_end.o(.ARM.Collect$$_printf_percent$$00000017)
    .ARM.Collect$$libinit$$00000000          0x00000308   Section        2  libinit.o(.ARM.Collect$$libinit$$00000000)
    .ARM.Collect$$libinit$$00000002          0x0000030a   Section        0  libinit2.o(.ARM.Collect$$libinit$$00000002)
    .ARM.Collect$$libinit$$00000004          0x0000030a   Section        0  libinit2.o(.ARM.Collect$$libinit$$00000004)
    .ARM.Collect$$libinit$$0000000A          0x0000030a   Section        0  libinit2.o(.ARM.Collect$$libinit$$0000000A)
    .ARM.Collect$$libinit$$0000000C          0x0000030a   Section        0  libinit2.o(.ARM.Collect$$libinit$$0000000C)
    .ARM.Collect$$libinit$$0000000D          0x0000030a   Section        4  libinit2.o(.ARM.Collect$$libinit$$0000000D)
    .ARM.Collect$$libinit$$0000000E          0x0000030e   Section        0  libinit2.o(.ARM.Collect$$libinit$$0000000E)
    .ARM.Collect$$libinit$$00000011          0x0000030e   Section        0  libinit2.o(.ARM.Collect$$libinit$$00000011)
    .ARM.Collect$$libinit$$00000013          0x0000030e   Section        0  libinit2.o(.ARM.Collect$$libinit$$00000013)
    .ARM.Collect$$libinit$$00000015          0x0000030e   Section        0  libinit2.o(.ARM.Collect$$libinit$$00000015)
    .ARM.Collect$$libinit$$00000017          0x0000030e   Section        0  libinit2.o(.ARM.Collect$$libinit$$00000017)
    .ARM.Collect$$libinit$$00000019          0x0000030e   Section        0  libinit2.o(.ARM.Collect$$libinit$$00000019)
    .ARM.Collect$$libinit$$0000001B          0x0000030e   Section        0  libinit2.o(.ARM.Collect$$libinit$$0000001B)
    .ARM.Collect$$libinit$$0000001D          0x0000030e   Section        0  libinit2.o(.ARM.Collect$$libinit$$0000001D)
    .ARM.Collect$$libinit$$0000001F          0x0000030e   Section        0  libinit2.o(.ARM.Collect$$libinit$$0000001F)
    .ARM.Collect$$libinit$$00000021          0x0000030e   Section        0  libinit2.o(.ARM.Collect$$libinit$$00000021)
    .ARM.Collect$$libinit$$00000023          0x0000030e   Section        0  libinit2.o(.ARM.Collect$$libinit$$00000023)
    .ARM.Collect$$libinit$$00000025          0x0000030e   Section        0  libinit2.o(.ARM.Collect$$libinit$$00000025)
    .ARM.Collect$$libinit$$0000002C          0x0000030e   Section        0  libinit2.o(.ARM.Collect$$libinit$$0000002C)
    .ARM.Collect$$libinit$$0000002E          0x0000030e   Section        0  libinit2.o(.ARM.Collect$$libinit$$0000002E)
    .ARM.Collect$$libinit$$00000030          0x0000030e   Section        0  libinit2.o(.ARM.Collect$$libinit$$00000030)
    .ARM.Collect$$libinit$$00000032          0x0000030e   Section        0  libinit2.o(.ARM.Collect$$libinit$$00000032)
    .ARM.Collect$$libinit$$00000033          0x0000030e   Section        2  libinit2.o(.ARM.Collect$$libinit$$00000033)
    .ARM.Collect$$libshutdown$$00000000      0x00000310   Section        2  libshutdown.o(.ARM.Collect$$libshutdown$$00000000)
    .ARM.Collect$$libshutdown$$00000003      0x00000312   Section        0  libshutdown2.o(.ARM.Collect$$libshutdown$$00000003)
    .ARM.Collect$$libshutdown$$00000006      0x00000312   Section        0  libshutdown2.o(.ARM.Collect$$libshutdown$$00000006)
    .ARM.Collect$$libshutdown$$00000009      0x00000312   Section        0  libshutdown2.o(.ARM.Collect$$libshutdown$$00000009)
    .ARM.Collect$$libshutdown$$0000000B      0x00000312   Section        0  libshutdown2.o(.ARM.Collect$$libshutdown$$0000000B)
    .ARM.Collect$$libshutdown$$0000000E      0x00000312   Section        0  libshutdown2.o(.ARM.Collect$$libshutdown$$0000000E)
    .ARM.Collect$$libshutdown$$0000000F      0x00000312   Section        2  libshutdown2.o(.ARM.Collect$$libshutdown$$0000000F)
    .ARM.Collect$$rtentry$$00000000          0x00000314   Section        0  __rtentry.o(.ARM.Collect$$rtentry$$00000000)
    .ARM.Collect$$rtentry$$00000002          0x00000314   Section        0  __rtentry2.o(.ARM.Collect$$rtentry$$00000002)
    .ARM.Collect$$rtentry$$00000004          0x00000314   Section        6  __rtentry4.o(.ARM.Collect$$rtentry$$00000004)
    .ARM.Collect$$rtentry$$00000009          0x0000031a   Section        0  __rtentry2.o(.ARM.Collect$$rtentry$$00000009)
    .ARM.Collect$$rtentry$$0000000A          0x0000031a   Section        4  __rtentry2.o(.ARM.Collect$$rtentry$$0000000A)
    .ARM.Collect$$rtentry$$0000000C          0x0000031e   Section        0  __rtentry2.o(.ARM.Collect$$rtentry$$0000000C)
    .ARM.Collect$$rtentry$$0000000D          0x0000031e   Section        8  __rtentry2.o(.ARM.Collect$$rtentry$$0000000D)
    .ARM.Collect$$rtexit$$00000000           0x00000326   Section        2  rtexit.o(.ARM.Collect$$rtexit$$00000000)
    .ARM.Collect$$rtexit$$00000002           0x00000328   Section        0  rtexit2.o(.ARM.Collect$$rtexit$$00000002)
    .ARM.Collect$$rtexit$$00000003           0x00000328   Section        4  rtexit2.o(.ARM.Collect$$rtexit$$00000003)
    .ARM.Collect$$rtexit$$00000004           0x0000032c   Section        6  rtexit2.o(.ARM.Collect$$rtexit$$00000004)
    .emb_text                                0x00000334   Section       52  rand.o(.emb_text)
    .text                                    0x00000368   Section       48  startup.o(.text)
    .text                                    0x00000398   Section        0  noretval__2snprintf.o(.text)
    .text                                    0x000003cc   Section        0  __printf.o(.text)
    .text                                    0x00000434   Section        0  _printf_str.o(.text)
    .text                                    0x00000488   Section        0  _printf_dec.o(.text)
    .text                                    0x00000500   Section        0  rand.o(.text)
    .text                                    0x0000053c   Section        0  heapauxi.o(.text)
    .text                                    0x00000542   Section        0  _printf_intcommon.o(.text)
    .text                                    0x000005f4   Section        0  _printf_char_common.o(.text)
    _printf_input_char                       0x000005f5   Thumb Code    10  _printf_char_common.o(.text)
    .text                                    0x00000624   Section        0  _sputc.o(.text)
    .text                                    0x0000062e   Section        0  _snputc.o(.text)
    .text                                    0x0000063e   Section        0  _printf_char.o(.text)
    .text                                    0x0000066c   Section        8  libspace.o(.text)
    .text                                    0x00000674   Section       74  sys_stackheap_outer.o(.text)
    .text                                    0x000006be   Section        0  exit.o(.text)
    .text                                    0x000006ca   Section        2  use_no_semi.o(.text)
    .text                                    0x000006cc   Section        0  sys_exit.o(.text)
    .text                                    0x000006cc   Section        0  indicate_semi.o(.text)
    i.ADC0Seq1_Handler                       0x000006d8   Section        0  ftp_input.o(i.ADC0Seq1_Handler)
    i.ADC0Seq2_Handler                       0x00000700   Section        0  ftp_input.o(i.ADC0Seq2_Handler)
    i.AppTimer_Init                          0x00000728   Section        0  ftp_apptimer.o(i.AppTimer_Init)
    i.Circuit_Convert                        0x00000754   Section        0  ftp_input.o(i.Circuit_Convert)
    i.Circuit_Parse                          0x00000798   Section        0  ftp_input.o(i.Circuit_Parse)
    i.Input_Init                             0x000007f0   Section        0  ftp_input.o(i.Input_Init)
    i.PLL_Init                               0x000008b0   Section        0  pll.o(i.PLL_Init)
    i.ST7735_initR                           0x00000910   Section        0  ftp_st7735r.o(i.ST7735_initR)
    i.SysTick_Init                           0x00000924   Section        0  systick.o(i.SysTick_Init)
    i.SysTick_Wait                           0x0000093a   Section        0  systick.o(i.SysTick_Wait)
    i.SysTick_Wait10ms                       0x00000954   Section        0  systick.o(i.SysTick_Wait10ms)
    i.ball_ai_collision                      0x00000970   Section        0  ftp_pong.o(i.ball_ai_collision)
    i.ball_ends_collision                    0x000009a6   Section        0  ftp_pong.o(i.ball_ends_collision)
    i.ball_player_collision                  0x000009be   Section        0  ftp_pong.o(i.ball_player_collision)
    i.ball_sides_collision                   0x000009f4   Section        0  ftp_pong.o(i.ball_sides_collision)
    i.c_Fill                                 0x00000a0c   Section        0  ftp_gfx.o(i.c_Fill)
    i.check_food_collision                   0x00000a24   Section        0  ftp_snake.o(i.check_food_collision)
    i.check_food_validity                    0x00000a40   Section        0  ftp_snake.o(i.check_food_validity)
    i.check_matrix_collision                 0x00000a76   Section        0  ftp_tetris.o(i.check_matrix_collision)
    i.check_self_collision                   0x00000b08   Section        0  ftp_snake.o(i.check_self_collision)
    i.check_wall_collision                   0x00000b3c   Section        0  ftp_snake.o(i.check_wall_collision)
    i.clearScreen                            0x00000b98   Section        0  ftp_gfx.o(i.clearScreen)
    i.commonInit                             0x00000be0   Section        0  ftp_st7735r.o(i.commonInit)
    i.d_DrawCharS                            0x00000cf0   Section        0  ftp_gfx.o(i.d_DrawCharS)
    i.d_DrawString                           0x00000dcc   Section        0  ftp_gfx.o(i.d_DrawString)
    i.d_Rect                                 0x00000e22   Section        0  ftp_gfx.o(i.d_Rect)
    i.format_dec_text                        0x00000ea8   Section        0  ftp_gfx.o(i.format_dec_text)
    i.format_text_dec                        0x00000ed8   Section        0  ftp_gfx.o(i.format_text_dec)
    i.init_appstate                          0x00000f08   Section        0  ftp_main.o(i.init_appstate)
    i.init_menu                              0x00000f18   Section        0  ftp_menu.o(i.init_menu)
    i.init_notes                             0x00000f26   Section        0  ftp_notes.o(i.init_notes)
    i.init_pong                              0x00000f38   Section        0  ftp_pong.o(i.init_pong)
    i.init_snake                             0x00000fd8   Section        0  ftp_snake.o(i.init_snake)
    i.main                                   0x000010c8   Section        0  ftp_main.o(i.main)
    i.menu_input                             0x00001148   Section        0  ftp_menu.o(i.menu_input)
    i.menu_main                              0x00001184   Section        0  ftp_menu.o(i.menu_main)
    i.move_ai_paddle                         0x000011ec   Section        0  ftp_pong.o(i.move_ai_paddle)
    i.move_ball                              0x0000120a   Section        0  ftp_pong.o(i.move_ball)
    i.move_body                              0x00001220   Section        0  ftp_snake.o(i.move_body)
    i.move_head                              0x00001244   Section        0  ftp_snake.o(i.move_head)
    i.move_player_paddle                     0x00001288   Section        0  ftp_pong.o(i.move_player_paddle)
    i.notes_main                             0x000012a4   Section        0  ftp_notes.o(i.notes_main)
    i.paddle_sides_collision                 0x000012d0   Section        0  ftp_pong.o(i.paddle_sides_collision)
    i.paint_main                             0x000012e8   Section        0  ftp_paint.o(i.paint_main)
    i.pong_game_over                         0x000012ec   Section        0  ftp_pong.o(i.pong_game_over)
    i.pong_input                             0x00001328   Section        0  ftp_pong.o(i.pong_input)
    i.pong_main                              0x00001354   Section        0  ftp_pong.o(i.pong_main)
    i.pushColor                              0x000013a0   Section        0  ftp_st7735r.o(i.pushColor)
    i.r_Pixel                                0x000013b4   Section        0  ftp_gfx.o(i.r_Pixel)
    i.r_Rect                                 0x000013ca   Section        0  ftp_gfx.o(i.r_Rect)
    i.readCmdList                            0x000013fe   Section        0  ftp_st7735r.o(i.readCmdList)
    i.render_ball                            0x0000144e   Section        0  ftp_pong.o(i.render_ball)
    i.render_border                          0x000014a8   Section        0  ftp_menu.o(i.render_border)
    i.render_notes_icon                      0x0000152c   Section        0  ftp_menu.o(i.render_notes_icon)
    i.render_paddle                          0x00001592   Section        0  ftp_pong.o(i.render_paddle)
    i.render_paint_icon                      0x000015ec   Section        0  ftp_menu.o(i.render_paint_icon)
    i.render_pong_icon                       0x00001634   Section        0  ftp_menu.o(i.render_pong_icon)
    i.render_snake                           0x000016b2   Section        0  ftp_snake.o(i.render_snake)
    i.render_snake_icon                      0x0000173c   Section        0  ftp_menu.o(i.render_snake_icon)
    i.render_tetris_icon                     0x000018ac   Section        0  ftp_menu.o(i.render_tetris_icon)
    i.setAddrWindow                          0x000019c0   Section        0  ftp_st7735r.o(i.setAddrWindow)
    i.setDirection                           0x00001a28   Section        0  ftp_st7735r.o(i.setDirection)
    i.snake_game_over                        0x00001a70   Section        0  ftp_snake.o(i.snake_game_over)
    i.snake_input                            0x00001aac   Section        0  ftp_snake.o(i.snake_input)
    i.snake_main                             0x00001b10   Section        0  ftp_snake.o(i.snake_main)
    i.tetris_input                           0x00001b5c   Section        0  ftp_tetris.o(i.tetris_input)
    i.tetris_main                            0x00001b88   Section        0  ftp_tetris.o(i.tetris_main)
    i.update_ai_paddle                       0x00001bb6   Section        0  ftp_pong.o(i.update_ai_paddle)
    i.update_appstate                        0x00001be2   Section        0  ftp_menu.o(i.update_appstate)
    i.update_ball                            0x00001c1e   Section        0  ftp_pong.o(i.update_ball)
    i.update_player_paddle                   0x00001c76   Section        0  ftp_pong.o(i.update_player_paddle)
    i.update_snake_gamestate                 0x00001ca0   Section        0  ftp_snake.o(i.update_snake_gamestate)
    i.update_tetrisgamestate                 0x00001dd4   Section        0  ftp_tetris.o(i.update_tetrisgamestate)
    i.v_Count                                0x00001dde   Section        0  ftp_gfx.o(i.v_Count)
    i.writeCommand                           0x00001df4   Section        0  ftp_st7735r.o(i.writeCommand)
    i.writeData                              0x00001e14   Section        0  ftp_st7735r.o(i.writeData)
    .constdata                               0x00001e30   Section     1291  ftp_gfx.o(.constdata)
    Font                                     0x00001e40   Data        1275  ftp_gfx.o(.constdata)
    .data                                    0x20000000   Section      117  ftp_st7735r.o(.data)
    .data                                    0x20000076   Section       16  ftp_input.o(.data)
    .data                                    0x20000086   Section       10  ftp_menu.o(.data)
    .data                                    0x20000090   Section       26  ftp_pong.o(.data)
    .data                                    0x200000aa   Section       33  ftp_snake.o(.data)
    .bss                                     0x200000cc   Section      228  rand.o(.bss)
    .bss                                     0x200001b0   Section       96  libspace.o(.bss)
    HEAP                                     0x20000210   Section        0  startup.o(HEAP)
    STACK                                    0x20000210   Section     1024  startup.o(STACK)
    HeapMem                                  0x20000210   Data           0  startup.o(HEAP)
    StackMem                                 0x20000210   Data           0  startup.o(STACK)

    Global Symbols

    Symbol Name                              Value     Ov Type        Size  Object(Section)

    BuildAttributes$$THM_ISAv4$E$P$D$K$B$S$7EM$PE$A:L22UL41UL21$X:L11$S22US41US21$IEEE1$IW$USESV6$~STKCKD$USESV7$~SHL$OTIME$ROPI$IEEEX$EBA8$UX$STANDARDLIB$REQ8$PRES8$EABIv2 0x00000000   Number         0  anon$$obj.o ABSOLUTE
    __ARM_use_no_argv                        0x00000000   Number         0  ftp_main.o ABSOLUTE
    __Vectors                                0x00000000   Data           0  startup.o(RESET)
    __ARM_exceptions_init                     - Undefined Weak Reference
    __alloca_initialize                       - Undefined Weak Reference
    __arm_preinit_                            - Undefined Weak Reference
    __cpp_initialize__aeabi_                  - Undefined Weak Reference
    __cxa_finalize                            - Undefined Weak Reference
    __rt_locale                               - Undefined Weak Reference
    __sigvec_lookup                           - Undefined Weak Reference
    _atexit_init                              - Undefined Weak Reference
    _call_atexit_fns                          - Undefined Weak Reference
    _clock_init                               - Undefined Weak Reference
    _fp_trap_init                             - Undefined Weak Reference
    _fp_trap_shutdown                         - Undefined Weak Reference
    _get_lc_collate                           - Undefined Weak Reference
    _get_lc_ctype                             - Undefined Weak Reference
    _get_lc_monetary                          - Undefined Weak Reference
    _get_lc_numeric                           - Undefined Weak Reference
    _get_lc_time                              - Undefined Weak Reference
    _getenv_init                              - Undefined Weak Reference
    _handle_redirection                       - Undefined Weak Reference
    _init_alloc                               - Undefined Weak Reference
    _init_user_alloc                          - Undefined Weak Reference
    _initio                                   - Undefined Weak Reference
    _printf_mbtowc                            - Undefined Weak Reference
    _printf_post_padding                      - Undefined Weak Reference
    _printf_pre_padding                       - Undefined Weak Reference
    _printf_truncate_signed                   - Undefined Weak Reference
    _printf_truncate_unsigned                 - Undefined Weak Reference
    _signal_finish                            - Undefined Weak Reference
    _signal_init                              - Undefined Weak Reference
    _terminate_alloc                          - Undefined Weak Reference
    _terminate_user_alloc                     - Undefined Weak Reference
    _terminateio                              - Undefined Weak Reference
    Reset_Handler                            0x0000026d   Thumb Code     0  startup.o(RESET)
    NMI_Handler                              0x00000271   Thumb Code     2  startup.o(RESET)
    HardFault_Handler                        0x00000273   Thumb Code     2  startup.o(RESET)
    MemManage_Handler                        0x00000275   Thumb Code     2  startup.o(RESET)
    BusFault_Handler                         0x00000277   Thumb Code     2  startup.o(RESET)
    UsageFault_Handler                       0x00000279   Thumb Code     2  startup.o(RESET)
    SVC_Handler                              0x0000027b   Thumb Code     2  startup.o(RESET)
    DebugMon_Handler                         0x0000027d   Thumb Code     2  startup.o(RESET)
    PendSV_Handler                           0x0000027f   Thumb Code     2  startup.o(RESET)
    SysTick_Handler                          0x00000281   Thumb Code     2  startup.o(RESET)
    ADC0Seq0_Handler                         0x00000283   Thumb Code     0  startup.o(RESET)
    ADC0Seq3_Handler                         0x00000283   Thumb Code     0  startup.o(RESET)
    ADC1Seq0_Handler                         0x00000283   Thumb Code     0  startup.o(RESET)
    ADC1Seq1_Handler                         0x00000283   Thumb Code     0  startup.o(RESET)
    ADC1Seq2_Handler                         0x00000283   Thumb Code     0  startup.o(RESET)
    ADC1Seq3_Handler                         0x00000283   Thumb Code     0  startup.o(RESET)
    CAN0_Handler                             0x00000283   Thumb Code     0  startup.o(RESET)
    CAN1_Handler                             0x00000283   Thumb Code     0  startup.o(RESET)
    CAN2_Handler                             0x00000283   Thumb Code     0  startup.o(RESET)
    Comp0_Handler                            0x00000283   Thumb Code     0  startup.o(RESET)
    Comp1_Handler                            0x00000283   Thumb Code     0  startup.o(RESET)
    Comp2_Handler                            0x00000283   Thumb Code     0  startup.o(RESET)
    Ethernet_Handler                         0x00000283   Thumb Code     0  startup.o(RESET)
    ExtBus_Handler                           0x00000283   Thumb Code     0  startup.o(RESET)
    FPU_Handler                              0x00000283   Thumb Code     0  startup.o(RESET)
    Fan0_Handler                             0x00000283   Thumb Code     0  startup.o(RESET)
    FlashCtl_Handler                         0x00000283   Thumb Code     0  startup.o(RESET)
    GPIOPortA_Handler                        0x00000283   Thumb Code     0  startup.o(RESET)
    GPIOPortB_Handler                        0x00000283   Thumb Code     0  startup.o(RESET)
    GPIOPortC_Handler                        0x00000283   Thumb Code     0  startup.o(RESET)
    GPIOPortD_Handler                        0x00000283   Thumb Code     0  startup.o(RESET)
    GPIOPortE_Handler                        0x00000283   Thumb Code     0  startup.o(RESET)
    GPIOPortF_Handler                        0x00000283   Thumb Code     0  startup.o(RESET)
    GPIOPortG_Handler                        0x00000283   Thumb Code     0  startup.o(RESET)
    GPIOPortH_Handler                        0x00000283   Thumb Code     0  startup.o(RESET)
    GPIOPortJ_Handler                        0x00000283   Thumb Code     0  startup.o(RESET)
    GPIOPortK_Handler                        0x00000283   Thumb Code     0  startup.o(RESET)
    GPIOPortL_Handler                        0x00000283   Thumb Code     0  startup.o(RESET)
    GPIOPortM_Handler                        0x00000283   Thumb Code     0  startup.o(RESET)
    GPIOPortN_Handler                        0x00000283   Thumb Code     0  startup.o(RESET)
    GPIOPortP1_Handler                       0x00000283   Thumb Code     0  startup.o(RESET)
    GPIOPortP2_Handler                       0x00000283   Thumb Code     0  startup.o(RESET)
    GPIOPortP3_Handler                       0x00000283   Thumb Code     0  startup.o(RESET)
    GPIOPortP4_Handler                       0x00000283   Thumb Code     0  startup.o(RESET)
    GPIOPortP5_Handler                       0x00000283   Thumb Code     0  startup.o(RESET)
    GPIOPortP6_Handler                       0x00000283   Thumb Code     0  startup.o(RESET)
    GPIOPortP7_Handler                       0x00000283   Thumb Code     0  startup.o(RESET)
    GPIOPortP_Handler                        0x00000283   Thumb Code     0  startup.o(RESET)
    GPIOPortQ1_Handler                       0x00000283   Thumb Code     0  startup.o(RESET)
    GPIOPortQ2_Handler                       0x00000283   Thumb Code     0  startup.o(RESET)
    GPIOPortQ3_Handler                       0x00000283   Thumb Code     0  startup.o(RESET)
    GPIOPortQ4_Handler                       0x00000283   Thumb Code     0  startup.o(RESET)
    GPIOPortQ5_Handler                       0x00000283   Thumb Code     0  startup.o(RESET)
    GPIOPortQ6_Handler                       0x00000283   Thumb Code     0  startup.o(RESET)
    GPIOPortQ7_Handler                       0x00000283   Thumb Code     0  startup.o(RESET)
    GPIOPortQ_Handler                        0x00000283   Thumb Code     0  startup.o(RESET)
    GPIOPortR_Handler                        0x00000283   Thumb Code     0  startup.o(RESET)
    GPIOPortS_Handler                        0x00000283   Thumb Code     0  startup.o(RESET)
    Hibernate_Handler                        0x00000283   Thumb Code     0  startup.o(RESET)
    I2C0_Handler                             0x00000283   Thumb Code     0  startup.o(RESET)
    I2C1_Handler                             0x00000283   Thumb Code     0  startup.o(RESET)
    I2C2_Handler                             0x00000283   Thumb Code     0  startup.o(RESET)
    I2C3_Handler                             0x00000283   Thumb Code     0  startup.o(RESET)
    I2C4_Handler                             0x00000283   Thumb Code     0  startup.o(RESET)
    I2C5_Handler                             0x00000283   Thumb Code     0  startup.o(RESET)
    I2S0_Handler                             0x00000283   Thumb Code     0  startup.o(RESET)
    LPC0_Handler                             0x00000283   Thumb Code     0  startup.o(RESET)
    PECI0_Handler                            0x00000283   Thumb Code     0  startup.o(RESET)
    PWM0Fault_Handler                        0x00000283   Thumb Code     0  startup.o(RESET)
    PWM0Generator0_Handler                   0x00000283   Thumb Code     0  startup.o(RESET)
    PWM0Generator1_Handler                   0x00000283   Thumb Code     0  startup.o(RESET)
    PWM0Generator2_Handler                   0x00000283   Thumb Code     0  startup.o(RESET)
    PWM0Generator3_Handler                   0x00000283   Thumb Code     0  startup.o(RESET)
    PWM1Fault_Handler                        0x00000283   Thumb Code     0  startup.o(RESET)
    PWM1Generator0_Handler                   0x00000283   Thumb Code     0  startup.o(RESET)
    PWM1Generator1_Handler                   0x00000283   Thumb Code     0  startup.o(RESET)
    PWM1Generator2_Handler                   0x00000283   Thumb Code     0  startup.o(RESET)
    PWM1Generator3_Handler                   0x00000283   Thumb Code     0  startup.o(RESET)
    Quadrature0_Handler                      0x00000283   Thumb Code     0  startup.o(RESET)
    Quadrature1_Handler                      0x00000283   Thumb Code     0  startup.o(RESET)
    Quadrature2_Handler                      0x00000283   Thumb Code     0  startup.o(RESET)
    SSI0_Handler                             0x00000283   Thumb Code     0  startup.o(RESET)
    SSI1_Handler                             0x00000283   Thumb Code     0  startup.o(RESET)
    SSI2_Handler                             0x00000283   Thumb Code     0  startup.o(RESET)
    SSI3_Handler                             0x00000283   Thumb Code     0  startup.o(RESET)
    SysCtl_Handler                           0x00000283   Thumb Code     0  startup.o(RESET)
    Timer0A_Handler                          0x00000283   Thumb Code     0  startup.o(RESET)
    Timer0B_Handler                          0x00000283   Thumb Code     0  startup.o(RESET)
    Timer1A_Handler                          0x00000283   Thumb Code     0  startup.o(RESET)
    Timer1B_Handler                          0x00000283   Thumb Code     0  startup.o(RESET)
    Timer2A_Handler                          0x00000283   Thumb Code     0  startup.o(RESET)
    Timer2B_Handler                          0x00000283   Thumb Code     0  startup.o(RESET)
    Timer3A_Handler                          0x00000283   Thumb Code     0  startup.o(RESET)
    Timer3B_Handler                          0x00000283   Thumb Code     0  startup.o(RESET)
    Timer4A_Handler                          0x00000283   Thumb Code     0  startup.o(RESET)
    Timer4B_Handler                          0x00000283   Thumb Code     0  startup.o(RESET)
    Timer5A_Handler                          0x00000283   Thumb Code     0  startup.o(RESET)
    Timer5B_Handler                          0x00000283   Thumb Code     0  startup.o(RESET)
    UART0_Handler                            0x00000283   Thumb Code     0  startup.o(RESET)
    UART1_Handler                            0x00000283   Thumb Code     0  startup.o(RESET)
    UART2_Handler                            0x00000283   Thumb Code     0  startup.o(RESET)
    UART3_Handler                            0x00000283   Thumb Code     0  startup.o(RESET)
    UART4_Handler                            0x00000283   Thumb Code     0  startup.o(RESET)
    UART5_Handler                            0x00000283   Thumb Code     0  startup.o(RESET)
    UART6_Handler                            0x00000283   Thumb Code     0  startup.o(RESET)
    UART7_Handler                            0x00000283   Thumb Code     0  startup.o(RESET)
    USB0_Handler                             0x00000283   Thumb Code     0  startup.o(RESET)
    WDT_Handler                              0x00000283   Thumb Code     0  startup.o(RESET)
    WideTimer0A_Handler                      0x00000283   Thumb Code     0  startup.o(RESET)
    WideTimer0B_Handler                      0x00000283   Thumb Code     0  startup.o(RESET)
    WideTimer1A_Handler                      0x00000283   Thumb Code     0  startup.o(RESET)
    WideTimer1B_Handler                      0x00000283   Thumb Code     0  startup.o(RESET)
    WideTimer2A_Handler                      0x00000283   Thumb Code     0  startup.o(RESET)
    WideTimer2B_Handler                      0x00000283   Thumb Code     0  startup.o(RESET)
    WideTimer3A_Handler                      0x00000283   Thumb Code     0  startup.o(RESET)
    WideTimer3B_Handler                      0x00000283   Thumb Code     0  startup.o(RESET)
    WideTimer4A_Handler                      0x00000283   Thumb Code     0  startup.o(RESET)
    WideTimer4B_Handler                      0x00000283   Thumb Code     0  startup.o(RESET)
    WideTimer5A_Handler                      0x00000283   Thumb Code     0  startup.o(RESET)
    WideTimer5B_Handler                      0x00000283   Thumb Code     0  startup.o(RESET)
    uDMA_Error                               0x00000283   Thumb Code     0  startup.o(RESET)
    uDMA_Handler                             0x00000283   Thumb Code     0  startup.o(RESET)
    __main                                   0x00000285   Thumb Code     8  __main.o(!!!main)
    __scatterload                            0x0000028d   Thumb Code     0  __scatter.o(!!!scatter)
    __scatterload_rt2                        0x0000028d   Thumb Code    44  __scatter.o(!!!scatter)
    __scatterload_rt2_thumb_only             0x0000028d   Thumb Code     0  __scatter.o(!!!scatter)
    __scatterload_null                       0x0000029b   Thumb Code     0  __scatter.o(!!!scatter)
    __scatterload_copy                       0x000002c1   Thumb Code    26  __scatter_copy.o(!!handler_copy)
    __scatterload_zeroinit                   0x000002dd   Thumb Code    28  __scatter_zi.o(!!handler_zi)
    _printf_d                                0x000002f9   Thumb Code     0  _printf_d.o(.ARM.Collect$$_printf_percent$$00000009)
    _printf_percent                          0x000002f9   Thumb Code     0  _printf_percent.o(.ARM.Collect$$_printf_percent$$00000000)
    _printf_s                                0x000002ff   Thumb Code     0  _printf_s.o(.ARM.Collect$$_printf_percent$$00000014)
    _printf_percent_end                      0x00000305   Thumb Code     0  _printf_percent_end.o(.ARM.Collect$$_printf_percent$$00000017)
    __rt_lib_init                            0x00000309   Thumb Code     0  libinit.o(.ARM.Collect$$libinit$$00000000)
    __rt_lib_init_fp_1                       0x0000030b   Thumb Code     0  libinit2.o(.ARM.Collect$$libinit$$00000002)
    __rt_lib_init_heap_1                     0x0000030b   Thumb Code     0  libinit2.o(.ARM.Collect$$libinit$$0000000A)
    __rt_lib_init_preinit_1                  0x0000030b   Thumb Code     0  libinit2.o(.ARM.Collect$$libinit$$00000004)
    __rt_lib_init_rand_2                     0x0000030b   Thumb Code     0  libinit2.o(.ARM.Collect$$libinit$$0000000D)
    __rt_lib_init_user_alloc_1               0x0000030b   Thumb Code     0  libinit2.o(.ARM.Collect$$libinit$$0000000C)
    __rt_lib_init_alloca_1                   0x0000030f   Thumb Code     0  libinit2.o(.ARM.Collect$$libinit$$0000002E)
    __rt_lib_init_argv_1                     0x0000030f   Thumb Code     0  libinit2.o(.ARM.Collect$$libinit$$0000002C)
    __rt_lib_init_atexit_1                   0x0000030f   Thumb Code     0  libinit2.o(.ARM.Collect$$libinit$$0000001B)
    __rt_lib_init_clock_1                    0x0000030f   Thumb Code     0  libinit2.o(.ARM.Collect$$libinit$$00000021)
    __rt_lib_init_cpp_1                      0x0000030f   Thumb Code     0  libinit2.o(.ARM.Collect$$libinit$$00000032)
    __rt_lib_init_exceptions_1               0x0000030f   Thumb Code     0  libinit2.o(.ARM.Collect$$libinit$$00000030)
    __rt_lib_init_fp_trap_1                  0x0000030f   Thumb Code     0  libinit2.o(.ARM.Collect$$libinit$$0000001F)
    __rt_lib_init_getenv_1                   0x0000030f   Thumb Code     0  libinit2.o(.ARM.Collect$$libinit$$00000023)
    __rt_lib_init_lc_collate_1               0x0000030f   Thumb Code     0  libinit2.o(.ARM.Collect$$libinit$$00000011)
    __rt_lib_init_lc_ctype_1                 0x0000030f   Thumb Code     0  libinit2.o(.ARM.Collect$$libinit$$00000013)
    __rt_lib_init_lc_monetary_1              0x0000030f   Thumb Code     0  libinit2.o(.ARM.Collect$$libinit$$00000015)
    __rt_lib_init_lc_numeric_1               0x0000030f   Thumb Code     0  libinit2.o(.ARM.Collect$$libinit$$00000017)
    __rt_lib_init_lc_time_1                  0x0000030f   Thumb Code     0  libinit2.o(.ARM.Collect$$libinit$$00000019)
    __rt_lib_init_rand_1                     0x0000030f   Thumb Code     0  libinit2.o(.ARM.Collect$$libinit$$0000000E)
    __rt_lib_init_return                     0x0000030f   Thumb Code     0  libinit2.o(.ARM.Collect$$libinit$$00000033)
    __rt_lib_init_signal_1                   0x0000030f   Thumb Code     0  libinit2.o(.ARM.Collect$$libinit$$0000001D)
    __rt_lib_init_stdio_1                    0x0000030f   Thumb Code     0  libinit2.o(.ARM.Collect$$libinit$$00000025)
    __rt_lib_shutdown                        0x00000311   Thumb Code     0  libshutdown.o(.ARM.Collect$$libshutdown$$00000000)
    __rt_lib_shutdown_fp_trap_1              0x00000313   Thumb Code     0  libshutdown2.o(.ARM.Collect$$libshutdown$$00000006)
    __rt_lib_shutdown_heap_1                 0x00000313   Thumb Code     0  libshutdown2.o(.ARM.Collect$$libshutdown$$0000000E)
    __rt_lib_shutdown_return                 0x00000313   Thumb Code     0  libshutdown2.o(.ARM.Collect$$libshutdown$$0000000F)
    __rt_lib_shutdown_signal_1               0x00000313   Thumb Code     0  libshutdown2.o(.ARM.Collect$$libshutdown$$00000009)
    __rt_lib_shutdown_stdio_1                0x00000313   Thumb Code     0  libshutdown2.o(.ARM.Collect$$libshutdown$$00000003)
    __rt_lib_shutdown_user_alloc_1           0x00000313   Thumb Code     0  libshutdown2.o(.ARM.Collect$$libshutdown$$0000000B)
    __rt_entry                               0x00000315   Thumb Code     0  __rtentry.o(.ARM.Collect$$rtentry$$00000000)
    __rt_entry_presh_1                       0x00000315   Thumb Code     0  __rtentry2.o(.ARM.Collect$$rtentry$$00000002)
    __rt_entry_sh                            0x00000315   Thumb Code     0  __rtentry4.o(.ARM.Collect$$rtentry$$00000004)
    __rt_entry_li                            0x0000031b   Thumb Code     0  __rtentry2.o(.ARM.Collect$$rtentry$$0000000A)
    __rt_entry_postsh_1                      0x0000031b   Thumb Code     0  __rtentry2.o(.ARM.Collect$$rtentry$$00000009)
    __rt_entry_main                          0x0000031f   Thumb Code     0  __rtentry2.o(.ARM.Collect$$rtentry$$0000000D)
    __rt_entry_postli_1                      0x0000031f   Thumb Code     0  __rtentry2.o(.ARM.Collect$$rtentry$$0000000C)
    __rt_exit                                0x00000327   Thumb Code     0  rtexit.o(.ARM.Collect$$rtexit$$00000000)
    __rt_exit_ls                             0x00000329   Thumb Code     0  rtexit2.o(.ARM.Collect$$rtexit$$00000003)
    __rt_exit_prels_1                        0x00000329   Thumb Code     0  rtexit2.o(.ARM.Collect$$rtexit$$00000002)
    __rt_exit_exit                           0x0000032d   Thumb Code     0  rtexit2.o(.ARM.Collect$$rtexit$$00000004)
    rand                                     0x00000335   Thumb Code    48  rand.o(.emb_text)
    DisableInterrupts                        0x00000369   Thumb Code     0  startup.o(.text)
    EnableInterrupts                         0x0000036d   Thumb Code     0  startup.o(.text)
    StartCritical                            0x00000371   Thumb Code     0  startup.o(.text)
    EndCritical                              0x00000379   Thumb Code     0  startup.o(.text)
    WaitForInterrupt                         0x0000037f   Thumb Code     0  startup.o(.text)
    __user_initial_stackheap                 0x00000383   Thumb Code     0  startup.o(.text)
    __2snprintf                              0x00000399   Thumb Code    48  noretval__2snprintf.o(.text)
    __printf                                 0x000003cd   Thumb Code   104  __printf.o(.text)
    _printf_str                              0x00000435   Thumb Code    82  _printf_str.o(.text)
    _printf_int_dec                          0x00000489   Thumb Code   104  _printf_dec.o(.text)
    srand                                    0x00000501   Thumb Code    42  rand.o(.text)
    _rand_init                               0x0000052b   Thumb Code     4  rand.o(.text)
    __use_two_region_memory                  0x0000053d   Thumb Code     2  heapauxi.o(.text)
    __rt_heap_escrow$2region                 0x0000053f   Thumb Code     2  heapauxi.o(.text)
    __rt_heap_expand$2region                 0x00000541   Thumb Code     2  heapauxi.o(.text)
    _printf_int_common                       0x00000543   Thumb Code   178  _printf_intcommon.o(.text)
    _printf_char_common                      0x000005ff   Thumb Code    32  _printf_char_common.o(.text)
    _sputc                                   0x00000625   Thumb Code    10  _sputc.o(.text)
    _snputc                                  0x0000062f   Thumb Code    16  _snputc.o(.text)
    _printf_cs_common                        0x0000063f   Thumb Code    20  _printf_char.o(.text)
    _printf_char                             0x00000653   Thumb Code    16  _printf_char.o(.text)
    _printf_string                           0x00000663   Thumb Code     8  _printf_char.o(.text)
    __user_libspace                          0x0000066d   Thumb Code     8  libspace.o(.text)
    __user_perproc_libspace                  0x0000066d   Thumb Code     0  libspace.o(.text)
    __user_perthread_libspace                0x0000066d   Thumb Code     0  libspace.o(.text)
    __user_setup_stackheap                   0x00000675   Thumb Code    74  sys_stackheap_outer.o(.text)
    exit                                     0x000006bf   Thumb Code    12  exit.o(.text)
    __I$use$semihosting                      0x000006cb   Thumb Code     0  use_no_semi.o(.text)
    __use_no_semihosting_swi                 0x000006cb   Thumb Code     2  use_no_semi.o(.text)
    __semihosting_library_function           0x000006cd   Thumb Code     0  indicate_semi.o(.text)
    _sys_exit                                0x000006cd   Thumb Code     8  sys_exit.o(.text)
    ADC0Seq1_Handler                         0x000006d9   Thumb Code    30  ftp_input.o(i.ADC0Seq1_Handler)
    ADC0Seq2_Handler                         0x00000701   Thumb Code    30  ftp_input.o(i.ADC0Seq2_Handler)
    AppTimer_Init                            0x00000729   Thumb Code    32  ftp_apptimer.o(i.AppTimer_Init)
    Circuit_Convert                          0x00000755   Thumb Code    66  ftp_input.o(i.Circuit_Convert)
    Circuit_Parse                            0x00000799   Thumb Code    84  ftp_input.o(i.Circuit_Parse)
    Input_Init                               0x000007f1   Thumb Code   152  ftp_input.o(i.Input_Init)
    PLL_Init                                 0x000008b1   Thumb Code    90  pll.o(i.PLL_Init)
    ST7735_initR                             0x00000911   Thumb Code    16  ftp_st7735r.o(i.ST7735_initR)
    SysTick_Init                             0x00000925   Thumb Code    22  systick.o(i.SysTick_Init)
    SysTick_Wait                             0x0000093b   Thumb Code    26  systick.o(i.SysTick_Wait)
    SysTick_Wait10ms                         0x00000955   Thumb Code    24  systick.o(i.SysTick_Wait10ms)
    ball_ai_collision                        0x00000971   Thumb Code    54  ftp_pong.o(i.ball_ai_collision)
    ball_ends_collision                      0x000009a7   Thumb Code    24  ftp_pong.o(i.ball_ends_collision)
    ball_player_collision                    0x000009bf   Thumb Code    54  ftp_pong.o(i.ball_player_collision)
    ball_sides_collision                     0x000009f5   Thumb Code    24  ftp_pong.o(i.ball_sides_collision)
    c_Fill                                   0x00000a0d   Thumb Code    24  ftp_gfx.o(i.c_Fill)
    check_food_collision                     0x00000a25   Thumb Code    28  ftp_snake.o(i.check_food_collision)
    check_food_validity                      0x00000a41   Thumb Code    54  ftp_snake.o(i.check_food_validity)
    check_matrix_collision                   0x00000a77   Thumb Code   146  ftp_tetris.o(i.check_matrix_collision)
    check_self_collision                     0x00000b09   Thumb Code    52  ftp_snake.o(i.check_self_collision)
    check_wall_collision                     0x00000b3d   Thumb Code    84  ftp_snake.o(i.check_wall_collision)
    clearScreen                              0x00000b99   Thumb Code    56  ftp_gfx.o(i.clearScreen)
    commonInit                               0x00000be1   Thumb Code   240  ftp_st7735r.o(i.commonInit)
    d_DrawCharS                              0x00000cf1   Thumb Code   206  ftp_gfx.o(i.d_DrawCharS)
    d_DrawString                             0x00000dcd   Thumb Code    86  ftp_gfx.o(i.d_DrawString)
    d_Rect                                   0x00000e23   Thumb Code   132  ftp_gfx.o(i.d_Rect)
    format_dec_text                          0x00000ea9   Thumb Code    40  ftp_gfx.o(i.format_dec_text)
    format_text_dec                          0x00000ed9   Thumb Code    38  ftp_gfx.o(i.format_text_dec)
    init_appstate                            0x00000f09   Thumb Code    16  ftp_main.o(i.init_appstate)
    init_menu                                0x00000f19   Thumb Code    14  ftp_menu.o(i.init_menu)
    init_notes                               0x00000f27   Thumb Code    18  ftp_notes.o(i.init_notes)
    init_pong                                0x00000f39   Thumb Code   160  ftp_pong.o(i.init_pong)
    init_snake                               0x00000fd9   Thumb Code   232  ftp_snake.o(i.init_snake)
    main                                     0x000010c9   Thumb Code   128  ftp_main.o(i.main)
    menu_input                               0x00001149   Thumb Code    60  ftp_menu.o(i.menu_input)
    menu_main                                0x00001185   Thumb Code    98  ftp_menu.o(i.menu_main)
    move_ai_paddle                           0x000011ed   Thumb Code    30  ftp_pong.o(i.move_ai_paddle)
    move_ball                                0x0000120b   Thumb Code    22  ftp_pong.o(i.move_ball)
    move_body                                0x00001221   Thumb Code    36  ftp_snake.o(i.move_body)
    move_head                                0x00001245   Thumb Code    68  ftp_snake.o(i.move_head)
    move_player_paddle                       0x00001289   Thumb Code    28  ftp_pong.o(i.move_player_paddle)
    notes_main                               0x000012a5   Thumb Code    44  ftp_notes.o(i.notes_main)
    paddle_sides_collision                   0x000012d1   Thumb Code    24  ftp_pong.o(i.paddle_sides_collision)
    paint_main                               0x000012e9   Thumb Code     4  ftp_paint.o(i.paint_main)
    pong_game_over                           0x000012ed   Thumb Code    52  ftp_pong.o(i.pong_game_over)
    pong_input                               0x00001329   Thumb Code    44  ftp_pong.o(i.pong_input)
    pong_main                                0x00001355   Thumb Code    76  ftp_pong.o(i.pong_main)
    pushColor                                0x000013a1   Thumb Code    20  ftp_st7735r.o(i.pushColor)
    r_Pixel                                  0x000013b5   Thumb Code    22  ftp_gfx.o(i.r_Pixel)
    r_Rect                                   0x000013cb   Thumb Code    52  ftp_gfx.o(i.r_Rect)
    readCmdList                              0x000013ff   Thumb Code    80  ftp_st7735r.o(i.readCmdList)
    render_ball                              0x0000144f   Thumb Code    90  ftp_pong.o(i.render_ball)
    render_border                            0x000014a9   Thumb Code   128  ftp_menu.o(i.render_border)
    render_notes_icon                        0x0000152d   Thumb Code   102  ftp_menu.o(i.render_notes_icon)
    render_paddle                            0x00001593   Thumb Code    90  ftp_pong.o(i.render_paddle)
    render_paint_icon                        0x000015ed   Thumb Code    72  ftp_menu.o(i.render_paint_icon)
    render_pong_icon                         0x00001635   Thumb Code   126  ftp_menu.o(i.render_pong_icon)
    render_snake                             0x000016b3   Thumb Code   138  ftp_snake.o(i.render_snake)
    render_snake_icon                        0x0000173d   Thumb Code   368  ftp_menu.o(i.render_snake_icon)
    render_tetris_icon                       0x000018ad   Thumb Code   276  ftp_menu.o(i.render_tetris_icon)
    setAddrWindow                            0x000019c1   Thumb Code   100  ftp_st7735r.o(i.setAddrWindow)
    setDirection                             0x00001a29   Thumb Code    68  ftp_st7735r.o(i.setDirection)
    snake_game_over                          0x00001a71   Thumb Code    52  ftp_snake.o(i.snake_game_over)
    snake_input                              0x00001aad   Thumb Code   100  ftp_snake.o(i.snake_input)
    snake_main                               0x00001b11   Thumb Code    74  ftp_snake.o(i.snake_main)
    tetris_input                             0x00001b5d   Thumb Code    34  ftp_tetris.o(i.tetris_input)
    tetris_main                              0x00001b89   Thumb Code    46  ftp_tetris.o(i.tetris_main)
    update_ai_paddle                         0x00001bb7   Thumb Code    44  ftp_pong.o(i.update_ai_paddle)
    update_appstate                          0x00001be3   Thumb Code    60  ftp_menu.o(i.update_appstate)
    update_ball                              0x00001c1f   Thumb Code    88  ftp_pong.o(i.update_ball)
    update_player_paddle                     0x00001c77   Thumb Code    40  ftp_pong.o(i.update_player_paddle)
    update_snake_gamestate                   0x00001ca1   Thumb Code   294  ftp_snake.o(i.update_snake_gamestate)
    update_tetrisgamestate                   0x00001dd5   Thumb Code    10  ftp_tetris.o(i.update_tetrisgamestate)
    v_Count                                  0x00001ddf   Thumb Code    20  ftp_gfx.o(i.v_Count)
    writeCommand                             0x00001df5   Thumb Code    24  ftp_st7735r.o(i.writeCommand)
    writeData                                0x00001e15   Thumb Code    18  ftp_st7735r.o(i.writeData)
    colors                                   0x00001e30   Data          16  ftp_gfx.o(.constdata)
    Region$$Table$$Base                      0x0000233c   Number         0  anon$$obj.o(Region$$Table)
    Region$$Table$$Limit                     0x0000235c   Number         0  anon$$obj.o(Region$$Table)
    ScreenX                                  0x20000000   Data           1  ftp_st7735r.o(.data)
    ScreenY                                  0x20000001   Data           1  ftp_st7735r.o(.data)
    ScreenW                                  0x20000002   Data           1  ftp_st7735r.o(.data)
    ScreenH                                  0x20000003   Data           1  ftp_st7735r.o(.data)
    initCmdList                              0x20000004   Data         113  ftp_st7735r.o(.data)
    IndexCircuit                             0x20000076   Data           2  ftp_input.o(.data)
    MiddleCircuit                            0x20000078   Data           2  ftp_input.o(.data)
    RingCircuit                              0x2000007a   Data           2  ftp_input.o(.data)
    PinkyCircuit                             0x2000007c   Data           2  ftp_input.o(.data)
    IndexFSR                                 0x2000007e   Data           2  ftp_input.o(.data)
    MiddleFSR                                0x20000080   Data           2  ftp_input.o(.data)
    RingFSR                                  0x20000082   Data           2  ftp_input.o(.data)
    PinkyFSR                                 0x20000084   Data           2  ftp_input.o(.data)
    ICON_X                                   0x20000086   Data           5  ftp_menu.o(.data)
    ICON_Y                                   0x2000008b   Data           5  ftp_menu.o(.data)
    PongGameOver                             0x20000090   Data          11  ftp_pong.o(.data)
    PongYourScoreIs                          0x2000009b   Data          15  ftp_pong.o(.data)
    SnakeGameScore                           0x200000aa   Data           7  ftp_snake.o(.data)
    SnakeGameOver                            0x200000b1   Data          11  ftp_snake.o(.data)
    SnakeYourScoreIs                         0x200000bc   Data          15  ftp_snake.o(.data)
    _random_number_data                      0x200000cc   Data         228  rand.o(.bss)
    __libspace_start                         0x200001b0   Data          96  libspace.o(.bss)
    __temporary_stack_top$libspace           0x20000210   Data           0  libspace.o(.bss)



==============================================================================

Memory Map of the image

  Image Entry point : 0x0000026d

  Load Region LR_1 (Base: 0x00000000, Size: 0x00002428, Max: 0xffffffff, ABSOLUTE)

    Execution Region ER_RO (Base: 0x00000000, Size: 0x0000235c, Max: 0xffffffff, ABSOLUTE)

    Base Addr    Size         Type   Attr      Idx    E Section Name        Object

    0x00000000   0x00000284   Code   RO          339  * RESET               startup.o
    0x00000284   0x00000008   Code   RO          864  * !!!main             c_w.l(__main.o)
    0x0000028c   0x00000034   Code   RO         1135    !!!scatter          c_w.l(__scatter.o)
    0x000002c0   0x0000001a   Code   RO         1137    !!handler_copy      c_w.l(__scatter_copy.o)
    0x000002da   0x00000002   PAD
    0x000002dc   0x0000001c   Code   RO         1139    !!handler_zi        c_w.l(__scatter_zi.o)
    0x000002f8   0x00000000   Code   RO          852    .ARM.Collect$$_printf_percent$$00000000  c_w.l(_printf_percent.o)
    0x000002f8   0x00000006   Code   RO          851    .ARM.Collect$$_printf_percent$$00000009  c_w.l(_printf_d.o)
    0x000002fe   0x00000006   Code   RO          850    .ARM.Collect$$_printf_percent$$00000014  c_w.l(_printf_s.o)
    0x00000304   0x00000004   Code   RO          915    .ARM.Collect$$_printf_percent$$00000017  c_w.l(_printf_percent_end.o)
    0x00000308   0x00000002   Code   RO         1054    .ARM.Collect$$libinit$$00000000  c_w.l(libinit.o)
    0x0000030a   0x00000000   Code   RO          919    .ARM.Collect$$libinit$$00000002  c_w.l(libinit2.o)
    0x0000030a   0x00000000   Code   RO          921    .ARM.Collect$$libinit$$00000004  c_w.l(libinit2.o)
    0x0000030a   0x00000000   Code   RO          924    .ARM.Collect$$libinit$$0000000A  c_w.l(libinit2.o)
    0x0000030a   0x00000000   Code   RO          926    .ARM.Collect$$libinit$$0000000C  c_w.l(libinit2.o)
    0x0000030a   0x00000004   Code   RO          927    .ARM.Collect$$libinit$$0000000D  c_w.l(libinit2.o)
    0x0000030e   0x00000000   Code   RO          928    .ARM.Collect$$libinit$$0000000E  c_w.l(libinit2.o)
    0x0000030e   0x00000000   Code   RO          931    .ARM.Collect$$libinit$$00000011  c_w.l(libinit2.o)
    0x0000030e   0x00000000   Code   RO          933    .ARM.Collect$$libinit$$00000013  c_w.l(libinit2.o)
    0x0000030e   0x00000000   Code   RO          935    .ARM.Collect$$libinit$$00000015  c_w.l(libinit2.o)
    0x0000030e   0x00000000   Code   RO          937    .ARM.Collect$$libinit$$00000017  c_w.l(libinit2.o)
    0x0000030e   0x00000000   Code   RO          939    .ARM.Collect$$libinit$$00000019  c_w.l(libinit2.o)
    0x0000030e   0x00000000   Code   RO          941    .ARM.Collect$$libinit$$0000001B  c_w.l(libinit2.o)
    0x0000030e   0x00000000   Code   RO          943    .ARM.Collect$$libinit$$0000001D  c_w.l(libinit2.o)
    0x0000030e   0x00000000   Code   RO          945    .ARM.Collect$$libinit$$0000001F  c_w.l(libinit2.o)
    0x0000030e   0x00000000   Code   RO          947    .ARM.Collect$$libinit$$00000021  c_w.l(libinit2.o)
    0x0000030e   0x00000000   Code   RO          949    .ARM.Collect$$libinit$$00000023  c_w.l(libinit2.o)
    0x0000030e   0x00000000   Code   RO          951    .ARM.Collect$$libinit$$00000025  c_w.l(libinit2.o)
    0x0000030e   0x00000000   Code   RO          955    .ARM.Collect$$libinit$$0000002C  c_w.l(libinit2.o)
    0x0000030e   0x00000000   Code   RO          957    .ARM.Collect$$libinit$$0000002E  c_w.l(libinit2.o)
    0x0000030e   0x00000000   Code   RO          959    .ARM.Collect$$libinit$$00000030  c_w.l(libinit2.o)
    0x0000030e   0x00000000   Code   RO          961    .ARM.Collect$$libinit$$00000032  c_w.l(libinit2.o)
    0x0000030e   0x00000002   Code   RO          962    .ARM.Collect$$libinit$$00000033  c_w.l(libinit2.o)
    0x00000310   0x00000002   Code   RO         1097    .ARM.Collect$$libshutdown$$00000000  c_w.l(libshutdown.o)
    0x00000312   0x00000000   Code   RO         1104    .ARM.Collect$$libshutdown$$00000003  c_w.l(libshutdown2.o)
    0x00000312   0x00000000   Code   RO         1107    .ARM.Collect$$libshutdown$$00000006  c_w.l(libshutdown2.o)
    0x00000312   0x00000000   Code   RO         1110    .ARM.Collect$$libshutdown$$00000009  c_w.l(libshutdown2.o)
    0x00000312   0x00000000   Code   RO         1112    .ARM.Collect$$libshutdown$$0000000B  c_w.l(libshutdown2.o)
    0x00000312   0x00000000   Code   RO         1115    .ARM.Collect$$libshutdown$$0000000E  c_w.l(libshutdown2.o)
    0x00000312   0x00000002   Code   RO         1116    .ARM.Collect$$libshutdown$$0000000F  c_w.l(libshutdown2.o)
    0x00000314   0x00000000   Code   RO          902    .ARM.Collect$$rtentry$$00000000  c_w.l(__rtentry.o)
    0x00000314   0x00000000   Code   RO         1005    .ARM.Collect$$rtentry$$00000002  c_w.l(__rtentry2.o)
    0x00000314   0x00000006   Code   RO         1017    .ARM.Collect$$rtentry$$00000004  c_w.l(__rtentry4.o)
    0x0000031a   0x00000000   Code   RO         1007    .ARM.Collect$$rtentry$$00000009  c_w.l(__rtentry2.o)
    0x0000031a   0x00000004   Code   RO         1008    .ARM.Collect$$rtentry$$0000000A  c_w.l(__rtentry2.o)
    0x0000031e   0x00000000   Code   RO         1010    .ARM.Collect$$rtentry$$0000000C  c_w.l(__rtentry2.o)
    0x0000031e   0x00000008   Code   RO         1011    .ARM.Collect$$rtentry$$0000000D  c_w.l(__rtentry2.o)
    0x00000326   0x00000002   Code   RO         1061    .ARM.Collect$$rtexit$$00000000  c_w.l(rtexit.o)
    0x00000328   0x00000000   Code   RO         1075    .ARM.Collect$$rtexit$$00000002  c_w.l(rtexit2.o)
    0x00000328   0x00000004   Code   RO         1076    .ARM.Collect$$rtexit$$00000003  c_w.l(rtexit2.o)
    0x0000032c   0x00000006   Code   RO         1077    .ARM.Collect$$rtexit$$00000004  c_w.l(rtexit2.o)
    0x00000332   0x00000002   PAD
    0x00000334   0x00000034   Code   RO          853    .emb_text           c_w.l(rand.o)
    0x00000368   0x00000030   Code   RO          340    .text               startup.o
    0x00000398   0x00000034   Code   RO          822    .text               c_w.l(noretval__2snprintf.o)
    0x000003cc   0x00000068   Code   RO          824    .text               c_w.l(__printf.o)
    0x00000434   0x00000052   Code   RO          826    .text               c_w.l(_printf_str.o)
    0x00000486   0x00000002   PAD
    0x00000488   0x00000078   Code   RO          828    .text               c_w.l(_printf_dec.o)
    0x00000500   0x0000003c   Code   RO          854    .text               c_w.l(rand.o)
    0x0000053c   0x00000006   Code   RO          862    .text               c_w.l(heapauxi.o)
    0x00000542   0x000000b2   Code   RO          905    .text               c_w.l(_printf_intcommon.o)
    0x000005f4   0x00000030   Code   RO          907    .text               c_w.l(_printf_char_common.o)
    0x00000624   0x0000000a   Code   RO          909    .text               c_w.l(_sputc.o)
    0x0000062e   0x00000010   Code   RO          911    .text               c_w.l(_snputc.o)
    0x0000063e   0x0000002c   Code   RO          913    .text               c_w.l(_printf_char.o)
    0x0000066a   0x00000002   PAD
    0x0000066c   0x00000008   Code   RO         1038    .text               c_w.l(libspace.o)
    0x00000674   0x0000004a   Code   RO         1041    .text               c_w.l(sys_stackheap_outer.o)
    0x000006be   0x0000000c   Code   RO         1043    .text               c_w.l(exit.o)
    0x000006ca   0x00000002   Code   RO         1071    .text               c_w.l(use_no_semi.o)
    0x000006cc   0x00000000   Code   RO         1073    .text               c_w.l(indicate_semi.o)
    0x000006cc   0x0000000c   Code   RO         1089    .text               c_w.l(sys_exit.o)
    0x000006d8   0x00000028   Code   RO          347    i.ADC0Seq1_Handler  ftp_input.o
    0x00000700   0x00000028   Code   RO          348    i.ADC0Seq2_Handler  ftp_input.o
    0x00000728   0x0000002c   Code   RO          806    i.AppTimer_Init     ftp_apptimer.o
    0x00000754   0x00000042   Code   RO          349    i.Circuit_Convert   ftp_input.o
    0x00000796   0x00000002   PAD
    0x00000798   0x00000058   Code   RO          350    i.Circuit_Parse     ftp_input.o
    0x000007f0   0x000000c0   Code   RO          353    i.Input_Init        ftp_input.o
    0x000008b0   0x00000060   Code   RO          301    i.PLL_Init          pll.o
    0x00000910   0x00000014   Code   RO          217    i.ST7735_initR      ftp_st7735r.o
    0x00000924   0x00000016   Code   RO          313    i.SysTick_Init      systick.o
    0x0000093a   0x0000001a   Code   RO          314    i.SysTick_Wait      systick.o
    0x00000954   0x0000001c   Code   RO          315    i.SysTick_Wait10ms  systick.o
    0x00000970   0x00000036   Code   RO          527    i.ball_ai_collision  ftp_pong.o
    0x000009a6   0x00000018   Code   RO          528    i.ball_ends_collision  ftp_pong.o
    0x000009be   0x00000036   Code   RO          529    i.ball_player_collision  ftp_pong.o
    0x000009f4   0x00000018   Code   RO          530    i.ball_sides_collision  ftp_pong.o
    0x00000a0c   0x00000018   Code   RO            2    i.c_Fill            ftp_gfx.o
    0x00000a24   0x0000001c   Code   RO          639    i.check_food_collision  ftp_snake.o
    0x00000a40   0x00000036   Code   RO          640    i.check_food_validity  ftp_snake.o
    0x00000a76   0x00000092   Code   RO          722    i.check_matrix_collision  ftp_tetris.o
    0x00000b08   0x00000034   Code   RO          641    i.check_self_collision  ftp_snake.o
    0x00000b3c   0x0000005c   Code   RO          642    i.check_wall_collision  ftp_snake.o
    0x00000b98   0x00000048   Code   RO            4    i.clearScreen       ftp_gfx.o
    0x00000be0   0x00000110   Code   RO          218    i.commonInit        ftp_st7735r.o
    0x00000cf0   0x000000dc   Code   RO            6    i.d_DrawCharS       ftp_gfx.o
    0x00000dcc   0x00000056   Code   RO            7    i.d_DrawString      ftp_gfx.o
    0x00000e22   0x00000084   Code   RO            8    i.d_Rect            ftp_gfx.o
    0x00000ea6   0x00000002   PAD
    0x00000ea8   0x00000030   Code   RO            9    i.format_dec_text   ftp_gfx.o
    0x00000ed8   0x00000030   Code   RO           10    i.format_text_dec   ftp_gfx.o
    0x00000f08   0x00000010   Code   RO          145    i.init_appstate     ftp_main.o
    0x00000f18   0x0000000e   Code   RO          401    i.init_menu         ftp_menu.o
    0x00000f26   0x00000012   Code   RO          471    i.init_notes        ftp_notes.o
    0x00000f38   0x000000a0   Code   RO          531    i.init_pong         ftp_pong.o
    0x00000fd8   0x000000f0   Code   RO          643    i.init_snake        ftp_snake.o
    0x000010c8   0x00000080   Code   RO          146    i.main              ftp_main.o
    0x00001148   0x0000003c   Code   RO          402    i.menu_input        ftp_menu.o
    0x00001184   0x00000068   Code   RO          403    i.menu_main         ftp_menu.o
    0x000011ec   0x0000001e   Code   RO          532    i.move_ai_paddle    ftp_pong.o
    0x0000120a   0x00000016   Code   RO          533    i.move_ball         ftp_pong.o
    0x00001220   0x00000024   Code   RO          644    i.move_body         ftp_snake.o
    0x00001244   0x00000044   Code   RO          645    i.move_head         ftp_snake.o
    0x00001288   0x0000001c   Code   RO          534    i.move_player_paddle  ftp_pong.o
    0x000012a4   0x0000002c   Code   RO          473    i.notes_main        ftp_notes.o
    0x000012d0   0x00000018   Code   RO          535    i.paddle_sides_collision  ftp_pong.o
    0x000012e8   0x00000004   Code   RO          515    i.paint_main        ftp_paint.o
    0x000012ec   0x0000003c   Code   RO          536    i.pong_game_over    ftp_pong.o
    0x00001328   0x0000002c   Code   RO          537    i.pong_input        ftp_pong.o
    0x00001354   0x0000004c   Code   RO          538    i.pong_main         ftp_pong.o
    0x000013a0   0x00000014   Code   RO          222    i.pushColor         ftp_st7735r.o
    0x000013b4   0x00000016   Code   RO           12    i.r_Pixel           ftp_gfx.o
    0x000013ca   0x00000034   Code   RO           13    i.r_Rect            ftp_gfx.o
    0x000013fe   0x00000050   Code   RO          223    i.readCmdList       ftp_st7735r.o
    0x0000144e   0x0000005a   Code   RO          539    i.render_ball       ftp_pong.o
    0x000014a8   0x00000084   Code   RO          404    i.render_border     ftp_menu.o
    0x0000152c   0x00000066   Code   RO          405    i.render_notes_icon  ftp_menu.o
    0x00001592   0x0000005a   Code   RO          540    i.render_paddle     ftp_pong.o
    0x000015ec   0x00000048   Code   RO          406    i.render_paint_icon  ftp_menu.o
    0x00001634   0x0000007e   Code   RO          407    i.render_pong_icon  ftp_menu.o
    0x000016b2   0x0000008a   Code   RO          646    i.render_snake      ftp_snake.o
    0x0000173c   0x00000170   Code   RO          408    i.render_snake_icon  ftp_menu.o
    0x000018ac   0x00000114   Code   RO          409    i.render_tetris_icon  ftp_menu.o
    0x000019c0   0x00000068   Code   RO          224    i.setAddrWindow     ftp_st7735r.o
    0x00001a28   0x00000048   Code   RO          226    i.setDirection      ftp_st7735r.o
    0x00001a70   0x0000003c   Code   RO          647    i.snake_game_over   ftp_snake.o
    0x00001aac   0x00000064   Code   RO          648    i.snake_input       ftp_snake.o
    0x00001b10   0x0000004a   Code   RO          649    i.snake_main        ftp_snake.o
    0x00001b5a   0x00000002   PAD
    0x00001b5c   0x0000002c   Code   RO          728    i.tetris_input      ftp_tetris.o
    0x00001b88   0x0000002e   Code   RO          729    i.tetris_main       ftp_tetris.o
    0x00001bb6   0x0000002c   Code   RO          541    i.update_ai_paddle  ftp_pong.o
    0x00001be2   0x0000003c   Code   RO          410    i.update_appstate   ftp_menu.o
    0x00001c1e   0x00000058   Code   RO          542    i.update_ball       ftp_pong.o
    0x00001c76   0x00000028   Code   RO          543    i.update_player_paddle  ftp_pong.o
    0x00001c9e   0x00000002   PAD
    0x00001ca0   0x00000134   Code   RO          650    i.update_snake_gamestate  ftp_snake.o
    0x00001dd4   0x0000000a   Code   RO          730    i.update_tetrisgamestate  ftp_tetris.o
    0x00001dde   0x00000014   Code   RO          109    i.v_Count           ftp_gfx.o
    0x00001df2   0x00000002   PAD
    0x00001df4   0x00000020   Code   RO          227    i.writeCommand      ftp_st7735r.o
    0x00001e14   0x0000001c   Code   RO          228    i.writeData         ftp_st7735r.o
    0x00001e30   0x0000050b   Data   RO           16    .constdata          ftp_gfx.o
    0x0000233b   0x00000001   PAD
    0x0000233c   0x00000020   Data   RO         1133    Region$$Table       anon$$obj.o


    Execution Region ER_RW (Base: 0x20000000, Size: 0x000000cc, Max: 0xffffffff, ABSOLUTE)

    Base Addr    Size         Type   Attr      Idx    E Section Name        Object

    0x20000000   0x00000075   Data   RW          229    .data               ftp_st7735r.o
    0x20000075   0x00000001   PAD
    0x20000076   0x00000010   Data   RW          354    .data               ftp_input.o
    0x20000086   0x0000000a   Data   RW          411    .data               ftp_menu.o
    0x20000090   0x0000001a   Data   RW          545    .data               ftp_pong.o
    0x200000aa   0x00000021   Data   RW          651    .data               ftp_snake.o


    Execution Region ER_ZI (Base: 0x200000cc, Size: 0x00000544, Max: 0xffffffff, ABSOLUTE)

    Base Addr    Size         Type   Attr      Idx    E Section Name        Object

    0x200000cc   0x000000e4   Zero   RW          855    .bss                c_w.l(rand.o)
    0x200001b0   0x00000060   Zero   RW         1039    .bss                c_w.l(libspace.o)
    0x20000210   0x00000000   Zero   RW          338    HEAP                startup.o
    0x20000210   0x00000400   Zero   RW          337    STACK               startup.o


==============================================================================

Image component sizes


      Code (inc. data)   RO Data    RW Data    ZI Data      Debug   Object Name

        44         12          0          0          0        420   ftp_apptimer.o
       724         48       1291          0          0      11707   ftp_gfx.o
       426         64          0         16          0       3259   ftp_input.o
       144          6          0          0          0       6615   ftp_main.o
      1314         10          0         10          0       5851   ftp_menu.o
        62          0          0          0          0       1342   ftp_notes.o
         4          0          0          0          0        409   ftp_paint.o
       952          8          0         26          0       9329   ftp_pong.o
      1250         38          0         33          0       7389   ftp_snake.o
       628         70          0        117          0       4962   ftp_st7735r.o
       246         10          0          0          0       2687   ftp_tetris.o
        96          6          0          0          0        415   pll.o
       692        632          0          0       1024        988   startup.o
        76          4          0          0          0       1841   systick.o

    ----------------------------------------------------------------------
      6668        908       1324        204       1024      57214   Object Totals
         0          0         32          0          0          0   (incl. Generated)
        10          0          1          2          0          0   (incl. Padding)

    ----------------------------------------------------------------------

      Code (inc. data)   RO Data    RW Data    ZI Data      Debug   Library Member Name

         8          0          0          0          0         68   __main.o
       104          0          0          0          0         84   __printf.o
         0          0          0          0          0          0   __rtentry.o
        12          0          0          0          0          0   __rtentry2.o
         6          0          0          0          0          0   __rtentry4.o
        52          8          0          0          0          0   __scatter.o
        26          0          0          0          0          0   __scatter_copy.o
        28          0          0          0          0          0   __scatter_zi.o
        44          0          0          0          0        108   _printf_char.o
        48          6          0          0          0         96   _printf_char_common.o
         6          0          0          0          0          0   _printf_d.o
       120         16          0          0          0         92   _printf_dec.o
       178          0          0          0          0         88   _printf_intcommon.o
         0          0          0          0          0          0   _printf_percent.o
         4          0          0          0          0          0   _printf_percent_end.o
         6          0          0          0          0          0   _printf_s.o
        82          0          0          0          0         80   _printf_str.o
        16          0          0          0          0         68   _snputc.o
        10          0          0          0          0         68   _sputc.o
        12          0          0          0          0         72   exit.o
         6          0          0          0          0        152   heapauxi.o
         0          0          0          0          0          0   indicate_semi.o
         2          0          0          0          0          0   libinit.o
         6          0          0          0          0          0   libinit2.o
         2          0          0          0          0          0   libshutdown.o
         2          0          0          0          0          0   libshutdown2.o
         8          4          0          0         96         68   libspace.o
        52          4          0          0          0         84   noretval__2snprintf.o
       112         18          0          0        228        160   rand.o
         2          0          0          0          0          0   rtexit.o
        10          0          0          0          0          0   rtexit2.o
        12          4          0          0          0         68   sys_exit.o
        74          0          0          0          0         80   sys_stackheap_outer.o
         2          0          0          0          0         68   use_no_semi.o

    ----------------------------------------------------------------------
      1060         60          0          0        324       1504   Library Totals
         8          0          0          0          0          0   (incl. Padding)

    ----------------------------------------------------------------------

      Code (inc. data)   RO Data    RW Data    ZI Data      Debug   Library Name

      1052         60          0          0        324       1504   c_w.l

    ----------------------------------------------------------------------
      1060         60          0          0        324       1504   Library Totals

    ----------------------------------------------------------------------

==============================================================================


      Code (inc. data)   RO Data    RW Data    ZI Data      Debug   

      7728        968       1324        204       1348      54242   Grand Totals
      7728        968       1324        204       1348      54242   ELF Image Totals
      7728        968       1324        204          0          0   ROM Totals

==============================================================================

    Total RO  Size (Code + RO Data)                 9052 (   8.84kB)
    Total RW  Size (RW Data + ZI Data)              1552 (   1.52kB)
    Total ROM Size (Code + RO Data + RW Data)       9256 (   9.04kB)

==============================================================================

