Component: Arm Compiler for Embedded 6.19 Tool: armlink [5e73cb00]

==============================================================================

Section Cross References

    ftp_gfx.o(.text) refers (Special) to _printf_percent.o(.ARM.Collect$$_printf_percent$$00000000) for _printf_percent
    ftp_gfx.o(.text) refers (Special) to _printf_s.o(.ARM.Collect$$_printf_percent$$00000014) for _printf_s
    ftp_gfx.o(.text) refers (Special) to _printf_d.o(.ARM.Collect$$_printf_percent$$00000009) for _printf_d
    ftp_gfx.o(.text) refers (Special) to _printf_dec.o(.text) for _printf_int_dec
    ftp_gfx.o(.text) refers (Special) to _printf_str.o(.text) for _printf_str
    ftp_gfx.o(.text.v_Swap) refers (Special) to _printf_percent.o(.ARM.Collect$$_printf_percent$$00000000) for _printf_percent
    ftp_gfx.o(.text.v_Swap) refers (Special) to _printf_s.o(.ARM.Collect$$_printf_percent$$00000014) for _printf_s
    ftp_gfx.o(.text.v_Swap) refers (Special) to _printf_d.o(.ARM.Collect$$_printf_percent$$00000009) for _printf_d
    ftp_gfx.o(.text.v_Swap) refers (Special) to _printf_dec.o(.text) for _printf_int_dec
    ftp_gfx.o(.text.v_Swap) refers (Special) to _printf_str.o(.text) for _printf_str
    ftp_gfx.o(.ARM.exidx.text.v_Swap) refers (Special) to _printf_percent.o(.ARM.Collect$$_printf_percent$$00000000) for _printf_percent
    ftp_gfx.o(.ARM.exidx.text.v_Swap) refers (Special) to _printf_s.o(.ARM.Collect$$_printf_percent$$00000014) for _printf_s
    ftp_gfx.o(.ARM.exidx.text.v_Swap) refers (Special) to _printf_d.o(.ARM.Collect$$_printf_percent$$00000009) for _printf_d
    ftp_gfx.o(.ARM.exidx.text.v_Swap) refers (Special) to _printf_dec.o(.text) for _printf_int_dec
    ftp_gfx.o(.ARM.exidx.text.v_Swap) refers (Special) to _printf_str.o(.text) for _printf_str
    ftp_gfx.o(.ARM.exidx.text.v_Swap) refers to ftp_gfx.o(.text.v_Swap) for [Anonymous Symbol]
    ftp_gfx.o(.text.v_Clip) refers (Special) to _printf_percent.o(.ARM.Collect$$_printf_percent$$00000000) for _printf_percent
    ftp_gfx.o(.text.v_Clip) refers (Special) to _printf_s.o(.ARM.Collect$$_printf_percent$$00000014) for _printf_s
    ftp_gfx.o(.text.v_Clip) refers (Special) to _printf_d.o(.ARM.Collect$$_printf_percent$$00000009) for _printf_d
    ftp_gfx.o(.text.v_Clip) refers (Special) to _printf_dec.o(.text) for _printf_int_dec
    ftp_gfx.o(.text.v_Clip) refers (Special) to _printf_str.o(.text) for _printf_str
    ftp_gfx.o(.ARM.exidx.text.v_Clip) refers (Special) to _printf_percent.o(.ARM.Collect$$_printf_percent$$00000000) for _printf_percent
    ftp_gfx.o(.ARM.exidx.text.v_Clip) refers (Special) to _printf_s.o(.ARM.Collect$$_printf_percent$$00000014) for _printf_s
    ftp_gfx.o(.ARM.exidx.text.v_Clip) refers (Special) to _printf_d.o(.ARM.Collect$$_printf_percent$$00000009) for _printf_d
    ftp_gfx.o(.ARM.exidx.text.v_Clip) refers (Special) to _printf_dec.o(.text) for _printf_int_dec
    ftp_gfx.o(.ARM.exidx.text.v_Clip) refers (Special) to _printf_str.o(.text) for _printf_str
    ftp_gfx.o(.ARM.exidx.text.v_Clip) refers to ftp_gfx.o(.text.v_Clip) for [Anonymous Symbol]
    ftp_gfx.o(.text.v_Count) refers (Special) to _printf_percent.o(.ARM.Collect$$_printf_percent$$00000000) for _printf_percent
    ftp_gfx.o(.text.v_Count) refers (Special) to _printf_s.o(.ARM.Collect$$_printf_percent$$00000014) for _printf_s
    ftp_gfx.o(.text.v_Count) refers (Special) to _printf_d.o(.ARM.Collect$$_printf_percent$$00000009) for _printf_d
    ftp_gfx.o(.text.v_Count) refers (Special) to _printf_dec.o(.text) for _printf_int_dec
    ftp_gfx.o(.text.v_Count) refers (Special) to _printf_str.o(.text) for _printf_str
    ftp_gfx.o(.ARM.exidx.text.v_Count) refers (Special) to _printf_percent.o(.ARM.Collect$$_printf_percent$$00000000) for _printf_percent
    ftp_gfx.o(.ARM.exidx.text.v_Count) refers (Special) to _printf_s.o(.ARM.Collect$$_printf_percent$$00000014) for _printf_s
    ftp_gfx.o(.ARM.exidx.text.v_Count) refers (Special) to _printf_d.o(.ARM.Collect$$_printf_percent$$00000009) for _printf_d
    ftp_gfx.o(.ARM.exidx.text.v_Count) refers (Special) to _printf_dec.o(.text) for _printf_int_dec
    ftp_gfx.o(.ARM.exidx.text.v_Count) refers (Special) to _printf_str.o(.text) for _printf_str
    ftp_gfx.o(.ARM.exidx.text.v_Count) refers to ftp_gfx.o(.text.v_Count) for [Anonymous Symbol]
    ftp_gfx.o(.text.c_Fill) refers (Special) to _printf_percent.o(.ARM.Collect$$_printf_percent$$00000000) for _printf_percent
    ftp_gfx.o(.text.c_Fill) refers (Special) to _printf_s.o(.ARM.Collect$$_printf_percent$$00000014) for _printf_s
    ftp_gfx.o(.text.c_Fill) refers (Special) to _printf_d.o(.ARM.Collect$$_printf_percent$$00000009) for _printf_d
    ftp_gfx.o(.text.c_Fill) refers (Special) to _printf_dec.o(.text) for _printf_int_dec
    ftp_gfx.o(.text.c_Fill) refers (Special) to _printf_str.o(.text) for _printf_str
    ftp_gfx.o(.text.c_Fill) refers to ftp_st7735r.o(.text.pushColor) for pushColor
[...]
    ftp_gfx.o(.rodata.Font) refers (Special) to _printf_dec.o(.text) for _printf_int_dec
    ftp_gfx.o(.rodata.Font) refers (Special) to _printf_str.o(.text) for _printf_str
    ftp_main.o(.text.main) refers to pll.o(.text.PLL_Init) for PLL_Init
    ftp_main.o(.text.main) refers to systick.o(.text.SysTick_Init) for SysTick_Init
    ftp_main.o(.text.main) refers to ftp_st7735r.o(.text.ST7735_initR) for ST7735_initR
    ftp_main.o(.text.main) refers to ftp_input.o(.text.Input_Init) for Input_Init
    ftp_main.o(.text.main) refers to ftp_gfx.o(.text.clearScreen) for clearScreen
    ftp_main.o(.text.main) refers to ftp_input.o(.bss.IndexCircuit) for IndexCircuit
    ftp_main.o(.text.main) refers to ftp_main.o(.data.IndexText) for IndexText
    ftp_main.o(.text.main) refers to ftp_input.o(.bss.MiddleCircuit) for MiddleCircuit
    ftp_main.o(.text.main) refers to ftp_main.o(.data.MiddleText) for MiddleText
    ftp_main.o(.text.main) refers to ftp_input.o(.bss.RingCircuit) for RingCircuit
    ftp_main.o(.text.main) refers to ftp_main.o(.data.RingText) for RingText
    ftp_main.o(.text.main) refers to ftp_input.o(.bss.PinkyCircuit) for PinkyCircuit
    ftp_main.o(.text.main) refers to ftp_main.o(.data.PinkyText) for PinkyText
    ftp_main.o(.text.main) refers to startup.o(.text) for WaitForInterrupt
    ftp_main.o(.text.main) refers to ftp_gfx.o(.text.format_Print) for format_Print
    ftp_main.o(.ARM.exidx.text.main) refers to ftp_main.o(.text.main) for [Anonymous Symbol]
    ftp_st7735r.o(.ARM.exidx.text.writeCommand) refers to ftp_st7735r.o(.text.writeCommand) for [Anonymous Symbol]
    ftp_st7735r.o(.ARM.exidx.text.writeData) refers to ftp_st7735r.o(.text.writeData) for [Anonymous Symbol]
    ftp_st7735r.o(.text.setColRowStart) refers to ftp_st7735r.o(.bss.ScreenX) for ScreenX
    ftp_st7735r.o(.text.setColRowStart) refers to ftp_st7735r.o(.bss.ScreenY) for ScreenY
    ftp_st7735r.o(.ARM.exidx.text.setColRowStart) refers to ftp_st7735r.o(.text.setColRowStart) for [Anonymous Symbol]
    ftp_st7735r.o(.ARM.exidx.text.enableDisplay) refers to ftp_st7735r.o(.text.enableDisplay) for [Anonymous Symbol]
    ftp_st7735r.o(.ARM.exidx.text.enableTearing) refers to ftp_st7735r.o(.text.enableTearing) for [Anonymous Symbol]
    ftp_st7735r.o(.ARM.exidx.text.enableSleep) refers to ftp_st7735r.o(.text.enableSleep) for [Anonymous Symbol]
    ftp_st7735r.o(.text.setAddrWindow) refers to ftp_st7735r.o(.bss.ScreenX) for ScreenX
    ftp_st7735r.o(.text.setAddrWindow) refers to ftp_st7735r.o(.bss.ScreenY) for ScreenY
    ftp_st7735r.o(.ARM.exidx.text.setAddrWindow) refers to ftp_st7735r.o(.text.setAddrWindow) for [Anonymous Symbol]
    ftp_st7735r.o(.ARM.exidx.text.pushColor) refers to ftp_st7735r.o(.text.pushColor) for [Anonymous Symbol]
    ftp_st7735r.o(.text.setDirection) refers to ftp_st7735r.o(.data.ScreenW) for ScreenW
    ftp_st7735r.o(.text.setDirection) refers to ftp_st7735r.o(.data.ScreenH) for ScreenH
    ftp_st7735r.o(.ARM.exidx.text.setDirection) refers to ftp_st7735r.o(.text.setDirection) for [Anonymous Symbol]
    ftp_st7735r.o(.text.commonInit) refers to systick.o(.text.SysTick_Wait10ms) for SysTick_Wait10ms
    ftp_st7735r.o(.ARM.exidx.text.commonInit) refers to ftp_st7735r.o(.text.commonInit) for [Anonymous Symbol]
    ftp_st7735r.o(.text.readCmdList) refers to systick.o(.text.SysTick_Wait10ms) for SysTick_Wait10ms
    ftp_st7735r.o(.ARM.exidx.text.readCmdList) refers to ftp_st7735r.o(.text.readCmdList) for [Anonymous Symbol]
    ftp_st7735r.o(.text.ST7735_initR) refers to ftp_st7735r.o(.text.commonInit) for commonInit
    ftp_st7735r.o(.text.ST7735_initR) refers to ftp_st7735r.o(.data.initCmdList) for initCmdList
    ftp_st7735r.o(.text.ST7735_initR) refers to systick.o(.text.SysTick_Wait10ms) for SysTick_Wait10ms
    ftp_st7735r.o(.ARM.exidx.text.ST7735_initR) refers to ftp_st7735r.o(.text.ST7735_initR) for [Anonymous Symbol]
    pll.o(.ARM.exidx.text.PLL_Init) refers to pll.o(.text.PLL_Init) for [Anonymous Symbol]
    systick.o(.ARM.exidx.text.SysTick_Init) refers to systick.o(.text.SysTick_Init) for [Anonymous Symbol]
    systick.o(.ARM.exidx.text.SysTick_Wait) refers to systick.o(.text.SysTick_Wait) for [Anonymous Symbol]
    systick.o(.ARM.exidx.text.SysTick_Wait10ms) refers to systick.o(.text.SysTick_Wait10ms) for [Anonymous Symbol]
    startup.o(STACK) refers (Special) to heapauxi.o(.text) for __use_two_region_memory
    startup.o(HEAP) refers (Special) to heapauxi.o(.text) for __use_two_region_memory
    startup.o(RESET) refers (Special) to heapauxi.o(.text) for __use_two_region_memory
    startup.o(RESET) refers to startup.o(STACK) for StackMem
    startup.o(RESET) refers to ftp_input.o(.text.ADC0Seq1_Handler) for ADC0Seq1_Handler
    startup.o(RESET) refers to ftp_input.o(.text.ADC0Seq2_Handler) for ADC0Seq2_Handler
    startup.o(RESET) refers to __main.o(!!!main) for __main
    startup.o(.text) refers (Special) to heapauxi.o(.text) for __use_two_region_memory
    startup.o(.text) refers to startup.o(HEAP) for HeapMem
    startup.o(.text) refers to startup.o(STACK) for StackMem
    ftp_input.o(.text.ADC0Seq1_Handler) refers to ftp_input.o(.bss.IndexCircuit) for IndexCircuit
    ftp_input.o(.text.ADC0Seq1_Handler) refers to ftp_input.o(.bss.MiddleCircuit) for MiddleCircuit
    ftp_input.o(.text.ADC0Seq1_Handler) refers to ftp_input.o(.bss.RingCircuit) for RingCircuit
    ftp_input.o(.text.ADC0Seq1_Handler) refers to ftp_input.o(.bss.PinkyCircuit) for PinkyCircuit
    ftp_input.o(.ARM.exidx.text.ADC0Seq1_Handler) refers to ftp_input.o(.text.ADC0Seq1_Handler) for [Anonymous Symbol]
    ftp_input.o(.text.ADC0Seq2_Handler) refers to ftp_input.o(.bss.IndexFSR) for IndexFSR
    ftp_input.o(.text.ADC0Seq2_Handler) refers to ftp_input.o(.bss.MiddleFSR) for MiddleFSR
    ftp_input.o(.text.ADC0Seq2_Handler) refers to ftp_input.o(.bss.RingFSR) for RingFSR
    ftp_input.o(.text.ADC0Seq2_Handler) refers to ftp_input.o(.bss.PinkyFSR) for PinkyFSR
    ftp_input.o(.ARM.exidx.text.ADC0Seq2_Handler) refers to ftp_input.o(.text.ADC0Seq2_Handler) for [Anonymous Symbol]
    ftp_input.o(.ARM.exidx.text.Input_Init) refers to ftp_input.o(.text.Input_Init) for [Anonymous Symbol]
    ftp_pong.o(.text.pong_init) refers to ftp_gfx.o(.text.d_Rect) for d_Rect
    ftp_pong.o(.ARM.exidx.text.pong_init) refers to ftp_pong.o(.text.pong_init) for [Anonymous Symbol]
    ftp_pong.o(.text.pong_input) refers to ftp_input.o(.bss.IndexCircuit) for IndexCircuit
    ftp_pong.o(.text.pong_input) refers to ftp_input.o(.bss.MiddleCircuit) for MiddleCircuit
    ftp_pong.o(.ARM.exidx.text.pong_input) refers to ftp_pong.o(.text.pong_input) for [Anonymous Symbol]
    ftp_pong.o(.ARM.exidx.text.move_ball) refers to ftp_pong.o(.text.move_ball) for [Anonymous Symbol]
    ftp_pong.o(.ARM.exidx.text.ball_sides_collision) refers to ftp_pong.o(.text.ball_sides_collision) for [Anonymous Symbol]
    ftp_pong.o(.ARM.exidx.text.ball_ends_collision) refers to ftp_pong.o(.text.ball_ends_collision) for [Anonymous Symbol]
    ftp_pong.o(.ARM.exidx.text.ball_player_collision) refers to ftp_pong.o(.text.ball_player_collision) for [Anonymous Symbol]
    ftp_pong.o(.ARM.exidx.text.ball_ai_collision) refers to ftp_pong.o(.text.ball_ai_collision) for [Anonymous Symbol]
    ftp_pong.o(.text.render_ball) refers to ftp_gfx.o(.text.d_Rect) for d_Rect
    ftp_pong.o(.ARM.exidx.text.render_ball) refers to ftp_pong.o(.text.render_ball) for [Anonymous Symbol]
    ftp_pong.o(.text.update_ball) refers to ftp_gfx.o(.text.d_Rect) for d_Rect
    ftp_pong.o(.ARM.exidx.text.update_ball) refers to ftp_pong.o(.text.update_ball) for [Anonymous Symbol]
    ftp_pong.o(.ARM.exidx.text.move_player_paddle) refers to ftp_pong.o(.text.move_player_paddle) for [Anonymous Symbol]
    ftp_pong.o(.ARM.exidx.text.move_ai_paddle) refers to ftp_pong.o(.text.move_ai_paddle) for [Anonymous Symbol]
    ftp_pong.o(.ARM.exidx.text.paddle_sides_collision) refers to ftp_pong.o(.text.paddle_sides_collision) for [Anonymous Symbol]
    ftp_pong.o(.text.render_paddle) refers to ftp_gfx.o(.text.d_Rect) for d_Rect
    ftp_pong.o(.ARM.exidx.text.render_paddle) refers to ftp_pong.o(.text.render_paddle) for [Anonymous Symbol]
    ftp_pong.o(.text.update_player_paddle) refers to ftp_gfx.o(.text.d_Rect) for d_Rect
    ftp_pong.o(.ARM.exidx.text.update_player_paddle) refers to ftp_pong.o(.text.update_player_paddle) for [Anonymous Symbol]
    ftp_pong.o(.text.update_ai_paddle) refers to ftp_gfx.o(.text.d_Rect) for d_Rect
    ftp_pong.o(.ARM.exidx.text.update_ai_paddle) refers to ftp_pong.o(.text.update_ai_paddle) for [Anonymous Symbol]
    ftp_pong.o(.text.pong_main) refers to ftp_gfx.o(.text.clearScreen) for clearScreen
    ftp_pong.o(.text.pong_main) refers to ftp_gfx.o(.text.d_Rect) for d_Rect
    ftp_pong.o(.text.pong_main) refers to systick.o(.text.SysTick_Wait10ms) for SysTick_Wait10ms
    ftp_pong.o(.text.pong_main) refers to ftp_input.o(.bss.IndexCircuit) for IndexCircuit
    ftp_pong.o(.text.pong_main) refers to ftp_input.o(.bss.MiddleCircuit) for MiddleCircuit
    ftp_pong.o(.text.pong_main) refers to ftp_pong.o(.text.update_ball) for update_ball
    ftp_pong.o(.ARM.exidx.text.pong_main) refers to ftp_pong.o(.text.pong_main) for [Anonymous Symbol]
    __2snprintf.o(.text) refers to _printf_char_common.o(.text) for _printf_char_common
    __2snprintf.o(.text) refers to _snputc.o(.text) for _snputc
    noretval__2snprintf.o(.text) refers to _printf_char_common.o(.text) for _printf_char_common
    noretval__2snprintf.o(.text) refers to _snputc.o(.text) for _snputc
    __printf.o(.text) refers to _printf_percent.o(.ARM.Collect$$_printf_percent$$00000000) for _printf_percent
    _printf_str.o(.text) refers (Special) to _printf_char.o(.text) for _printf_cs_common
    _printf_dec.o(.text) refers to _printf_intcommon.o(.text) for _printf_int_common
    __printf_flags.o(.text) refers to _printf_percent.o(.ARM.Collect$$_printf_percent$$00000000) for _printf_percent
    __printf_flags.o(.text) refers to __printf_flags.o(.constdata) for .constdata
    __printf_ss.o(.text) refers to _printf_percent.o(.ARM.Collect$$_printf_percent$$00000000) for _printf_percent
    __printf_flags_ss.o(.text) refers to _printf_percent.o(.ARM.Collect$$_printf_percent$$00000000) for _printf_percent
    __printf_flags_ss.o(.text) refers to __printf_flags_ss.o(.constdata) for .constdata
    __printf_wp.o(.text) refers to __printf_wp.o(i._is_digit) for _is_digit
    __printf_wp.o(.text) refers to _printf_percent.o(.ARM.Collect$$_printf_percent$$00000000) for _printf_percent
    __printf_flags_wp.o(.text) refers to __printf_wp.o(i._is_digit) for _is_digit
    __printf_flags_wp.o(.text) refers to _printf_percent.o(.ARM.Collect$$_printf_percent$$00000000) for _printf_percent
    __printf_flags_wp.o(.text) refers to __printf_flags_wp.o(.constdata) for .constdata
    __printf_ss_wp.o(.text) refers to __printf_wp.o(i._is_digit) for _is_digit
    __printf_ss_wp.o(.text) refers to _printf_percent.o(.ARM.Collect$$_printf_percent$$00000000) for _printf_percent
    __printf_flags_ss_wp.o(.text) refers to __printf_wp.o(i._is_digit) for _is_digit
    __printf_flags_ss_wp.o(.text) refers to _printf_percent.o(.ARM.Collect$$_printf_percent$$00000000) for _printf_percent
    __printf_flags_ss_wp.o(.text) refers to __printf_flags_ss_wp.o(.constdata) for .constdata
    _printf_s.o(.ARM.Collect$$_printf_percent$$00000014) refers (Weak) to _printf_char.o(.text) for _printf_string
    _printf_d.o(.ARM.Collect$$_printf_percent$$00000009) refers (Weak) to _printf_dec.o(.text) for _printf_int_dec
    _printf_percent.o(.ARM.Collect$$_printf_percent$$00000000) refers (Special) to _printf_percent_end.o(.ARM.Collect$$_printf_percent$$00000017) for _printf_percent_end
    rand.o(.emb_text) refers (Special) to libinit2.o(.ARM.Collect$$libinit$$0000000F) for __rt_lib_init_rand_2
    rand.o(.emb_text) refers to rand.o(.text) for _rand_init
    rand.o(.emb_text) refers to rand.o(.bss) for _random_number_data
    rand.o(.text) refers (Special) to libinit2.o(.ARM.Collect$$libinit$$0000000F) for __rt_lib_init_rand_2
    rand.o(.text) refers to rand.o(.bss) for .bss
    rand.o(.bss) refers (Special) to libinit2.o(.ARM.Collect$$libinit$$0000000F) for __rt_lib_init_rand_2
    __main.o(!!!main) refers to __rtentry.o(.ARM.Collect$$rtentry$$00000000) for __rt_entry
    __rtentry.o(.ARM.Collect$$rtentry$$00000000) refers (Special) to __rtentry2.o(.ARM.Collect$$rtentry$$0000000A) for __rt_entry_li
    __rtentry.o(.ARM.Collect$$rtentry$$00000000) refers (Special) to __rtentry2.o(.ARM.Collect$$rtentry$$0000000D) for __rt_entry_main
    __rtentry.o(.ARM.Collect$$rtentry$$00000000) refers (Special) to __rtentry2.o(.ARM.Collect$$rtentry$$0000000C) for __rt_entry_postli_1
    __rtentry.o(.ARM.Collect$$rtentry$$00000000) refers (Special) to __rtentry2.o(.ARM.Collect$$rtentry$$00000009) for __rt_entry_postsh_1
    __rtentry.o(.ARM.Collect$$rtentry$$00000000) refers (Special) to __rtentry2.o(.ARM.Collect$$rtentry$$00000002) for __rt_entry_presh_1
    __rtentry.o(.ARM.Collect$$rtentry$$00000000) refers (Special) to __rtentry4.o(.ARM.Collect$$rtentry$$00000004) for __rt_entry_sh
    _printf_char_common.o(.text) refers to __printf.o(.text) for __printf
    _printf_char.o(.text) refers (Weak) to _printf_str.o(.text) for _printf_str
    libinit2.o(.ARM.Collect$$libinit$$0000000F) refers (Weak) to rand.o(.text) for _rand_init
    libinit2.o(.ARM.Collect$$libinit$$00000012) refers to libinit2.o(.ARM.Collect$$libinit$$00000011) for .ARM.Collect$$libinit$$00000011
    libinit2.o(.ARM.Collect$$libinit$$00000014) refers to libinit2.o(.ARM.Collect$$libinit$$00000011) for .ARM.Collect$$libinit$$00000011
    libinit2.o(.ARM.Collect$$libinit$$00000016) refers to libinit2.o(.ARM.Collect$$libinit$$00000011) for .ARM.Collect$$libinit$$00000011
    libinit2.o(.ARM.Collect$$libinit$$00000018) refers to libinit2.o(.ARM.Collect$$libinit$$00000011) for .ARM.Collect$$libinit$$00000011
    libinit2.o(.ARM.Collect$$libinit$$0000001A) refers to libinit2.o(.ARM.Collect$$libinit$$00000011) for .ARM.Collect$$libinit$$00000011
    libinit2.o(.ARM.Collect$$libinit$$00000028) refers to argv_veneer.o(.emb_text) for __ARM_argv_veneer
    libinit2.o(.ARM.Collect$$libinit$$00000029) refers to argv_veneer.o(.emb_text) for __ARM_argv_veneer
    __rtentry2.o(.ARM.Collect$$rtentry$$00000008) refers to boardinit2.o(.text) for _platform_post_stackheap_init
    __rtentry2.o(.ARM.Collect$$rtentry$$0000000A) refers to libinit.o(.ARM.Collect$$libinit$$00000000) for __rt_lib_init
    __rtentry2.o(.ARM.Collect$$rtentry$$0000000B) refers to boardinit3.o(.text) for _platform_post_lib_init
    __rtentry2.o(.ARM.Collect$$rtentry$$0000000D) refers to ftp_main.o(.text.main) for main
    __rtentry2.o(.ARM.Collect$$rtentry$$0000000D) refers to exit.o(.text) for exit
    __rtentry2.o(.ARM.exidx) refers to __rtentry2.o(.ARM.Collect$$rtentry$$00000001) for .ARM.Collect$$rtentry$$00000001
    __rtentry2.o(.ARM.exidx) refers to __rtentry2.o(.ARM.Collect$$rtentry$$00000008) for .ARM.Collect$$rtentry$$00000008
    __rtentry2.o(.ARM.exidx) refers to __rtentry2.o(.ARM.Collect$$rtentry$$0000000A) for .ARM.Collect$$rtentry$$0000000A
    __rtentry2.o(.ARM.exidx) refers to __rtentry2.o(.ARM.Collect$$rtentry$$0000000B) for .ARM.Collect$$rtentry$$0000000B
    __rtentry2.o(.ARM.exidx) refers to __rtentry2.o(.ARM.Collect$$rtentry$$0000000D) for .ARM.Collect$$rtentry$$0000000D
    __rtentry4.o(.ARM.Collect$$rtentry$$00000004) refers to sys_stackheap_outer.o(.text) for __user_setup_stackheap
    __rtentry4.o(.ARM.exidx) refers to __rtentry4.o(.ARM.Collect$$rtentry$$00000004) for .ARM.Collect$$rtentry$$00000004
    argv_veneer.o(.emb_text) refers to no_argv.o(.text) for __ARM_get_argv
    sys_stackheap_outer.o(.text) refers to libspace.o(.text) for __user_perproc_libspace
    sys_stackheap_outer.o(.text) refers to startup.o(.text) for __user_initial_stackheap
    exit.o(.text) refers to rtexit.o(.ARM.Collect$$rtexit$$00000000) for __rt_exit
    _get_argv_nomalloc.o(.text) refers (Special) to hrguard.o(.text) for __heap_region$guard
    _get_argv_nomalloc.o(.text) refers to defsig_rtmem_outer.o(.text) for __rt_SIGRTMEM
    _get_argv_nomalloc.o(.text) refers to sys_command.o(.text) for _sys_command_string
    libinit.o(.ARM.Collect$$libinit$$00000000) refers (Special) to libinit2.o(.ARM.Collect$$libinit$$00000030) for __rt_lib_init_alloca_1
    libinit.o(.ARM.Collect$$libinit$$00000000) refers (Special) to libinit2.o(.ARM.Collect$$libinit$$0000002E) for __rt_lib_init_argv_1
    libinit.o(.ARM.Collect$$libinit$$00000000) refers (Special) to libinit2.o(.ARM.Collect$$libinit$$0000001D) for __rt_lib_init_atexit_1
    libinit.o(.ARM.Collect$$libinit$$00000000) refers (Special) to libinit2.o(.ARM.Collect$$libinit$$00000023) for __rt_lib_init_clock_1
    libinit.o(.ARM.Collect$$libinit$$00000000) refers (Special) to libinit2.o(.ARM.Collect$$libinit$$00000034) for __rt_lib_init_cpp_1
    libinit.o(.ARM.Collect$$libinit$$00000000) refers (Special) to libinit2.o(.ARM.Collect$$libinit$$00000032) for __rt_lib_init_exceptions_1
    libinit.o(.ARM.Collect$$libinit$$00000000) refers (Special) to libinit2.o(.ARM.Collect$$libinit$$00000002) for __rt_lib_init_fp_1
    libinit.o(.ARM.Collect$$libinit$$00000000) refers (Special) to libinit2.o(.ARM.Collect$$libinit$$00000021) for __rt_lib_init_fp_trap_1
    libinit.o(.ARM.Collect$$libinit$$00000000) refers (Special) to libinit2.o(.ARM.Collect$$libinit$$00000025) for __rt_lib_init_getenv_1
    libinit.o(.ARM.Collect$$libinit$$00000000) refers (Special) to libinit2.o(.ARM.Collect$$libinit$$0000000C) for __rt_lib_init_heap_1
    libinit.o(.ARM.Collect$$libinit$$00000000) refers (Special) to libinit2.o(.ARM.Collect$$libinit$$00000013) for __rt_lib_init_lc_collate_1
    libinit.o(.ARM.Collect$$libinit$$00000000) refers (Special) to libinit2.o(.ARM.Collect$$libinit$$00000015) for __rt_lib_init_lc_ctype_1
    libinit.o(.ARM.Collect$$libinit$$00000000) refers (Special) to libinit2.o(.ARM.Collect$$libinit$$00000017) for __rt_lib_init_lc_monetary_1
    libinit.o(.ARM.Collect$$libinit$$00000000) refers (Special) to libinit2.o(.ARM.Collect$$libinit$$00000019) for __rt_lib_init_lc_numeric_1
    libinit.o(.ARM.Collect$$libinit$$00000000) refers (Special) to libinit2.o(.ARM.Collect$$libinit$$0000001B) for __rt_lib_init_lc_time_1
    libinit.o(.ARM.Collect$$libinit$$00000000) refers (Special) to libinit2.o(.ARM.Collect$$libinit$$00000006) for __rt_lib_init_preinit_1
    libinit.o(.ARM.Collect$$libinit$$00000000) refers (Special) to libinit2.o(.ARM.Collect$$libinit$$00000010) for __rt_lib_init_rand_1
    libinit.o(.ARM.Collect$$libinit$$00000000) refers (Special) to libinit2.o(.ARM.Collect$$libinit$$00000004) for __rt_lib_init_relocate_pie_1
    libinit.o(.ARM.Collect$$libinit$$00000000) refers (Special) to libinit2.o(.ARM.Collect$$libinit$$00000035) for __rt_lib_init_return
    libinit.o(.ARM.Collect$$libinit$$00000000) refers (Special) to libinit2.o(.ARM.Collect$$libinit$$0000001F) for __rt_lib_init_signal_1
    libinit.o(.ARM.Collect$$libinit$$00000000) refers (Special) to libinit2.o(.ARM.Collect$$libinit$$00000027) for __rt_lib_init_stdio_1
    libinit.o(.ARM.Collect$$libinit$$00000000) refers (Special) to libinit2.o(.ARM.Collect$$libinit$$0000000E) for __rt_lib_init_user_alloc_1
    sys_command.o(.text) refers (Special) to use_no_semi.o(.text) for __I$use$semihosting
    sys_command.o(.text) refers (Special) to indicate_semi.o(.text) for __semihosting_library_function
    sys_command_hlt.o(.text) refers (Special) to use_no_semi.o(.text) for __I$use$semihosting
    sys_command_hlt.o(.text) refers (Special) to indicate_semi.o(.text) for __semihosting_library_function
    libspace.o(.text) refers to libspace.o(.bss) for __libspace_start
    rtexit.o(.ARM.Collect$$rtexit$$00000000) refers (Special) to rtexit2.o(.ARM.Collect$$rtexit$$00000004) for __rt_exit_exit
    rtexit.o(.ARM.Collect$$rtexit$$00000000) refers (Special) to rtexit2.o(.ARM.Collect$$rtexit$$00000003) for __rt_exit_ls
    rtexit.o(.ARM.Collect$$rtexit$$00000000) refers (Special) to rtexit2.o(.ARM.Collect$$rtexit$$00000002) for __rt_exit_prels_1
    rtexit.o(.ARM.exidx) refers (Special) to rtexit2.o(.ARM.Collect$$rtexit$$00000004) for __rt_exit_exit
    rtexit.o(.ARM.exidx) refers (Special) to rtexit2.o(.ARM.Collect$$rtexit$$00000003) for __rt_exit_ls
    rtexit.o(.ARM.exidx) refers (Special) to rtexit2.o(.ARM.Collect$$rtexit$$00000002) for __rt_exit_prels_1
    rtexit.o(.ARM.exidx) refers to rtexit.o(.ARM.Collect$$rtexit$$00000000) for .ARM.Collect$$rtexit$$00000000
    defsig_rtmem_outer.o(.text) refers to defsig_rtmem_inner.o(.text) for __rt_SIGRTMEM_inner
    defsig_rtmem_outer.o(.text) refers to defsig_exit.o(.text) for __sig_exit
    defsig_rtmem_formal.o(.text) refers to rt_raise.o(.text) for __rt_raise
    rtexit2.o(.ARM.Collect$$rtexit$$00000003) refers to libshutdown.o(.ARM.Collect$$libshutdown$$00000000) for __rt_lib_shutdown
    rtexit2.o(.ARM.Collect$$rtexit$$00000004) refers to sys_exit.o(.text) for _sys_exit
    rtexit2.o(.ARM.exidx) refers to rtexit2.o(.ARM.Collect$$rtexit$$00000001) for .ARM.Collect$$rtexit$$00000001
    rtexit2.o(.ARM.exidx) refers to rtexit2.o(.ARM.Collect$$rtexit$$00000003) for .ARM.Collect$$rtexit$$00000003
    rtexit2.o(.ARM.exidx) refers to rtexit2.o(.ARM.Collect$$rtexit$$00000004) for .ARM.Collect$$rtexit$$00000004
    rt_raise.o(.text) refers to __raise.o(.text) for __raise
    rt_raise.o(.text) refers to sys_exit.o(.text) for _sys_exit
    defsig_exit.o(.text) refers to sys_exit.o(.text) for _sys_exit
    defsig_rtmem_inner.o(.text) refers to defsig_general.o(.text) for __default_signal_display
    sys_exit.o(.text) refers (Special) to use_no_semi.o(.text) for __I$use$semihosting
    sys_exit.o(.text) refers (Special) to indicate_semi.o(.text) for __semihosting_library_function
    sys_exit_hlt.o(.text) refers (Special) to use_no_semi.o(.text) for __I$use$semihosting
    sys_exit_hlt.o(.text) refers (Special) to indicate_semi.o(.text) for __semihosting_library_function
    __raise.o(.text) refers to defsig.o(CL$$defsig) for __default_signal_handler
    defsig_general.o(.text) refers to sys_wrch.o(.text) for _ttywrch
    libshutdown.o(.ARM.Collect$$libshutdown$$00000000) refers (Special) to libshutdown2.o(.ARM.Collect$$libshutdown$$00000002) for __rt_lib_shutdown_cpp_1
    libshutdown.o(.ARM.Collect$$libshutdown$$00000000) refers (Special) to libshutdown2.o(.ARM.Collect$$libshutdown$$00000007) for __rt_lib_shutdown_fp_trap_1
    libshutdown.o(.ARM.Collect$$libshutdown$$00000000) refers (Special) to libshutdown2.o(.ARM.Collect$$libshutdown$$0000000F) for __rt_lib_shutdown_heap_1
    libshutdown.o(.ARM.Collect$$libshutdown$$00000000) refers (Special) to libshutdown2.o(.ARM.Collect$$libshutdown$$00000010) for __rt_lib_shutdown_return
    libshutdown.o(.ARM.Collect$$libshutdown$$00000000) refers (Special) to libshutdown2.o(.ARM.Collect$$libshutdown$$0000000A) for __rt_lib_shutdown_signal_1
    libshutdown.o(.ARM.Collect$$libshutdown$$00000000) refers (Special) to libshutdown2.o(.ARM.Collect$$libshutdown$$00000004) for __rt_lib_shutdown_stdio_1
    libshutdown.o(.ARM.Collect$$libshutdown$$00000000) refers (Special) to libshutdown2.o(.ARM.Collect$$libshutdown$$0000000C) for __rt_lib_shutdown_user_alloc_1
    sys_wrch.o(.text) refers (Special) to use_no_semi.o(.text) for __I$use$semihosting
    sys_wrch.o(.text) refers (Special) to indicate_semi.o(.text) for __semihosting_library_function
    sys_wrch_hlt.o(.text) refers (Special) to use_no_semi.o(.text) for __I$use$semihosting
    sys_wrch_hlt.o(.text) refers (Special) to indicate_semi.o(.text) for __semihosting_library_function
    defsig.o(CL$$defsig) refers to defsig_rtmem_inner.o(.text) for __rt_SIGRTMEM_inner
    defsig_abrt_inner.o(.text) refers to defsig_general.o(.text) for __default_signal_display
    defsig_fpe_inner.o(.text) refers to defsig_general.o(.text) for __default_signal_display
    defsig_rtred_inner.o(.text) refers to defsig_general.o(.text) for __default_signal_display
    defsig_stak_inner.o(.text) refers to defsig_general.o(.text) for __default_signal_display
    defsig_pvfn_inner.o(.text) refers to defsig_general.o(.text) for __default_signal_display
    defsig_cppl_inner.o(.text) refers to defsig_general.o(.text) for __default_signal_display
    defsig_segv_inner.o(.text) refers to defsig_general.o(.text) for __default_signal_display
    defsig_other.o(.text) refers to defsig_general.o(.text) for __default_signal_display


==============================================================================

Removing Unused input sections from the image.

    Removing ftp_gfx.o(.text), (0 bytes).
    Removing ftp_gfx.o(.text.v_Swap), (2 bytes).
    Removing ftp_gfx.o(.ARM.exidx.text.v_Swap), (8 bytes).
    Removing ftp_gfx.o(.text.v_Clip), (2 bytes).
    Removing ftp_gfx.o(.ARM.exidx.text.v_Clip), (8 bytes).
    Removing ftp_gfx.o(.text.v_Count), (20 bytes).
    Removing ftp_gfx.o(.ARM.exidx.text.v_Count), (8 bytes).
    Removing ftp_gfx.o(.text.c_Fill), (24 bytes).
    Removing ftp_gfx.o(.ARM.exidx.text.c_Fill), (8 bytes).
    Removing ftp_gfx.o(.text.c_Bifill), (38 bytes).
    Removing ftp_gfx.o(.ARM.exidx.text.c_Bifill), (8 bytes).
    Removing ftp_gfx.o(.text.c_Gradient), (2 bytes).
    Removing ftp_gfx.o(.ARM.exidx.text.c_Gradient), (8 bytes).
    Removing ftp_gfx.o(.ARM.exidx.text.clearScreen), (8 bytes).
    Removing ftp_gfx.o(.text.r_Line), (2 bytes).
    Removing ftp_gfx.o(.ARM.exidx.text.r_Line), (8 bytes).
    Removing ftp_gfx.o(.text.r_Rect), (60 bytes).
    Removing ftp_gfx.o(.ARM.exidx.text.r_Rect), (8 bytes).
    Removing ftp_gfx.o(.text.r_Pixel), (22 bytes).
    Removing ftp_gfx.o(.ARM.exidx.text.r_Pixel), (8 bytes).
    Removing ftp_gfx.o(.text.t_Random), (26 bytes).
    Removing ftp_gfx.o(.ARM.exidx.text.t_Random), (8 bytes).
    Removing ftp_gfx.o(.text.t_RandomPixels), (94 bytes).
    Removing ftp_gfx.o(.ARM.exidx.text.t_RandomPixels), (8 bytes).
    Removing ftp_gfx.o(.text.d_Rect), (292 bytes).
    Removing ftp_gfx.o(.ARM.exidx.text.d_Rect), (8 bytes).
    Removing ftp_gfx.o(.text.d_DrawString), (100 bytes).
    Removing ftp_gfx.o(.ARM.exidx.text.d_DrawString), (8 bytes).
    Removing ftp_gfx.o(.ARM.exidx.text.d_DrawCharS), (8 bytes).
    Removing ftp_gfx.o(.ARM.exidx.text.format_Print), (8 bytes).
    Removing ftp_gfx.o(.rodata.colors), (16 bytes).
    Removing ftp_main.o(.text), (0 bytes).
    Removing ftp_main.o(.ARM.exidx.text.main), (8 bytes).
    Removing ftp_main.o(.ARM.use_no_argv), (4 bytes).
    Removing ftp_st7735r.o(.text), (0 bytes).
    Removing ftp_st7735r.o(.text.writeCommand), (40 bytes).
    Removing ftp_st7735r.o(.ARM.exidx.text.writeCommand), (8 bytes).
    Removing ftp_st7735r.o(.text.writeData), (30 bytes).
    Removing ftp_st7735r.o(.ARM.exidx.text.writeData), (8 bytes).
    Removing ftp_st7735r.o(.text.setColRowStart), (22 bytes).
    Removing ftp_st7735r.o(.ARM.exidx.text.setColRowStart), (8 bytes).
    Removing ftp_st7735r.o(.text.enableDisplay), (48 bytes).
    Removing ftp_st7735r.o(.ARM.exidx.text.enableDisplay), (8 bytes).
    Removing ftp_st7735r.o(.text.enableTearing), (48 bytes).
    Removing ftp_st7735r.o(.ARM.exidx.text.enableTearing), (8 bytes).
    Removing ftp_st7735r.o(.text.enableSleep), (48 bytes).
    Removing ftp_st7735r.o(.ARM.exidx.text.enableSleep), (8 bytes).
    Removing ftp_st7735r.o(.ARM.exidx.text.setAddrWindow), (8 bytes).
    Removing ftp_st7735r.o(.ARM.exidx.text.pushColor), (8 bytes).
    Removing ftp_st7735r.o(.text.setDirection), (134 bytes).
    Removing ftp_st7735r.o(.ARM.exidx.text.setDirection), (8 bytes).
    Removing ftp_st7735r.o(.ARM.exidx.text.commonInit), (8 bytes).
    Removing ftp_st7735r.o(.text.readCmdList), (152 bytes).
    Removing ftp_st7735r.o(.ARM.exidx.text.readCmdList), (8 bytes).
    Removing ftp_st7735r.o(.ARM.exidx.text.ST7735_initR), (8 bytes).
    Removing pll.o(.text), (0 bytes).
    Removing pll.o(.ARM.exidx.text.PLL_Init), (8 bytes).
    Removing systick.o(.text), (0 bytes).
    Removing systick.o(.ARM.exidx.text.SysTick_Init), (8 bytes).
    Removing systick.o(.text.SysTick_Wait), (32 bytes).
    Removing systick.o(.ARM.exidx.text.SysTick_Wait), (8 bytes).
    Removing systick.o(.ARM.exidx.text.SysTick_Wait10ms), (8 bytes).
    Removing ftp_input.o(.text), (0 bytes).
    Removing ftp_input.o(.ARM.exidx.text.ADC0Seq1_Handler), (8 bytes).
    Removing ftp_input.o(.ARM.exidx.text.ADC0Seq2_Handler), (8 bytes).
    Removing ftp_input.o(.ARM.exidx.text.Input_Init), (8 bytes).
    Removing ftp_pong.o(.text), (0 bytes).
    Removing ftp_pong.o(.text.pong_init), (158 bytes).
    Removing ftp_pong.o(.ARM.exidx.text.pong_init), (8 bytes).
    Removing ftp_pong.o(.text.pong_input), (52 bytes).
    Removing ftp_pong.o(.ARM.exidx.text.pong_input), (8 bytes).
    Removing ftp_pong.o(.text.move_ball), (22 bytes).
    Removing ftp_pong.o(.ARM.exidx.text.move_ball), (8 bytes).
    Removing ftp_pong.o(.text.ball_sides_collision), (26 bytes).
    Removing ftp_pong.o(.ARM.exidx.text.ball_sides_collision), (8 bytes).
    Removing ftp_pong.o(.text.ball_ends_collision), (26 bytes).
    Removing ftp_pong.o(.ARM.exidx.text.ball_ends_collision), (8 bytes).
    Removing ftp_pong.o(.text.ball_player_collision), (62 bytes).
    Removing ftp_pong.o(.ARM.exidx.text.ball_player_collision), (8 bytes).
    Removing ftp_pong.o(.text.ball_ai_collision), (58 bytes).
    Removing ftp_pong.o(.ARM.exidx.text.ball_ai_collision), (8 bytes).
    Removing ftp_pong.o(.text.render_ball), (88 bytes).
    Removing ftp_pong.o(.ARM.exidx.text.render_ball), (8 bytes).
    Removing ftp_pong.o(.text.update_ball), (246 bytes).
    Removing ftp_pong.o(.ARM.exidx.text.update_ball), (8 bytes).
    Removing ftp_pong.o(.text.move_player_paddle), (30 bytes).
    Removing ftp_pong.o(.ARM.exidx.text.move_player_paddle), (8 bytes).
    Removing ftp_pong.o(.text.move_ai_paddle), (30 bytes).
    Removing ftp_pong.o(.ARM.exidx.text.move_ai_paddle), (8 bytes).
    Removing ftp_pong.o(.text.paddle_sides_collision), (26 bytes).
    Removing ftp_pong.o(.ARM.exidx.text.paddle_sides_collision), (8 bytes).
    Removing ftp_pong.o(.text.render_paddle), (88 bytes).
    Removing ftp_pong.o(.ARM.exidx.text.render_paddle), (8 bytes).
    Removing ftp_pong.o(.text.update_player_paddle), (148 bytes).
    Removing ftp_pong.o(.ARM.exidx.text.update_player_paddle), (8 bytes).
    Removing ftp_pong.o(.text.update_ai_paddle), (152 bytes).
    Removing ftp_pong.o(.ARM.exidx.text.update_ai_paddle), (8 bytes).
    Removing ftp_pong.o(.text.pong_main), (626 bytes).
    Removing ftp_pong.o(.ARM.exidx.text.pong_main), (8 bytes).
    Removing ftp_pong.o(.data.OriginTextX), (8 bytes).
    Removing ftp_pong.o(.data.OriginTextY), (8 bytes).
    Removing ftp_pong.o(.data.OldOriginTextX), (11 bytes).
    Removing ftp_pong.o(.data.OldOriginTextY), (11 bytes).

103 unused section(s) (total 3550 bytes) removed from the image.

==============================================================================

Image Symbol Table

    Local Symbols

    Symbol Name                              Value     Ov Type        Size  Object(Section)

    ../clib/angel/boardlib.s                 0x00000000   Number         0  boardinit1.o ABSOLUTE
    ../clib/angel/boardlib.s                 0x00000000   Number         0  boardinit2.o ABSOLUTE
    ../clib/angel/boardlib.s                 0x00000000   Number         0  boardinit3.o ABSOLUTE
    ../clib/angel/boardlib.s                 0x00000000   Number         0  boardshut.o ABSOLUTE
    ../clib/angel/handlers.s                 0x00000000   Number         0  __scatter_copy.o ABSOLUTE
    ../clib/angel/handlers.s                 0x00000000   Number         0  __scatter_zi.o ABSOLUTE
    ../clib/angel/kernel.s                   0x00000000   Number         0  __rtentry.o ABSOLUTE
    ../clib/angel/kernel.s                   0x00000000   Number         0  __rtentry2.o ABSOLUTE
    ../clib/angel/kernel.s                   0x00000000   Number         0  __rtentry4.o ABSOLUTE
    ../clib/angel/kernel.s                   0x00000000   Number         0  rtexit.o ABSOLUTE
    ../clib/angel/kernel.s                   0x00000000   Number         0  rtexit2.o ABSOLUTE
    ../clib/angel/rt.s                       0x00000000   Number         0  rt_raise.o ABSOLUTE
    ../clib/angel/scatter.s                  0x00000000   Number         0  __scatter.o ABSOLUTE
    ../clib/angel/startup.s                  0x00000000   Number         0  __main.o ABSOLUTE
    ../clib/angel/sys.s                      0x00000000   Number         0  sys_stackheap_outer.o ABSOLUTE
    ../clib/angel/sys.s                      0x00000000   Number         0  libspace.o ABSOLUTE
    ../clib/angel/sys.s                      0x00000000   Number         0  use_no_semi.o ABSOLUTE
    ../clib/angel/sys.s                      0x00000000   Number         0  indicate_semi.o ABSOLUTE
    ../clib/angel/sysapp.c                   0x00000000   Number         0  sys_command.o ABSOLUTE
    ../clib/angel/sysapp.c                   0x00000000   Number         0  sys_command_hlt.o ABSOLUTE
    ../clib/angel/sysapp.c                   0x00000000   Number         0  sys_exit.o ABSOLUTE
    ../clib/angel/sysapp.c                   0x00000000   Number         0  sys_exit_hlt.o ABSOLUTE
    ../clib/angel/sysapp.c                   0x00000000   Number         0  sys_wrch.o ABSOLUTE
    ../clib/angel/sysapp.c                   0x00000000   Number         0  sys_wrch_hlt.o ABSOLUTE
    ../clib/armsys.c                         0x00000000   Number         0  argv_veneer.o ABSOLUTE
    ../clib/armsys.c                         0x00000000   Number         0  argv_veneer.o ABSOLUTE
    ../clib/armsys.c                         0x00000000   Number         0  _get_argv_nomalloc.o ABSOLUTE
    ../clib/armsys.c                         0x00000000   Number         0  no_argv.o ABSOLUTE
    ../clib/heapalloc.c                      0x00000000   Number         0  hrguard.o ABSOLUTE
    ../clib/heapaux.c                        0x00000000   Number         0  heapauxi.o ABSOLUTE
    ../clib/libinit.s                        0x00000000   Number         0  libinit2.o ABSOLUTE
    ../clib/libinit.s                        0x00000000   Number         0  libinit.o ABSOLUTE
    ../clib/libinit.s                        0x00000000   Number         0  libshutdown.o ABSOLUTE
    ../clib/libinit.s                        0x00000000   Number         0  libshutdown2.o ABSOLUTE
    ../clib/printf.c                         0x00000000   Number         0  __2snprintf.o ABSOLUTE
    ../clib/printf.c                         0x00000000   Number         0  noretval__2snprintf.o ABSOLUTE
    ../clib/printf.c                         0x00000000   Number         0  __printf.o ABSOLUTE
    ../clib/printf.c                         0x00000000   Number         0  _printf_str.o ABSOLUTE
    ../clib/printf.c                         0x00000000   Number         0  _printf_dec.o ABSOLUTE
    ../clib/printf.c                         0x00000000   Number         0  __printf_flags.o ABSOLUTE
    ../clib/printf.c                         0x00000000   Number         0  __printf_ss.o ABSOLUTE
    ../clib/printf.c                         0x00000000   Number         0  __printf_flags_ss.o ABSOLUTE
    ../clib/printf.c                         0x00000000   Number         0  __printf_wp.o ABSOLUTE
    ../clib/printf.c                         0x00000000   Number         0  __printf_flags_wp.o ABSOLUTE
    ../clib/printf.c                         0x00000000   Number         0  __printf_ss_wp.o ABSOLUTE
    ../clib/printf.c                         0x00000000   Number         0  __printf_flags_ss_wp.o ABSOLUTE
    ../clib/printf.c                         0x00000000   Number         0  _printf_intcommon.o ABSOLUTE
    ../clib/printf.c                         0x00000000   Number         0  _printf_char_common.o ABSOLUTE
    ../clib/printf.c                         0x00000000   Number         0  _snputc.o ABSOLUTE
    ../clib/printf.c                         0x00000000   Number         0  _printf_char.o ABSOLUTE
    ../clib/printf.c                         0x00000000   Number         0  __printf_nopercent.o ABSOLUTE
    ../clib/printf_percent.s                 0x00000000   Number         0  _printf_s.o ABSOLUTE
    ../clib/printf_percent.s                 0x00000000   Number         0  _printf_d.o ABSOLUTE
    ../clib/printf_percent.s                 0x00000000   Number         0  _printf_percent.o ABSOLUTE
    ../clib/printf_percent.s                 0x00000000   Number         0  _printf_percent_end.o ABSOLUTE
    ../clib/signal.c                         0x00000000   Number         0  defsig_rtmem_outer.o ABSOLUTE
    ../clib/signal.c                         0x00000000   Number         0  defsig_rtmem_formal.o ABSOLUTE
    ../clib/signal.c                         0x00000000   Number         0  defsig_exit.o ABSOLUTE
    ../clib/signal.c                         0x00000000   Number         0  defsig_rtmem_inner.o ABSOLUTE
    ../clib/signal.c                         0x00000000   Number         0  __raise.o ABSOLUTE
    ../clib/signal.c                         0x00000000   Number         0  defsig_general.o ABSOLUTE
    ../clib/signal.c                         0x00000000   Number         0  defsig_abrt_inner.o ABSOLUTE
    ../clib/signal.c                         0x00000000   Number         0  defsig_fpe_inner.o ABSOLUTE
    ../clib/signal.c                         0x00000000   Number         0  defsig_rtred_inner.o ABSOLUTE
    ../clib/signal.c                         0x00000000   Number         0  defsig_stak_inner.o ABSOLUTE
    ../clib/signal.c                         0x00000000   Number         0  defsig_pvfn_inner.o ABSOLUTE
    ../clib/signal.c                         0x00000000   Number         0  defsig_cppl_inner.o ABSOLUTE
    ../clib/signal.c                         0x00000000   Number         0  defsig_segv_inner.o ABSOLUTE
    ../clib/signal.c                         0x00000000   Number         0  defsig_other.o ABSOLUTE
    ../clib/signal.s                         0x00000000   Number         0  defsig.o ABSOLUTE
    ../clib/stdlib.c                         0x00000000   Number         0  rand.o ABSOLUTE
    ../clib/stdlib.c                         0x00000000   Number         0  rand.o ABSOLUTE
    ../clib/stdlib.c                         0x00000000   Number         0  exit.o ABSOLUTE
    ../fplib/fpinit.s                        0x00000000   Number         0  fpinit.o ABSOLUTE
    ../fplib/fpinit_empty.s                  0x00000000   Number         0  fpinit_empty.o ABSOLUTE
    FTP_GFX.c                                0x00000000   Number         0  ftp_gfx.o ABSOLUTE
    FTP_INPUT.c                              0x00000000   Number         0  ftp_input.o ABSOLUTE
    FTP_MAIN.c                               0x00000000   Number         0  ftp_main.o ABSOLUTE
    FTP_PONG.c                               0x00000000   Number         0  ftp_pong.o ABSOLUTE
    FTP_ST7735R.c                            0x00000000   Number         0  ftp_st7735r.o ABSOLUTE
    PLL.c                                    0x00000000   Number         0  pll.o ABSOLUTE
    SysTick.c                                0x00000000   Number         0  systick.o ABSOLUTE
    dc.s                                     0x00000000   Number         0  dc.o ABSOLUTE
    startup.s                                0x00000000   Number         0  startup.o ABSOLUTE
    RESET                                    0x00000000   Section      644  startup.o(RESET)
    !!!main                                  0x00000284   Section        8  __main.o(!!!main)
    !!!scatter                               0x0000028c   Section       52  __scatter.o(!!!scatter)
    !!handler_copy                           0x000002c0   Section       26  __scatter_copy.o(!!handler_copy)
    !!handler_zi                             0x000002dc   Section       28  __scatter_zi.o(!!handler_zi)
    .ARM.Collect$$_printf_percent$$00000000  0x000002f8   Section        0  _printf_percent.o(.ARM.Collect$$_printf_percent$$00000000)
    .ARM.Collect$$_printf_percent$$00000009  0x000002f8   Section        6  _printf_d.o(.ARM.Collect$$_printf_percent$$00000009)
    .ARM.Collect$$_printf_percent$$00000014  0x000002fe   Section        6  _printf_s.o(.ARM.Collect$$_printf_percent$$00000014)
    .ARM.Collect$$_printf_percent$$00000017  0x00000304   Section        4  _printf_percent_end.o(.ARM.Collect$$_printf_percent$$00000017)
    .ARM.Collect$$libinit$$00000000          0x00000308   Section        2  libinit.o(.ARM.Collect$$libinit$$00000000)
    .ARM.Collect$$libinit$$00000002          0x0000030a   Section        0  libinit2.o(.ARM.Collect$$libinit$$00000002)
    .ARM.Collect$$libinit$$00000004          0x0000030a   Section        0  libinit2.o(.ARM.Collect$$libinit$$00000004)
    .ARM.Collect$$libinit$$00000006          0x0000030a   Section        0  libinit2.o(.ARM.Collect$$libinit$$00000006)
    .ARM.Collect$$libinit$$0000000C          0x0000030a   Section        0  libinit2.o(.ARM.Collect$$libinit$$0000000C)
    .ARM.Collect$$libinit$$0000000E          0x0000030a   Section        0  libinit2.o(.ARM.Collect$$libinit$$0000000E)
    .ARM.Collect$$libinit$$00000010          0x0000030a   Section        0  libinit2.o(.ARM.Collect$$libinit$$00000010)
    .ARM.Collect$$libinit$$00000013          0x0000030a   Section        0  libinit2.o(.ARM.Collect$$libinit$$00000013)
    .ARM.Collect$$libinit$$00000015          0x0000030a   Section        0  libinit2.o(.ARM.Collect$$libinit$$00000015)
    .ARM.Collect$$libinit$$00000017          0x0000030a   Section        0  libinit2.o(.ARM.Collect$$libinit$$00000017)
    .ARM.Collect$$libinit$$00000019          0x0000030a   Section        0  libinit2.o(.ARM.Collect$$libinit$$00000019)
    .ARM.Collect$$libinit$$0000001B          0x0000030a   Section        0  libinit2.o(.ARM.Collect$$libinit$$0000001B)
    .ARM.Collect$$libinit$$0000001D          0x0000030a   Section        0  libinit2.o(.ARM.Collect$$libinit$$0000001D)
    .ARM.Collect$$libinit$$0000001F          0x0000030a   Section        0  libinit2.o(.ARM.Collect$$libinit$$0000001F)
    .ARM.Collect$$libinit$$00000021          0x0000030a   Section        0  libinit2.o(.ARM.Collect$$libinit$$00000021)
    .ARM.Collect$$libinit$$00000023          0x0000030a   Section        0  libinit2.o(.ARM.Collect$$libinit$$00000023)
    .ARM.Collect$$libinit$$00000025          0x0000030a   Section        0  libinit2.o(.ARM.Collect$$libinit$$00000025)
    .ARM.Collect$$libinit$$00000027          0x0000030a   Section        0  libinit2.o(.ARM.Collect$$libinit$$00000027)
    .ARM.Collect$$libinit$$0000002E          0x0000030a   Section        0  libinit2.o(.ARM.Collect$$libinit$$0000002E)
    .ARM.Collect$$libinit$$00000030          0x0000030a   Section        0  libinit2.o(.ARM.Collect$$libinit$$00000030)
    .ARM.Collect$$libinit$$00000032          0x0000030a   Section        0  libinit2.o(.ARM.Collect$$libinit$$00000032)
    .ARM.Collect$$libinit$$00000034          0x0000030a   Section        0  libinit2.o(.ARM.Collect$$libinit$$00000034)
    .ARM.Collect$$libinit$$00000035          0x0000030a   Section        2  libinit2.o(.ARM.Collect$$libinit$$00000035)
    .ARM.Collect$$libshutdown$$00000000      0x0000030c   Section        2  libshutdown.o(.ARM.Collect$$libshutdown$$00000000)
    .ARM.Collect$$libshutdown$$00000002      0x0000030e   Section        0  libshutdown2.o(.ARM.Collect$$libshutdown$$00000002)
    .ARM.Collect$$libshutdown$$00000004      0x0000030e   Section        0  libshutdown2.o(.ARM.Collect$$libshutdown$$00000004)
    .ARM.Collect$$libshutdown$$00000007      0x0000030e   Section        0  libshutdown2.o(.ARM.Collect$$libshutdown$$00000007)
    .ARM.Collect$$libshutdown$$0000000A      0x0000030e   Section        0  libshutdown2.o(.ARM.Collect$$libshutdown$$0000000A)
    .ARM.Collect$$libshutdown$$0000000C      0x0000030e   Section        0  libshutdown2.o(.ARM.Collect$$libshutdown$$0000000C)
    .ARM.Collect$$libshutdown$$0000000F      0x0000030e   Section        0  libshutdown2.o(.ARM.Collect$$libshutdown$$0000000F)
    .ARM.Collect$$libshutdown$$00000010      0x0000030e   Section        2  libshutdown2.o(.ARM.Collect$$libshutdown$$00000010)
    .ARM.Collect$$rtentry$$00000000          0x00000310   Section        0  __rtentry.o(.ARM.Collect$$rtentry$$00000000)
    .ARM.Collect$$rtentry$$00000002          0x00000310   Section        0  __rtentry2.o(.ARM.Collect$$rtentry$$00000002)
    .ARM.Collect$$rtentry$$00000004          0x00000310   Section        6  __rtentry4.o(.ARM.Collect$$rtentry$$00000004)
    .ARM.Collect$$rtentry$$00000009          0x00000316   Section        0  __rtentry2.o(.ARM.Collect$$rtentry$$00000009)
    .ARM.Collect$$rtentry$$0000000A          0x00000316   Section        4  __rtentry2.o(.ARM.Collect$$rtentry$$0000000A)
    .ARM.Collect$$rtentry$$0000000C          0x0000031a   Section        0  __rtentry2.o(.ARM.Collect$$rtentry$$0000000C)
    .ARM.Collect$$rtentry$$0000000D          0x0000031a   Section        8  __rtentry2.o(.ARM.Collect$$rtentry$$0000000D)
    .ARM.Collect$$rtexit$$00000000           0x00000322   Section        2  rtexit.o(.ARM.Collect$$rtexit$$00000000)
    .ARM.Collect$$rtexit$$00000002           0x00000324   Section        0  rtexit2.o(.ARM.Collect$$rtexit$$00000002)
    .ARM.Collect$$rtexit$$00000003           0x00000324   Section        4  rtexit2.o(.ARM.Collect$$rtexit$$00000003)
    .ARM.Collect$$rtexit$$00000004           0x00000328   Section        6  rtexit2.o(.ARM.Collect$$rtexit$$00000004)
    .text                                    0x00000330   Section       48  startup.o(.text)
    .text                                    0x00000360   Section        0  noretval__2snprintf.o(.text)
    .text                                    0x000003a0   Section        0  __printf.o(.text)
    .text                                    0x00000408   Section        0  _printf_str.o(.text)
    .text                                    0x0000045c   Section        0  _printf_dec.o(.text)
    .text                                    0x000004d4   Section        0  heapauxi.o(.text)
    .text                                    0x000004da   Section        0  _printf_intcommon.o(.text)
    _printf_input_char                       0x0000058d   Thumb Code    10  _printf_char_common.o(.text)
    .text                                    0x0000058c   Section        0  _printf_char_common.o(.text)
    .text                                    0x000005bc   Section        0  _snputc.o(.text)
    .text                                    0x000005cc   Section        0  _printf_char.o(.text)
    .text                                    0x000005f8   Section       74  sys_stackheap_outer.o(.text)
    .text                                    0x00000642   Section        0  exit.o(.text)
    .text                                    0x00000654   Section        8  libspace.o(.text)
    .text                                    0x0000065c   Section        2  use_no_semi.o(.text)
    .text                                    0x0000065e   Section        0  indicate_semi.o(.text)
    .text                                    0x00000660   Section        0  sys_exit.o(.text)
    [Anonymous Symbol]                       0x0000066c   Section        0  ftp_input.o(.text.ADC0Seq1_Handler)
    [Anonymous Symbol]                       0x000006b4   Section        0  ftp_input.o(.text.ADC0Seq2_Handler)
    [Anonymous Symbol]                       0x000006fc   Section        0  ftp_input.o(.text.Input_Init)
    [Anonymous Symbol]                       0x000007b8   Section        0  pll.o(.text.PLL_Init)
    [Anonymous Symbol]                       0x00000824   Section        0  ftp_st7735r.o(.text.ST7735_initR)
    [Anonymous Symbol]                       0x000008cc   Section        0  systick.o(.text.SysTick_Init)
    [Anonymous Symbol]                       0x000008e8   Section        0  systick.o(.text.SysTick_Wait10ms)
    [Anonymous Symbol]                       0x00000928   Section        0  ftp_gfx.o(.text.clearScreen)
    [Anonymous Symbol]                       0x00000994   Section        0  ftp_st7735r.o(.text.commonInit)
    [Anonymous Symbol]                       0x00000aac   Section        0  ftp_gfx.o(.text.d_DrawCharS)
    [Anonymous Symbol]                       0x00000c00   Section        0  ftp_gfx.o(.text.format_Print)
    [Anonymous Symbol]                       0x00000c74   Section        0  ftp_main.o(.text.main)
    [Anonymous Symbol]                       0x00000d08   Section        0  ftp_st7735r.o(.text.pushColor)
    [Anonymous Symbol]                       0x00000d40   Section        0  ftp_st7735r.o(.text.setAddrWindow)
    Font                                     0x00000e7a   Data        1275  ftp_gfx.o(.rodata.Font)
    [Anonymous Symbol]                       0x00000e7a   Section        0  ftp_gfx.o(.rodata.Font)
    .bss                                     0x200000a8   Section       96  libspace.o(.bss)
    HeapMem                                  0x20000120   Data           0  startup.o(HEAP)
    StackMem                                 0x20000120   Data           0  startup.o(STACK)
    HEAP                                     0x20000120   Section        0  startup.o(HEAP)
    STACK                                    0x20000120   Section     1024  startup.o(STACK)

    Global Symbols

    Symbol Name                              Value     Ov Type        Size  Object(Section)

    BuildAttributes$$THM_ISAv4$E$P$D$K$B$S$7EM$PE$A:L22UL41UL21$X:L11$S22US41US21$IEEE1$IW$~IW$USESV6$~STKCKD$USESV7$~SHL$OTIME$ROPI$EBA8$UX$STANDARDLIB$REQ8$PRES8$EABIv2 0x00000000   Number         0  anon$$obj.o ABSOLUTE
    __Vectors                                0x00000000   Data           0  startup.o(RESET)
    __fp_init_empty                          0x00000000   Number         0  fpinit_empty.o ABSOLUTE
    __ARM_exceptions_init                     - Undefined Weak Reference
    __alloca_initialize                       - Undefined Weak Reference
    __arm_preinit_                            - Undefined Weak Reference
    __arm_relocate_pie_                       - Undefined Weak Reference
    __cpp_initialize__aeabi_                  - Undefined Weak Reference
    __cxa_finalize                            - Undefined Weak Reference
    __rt_locale                               - Undefined Weak Reference
    __sigvec_lookup                           - Undefined Weak Reference
    _atexit_init                              - Undefined Weak Reference
    _call_atexit_fns                          - Undefined Weak Reference
    _clock_init                               - Undefined Weak Reference
    _fp_trap_init                             - Undefined Weak Reference
    _fp_trap_shutdown                         - Undefined Weak Reference
    _get_lc_collate                           - Undefined Weak Reference
    _get_lc_ctype                             - Undefined Weak Reference
    _get_lc_monetary                          - Undefined Weak Reference
    _get_lc_numeric                           - Undefined Weak Reference
    _get_lc_time                              - Undefined Weak Reference
    _getenv_init                              - Undefined Weak Reference
    _handle_redirection                       - Undefined Weak Reference
    _init_alloc                               - Undefined Weak Reference
    _init_user_alloc                          - Undefined Weak Reference
    _initio                                   - Undefined Weak Reference
    _printf_mbtowc                            - Undefined Weak Reference
    _printf_post_padding                      - Undefined Weak Reference
    _printf_pre_padding                       - Undefined Weak Reference
    _printf_truncate_signed                   - Undefined Weak Reference
    _printf_truncate_unsigned                 - Undefined Weak Reference
    _signal_finish                            - Undefined Weak Reference
    _signal_init                              - Undefined Weak Reference
    _terminate_alloc                          - Undefined Weak Reference
    _terminate_user_alloc                     - Undefined Weak Reference
    _terminateio                              - Undefined Weak Reference
    Reset_Handler                            0x0000026d   Thumb Code     0  startup.o(RESET)
    NMI_Handler                              0x00000271   Thumb Code     2  startup.o(RESET)
    HardFault_Handler                        0x00000273   Thumb Code     2  startup.o(RESET)
    MemManage_Handler                        0x00000275   Thumb Code     2  startup.o(RESET)
    BusFault_Handler                         0x00000277   Thumb Code     2  startup.o(RESET)
    UsageFault_Handler                       0x00000279   Thumb Code     2  startup.o(RESET)
    SVC_Handler                              0x0000027b   Thumb Code     2  startup.o(RESET)
    DebugMon_Handler                         0x0000027d   Thumb Code     2  startup.o(RESET)
    PendSV_Handler                           0x0000027f   Thumb Code     2  startup.o(RESET)
    SysTick_Handler                          0x00000281   Thumb Code     2  startup.o(RESET)
    ADC0Seq0_Handler                         0x00000283   Thumb Code     0  startup.o(RESET)
    ADC0Seq3_Handler                         0x00000283   Thumb Code     0  startup.o(RESET)
    ADC1Seq0_Handler                         0x00000283   Thumb Code     0  startup.o(RESET)
    ADC1Seq1_Handler                         0x00000283   Thumb Code     0  startup.o(RESET)
    ADC1Seq2_Handler                         0x00000283   Thumb Code     0  startup.o(RESET)
    ADC1Seq3_Handler                         0x00000283   Thumb Code     0  startup.o(RESET)
    CAN0_Handler                             0x00000283   Thumb Code     0  startup.o(RESET)
    CAN1_Handler                             0x00000283   Thumb Code     0  startup.o(RESET)
    CAN2_Handler                             0x00000283   Thumb Code     0  startup.o(RESET)
    Comp0_Handler                            0x00000283   Thumb Code     0  startup.o(RESET)
    Comp1_Handler                            0x00000283   Thumb Code     0  startup.o(RESET)
    Comp2_Handler                            0x00000283   Thumb Code     0  startup.o(RESET)
    Ethernet_Handler                         0x00000283   Thumb Code     0  startup.o(RESET)
    ExtBus_Handler                           0x00000283   Thumb Code     0  startup.o(RESET)
    FPU_Handler                              0x00000283   Thumb Code     0  startup.o(RESET)
    Fan0_Handler                             0x00000283   Thumb Code     0  startup.o(RESET)
    FlashCtl_Handler                         0x00000283   Thumb Code     0  startup.o(RESET)
    GPIOPortA_Handler                        0x00000283   Thumb Code     0  startup.o(RESET)
    GPIOPortB_Handler                        0x00000283   Thumb Code     0  startup.o(RESET)
    GPIOPortC_Handler                        0x00000283   Thumb Code     0  startup.o(RESET)
    GPIOPortD_Handler                        0x00000283   Thumb Code     0  startup.o(RESET)
    GPIOPortE_Handler                        0x00000283   Thumb Code     0  startup.o(RESET)
    GPIOPortF_Handler                        0x00000283   Thumb Code     0  startup.o(RESET)
    GPIOPortG_Handler                        0x00000283   Thumb Code     0  startup.o(RESET)
    GPIOPortH_Handler                        0x00000283   Thumb Code     0  startup.o(RESET)
    GPIOPortJ_Handler                        0x00000283   Thumb Code     0  startup.o(RESET)
    GPIOPortK_Handler                        0x00000283   Thumb Code     0  startup.o(RESET)
    GPIOPortL_Handler                        0x00000283   Thumb Code     0  startup.o(RESET)
    GPIOPortM_Handler                        0x00000283   Thumb Code     0  startup.o(RESET)
    GPIOPortN_Handler                        0x00000283   Thumb Code     0  startup.o(RESET)
    GPIOPortP1_Handler                       0x00000283   Thumb Code     0  startup.o(RESET)
    GPIOPortP2_Handler                       0x00000283   Thumb Code     0  startup.o(RESET)
    GPIOPortP3_Handler                       0x00000283   Thumb Code     0  startup.o(RESET)
    GPIOPortP4_Handler                       0x00000283   Thumb Code     0  startup.o(RESET)
    GPIOPortP5_Handler                       0x00000283   Thumb Code     0  startup.o(RESET)
    GPIOPortP6_Handler                       0x00000283   Thumb Code     0  startup.o(RESET)
    GPIOPortP7_Handler                       0x00000283   Thumb Code     0  startup.o(RESET)
    GPIOPortP_Handler                        0x00000283   Thumb Code     0  startup.o(RESET)
    GPIOPortQ1_Handler                       0x00000283   Thumb Code     0  startup.o(RESET)
    GPIOPortQ2_Handler                       0x00000283   Thumb Code     0  startup.o(RESET)
    GPIOPortQ3_Handler                       0x00000283   Thumb Code     0  startup.o(RESET)
    GPIOPortQ4_Handler                       0x00000283   Thumb Code     0  startup.o(RESET)
    GPIOPortQ5_Handler                       0x00000283   Thumb Code     0  startup.o(RESET)
    GPIOPortQ6_Handler                       0x00000283   Thumb Code     0  startup.o(RESET)
    GPIOPortQ7_Handler                       0x00000283   Thumb Code     0  startup.o(RESET)
    GPIOPortQ_Handler                        0x00000283   Thumb Code     0  startup.o(RESET)
    GPIOPortR_Handler                        0x00000283   Thumb Code     0  startup.o(RESET)
    GPIOPortS_Handler                        0x00000283   Thumb Code     0  startup.o(RESET)
    Hibernate_Handler                        0x00000283   Thumb Code     0  startup.o(RESET)
    I2C0_Handler                             0x00000283   Thumb Code     0  startup.o(RESET)
    I2C1_Handler                             0x00000283   Thumb Code     0  startup.o(RESET)
    I2C2_Handler                             0x00000283   Thumb Code     0  startup.o(RESET)
    I2C3_Handler                             0x00000283   Thumb Code     0  startup.o(RESET)
    I2C4_Handler                             0x00000283   Thumb Code     0  startup.o(RESET)
    I2C5_Handler                             0x00000283   Thumb Code     0  startup.o(RESET)
    I2S0_Handler                             0x00000283   Thumb Code     0  startup.o(RESET)
    LPC0_Handler                             0x00000283   Thumb Code     0  startup.o(RESET)
    PECI0_Handler                            0x00000283   Thumb Code     0  startup.o(RESET)
    PWM0Fault_Handler                        0x00000283   Thumb Code     0  startup.o(RESET)
    PWM0Generator0_Handler                   0x00000283   Thumb Code     0  startup.o(RESET)
    PWM0Generator1_Handler                   0x00000283   Thumb Code     0  startup.o(RESET)
    PWM0Generator2_Handler                   0x00000283   Thumb Code     0  startup.o(RESET)
    PWM0Generator3_Handler                   0x00000283   Thumb Code     0  startup.o(RESET)
    PWM1Fault_Handler                        0x00000283   Thumb Code     0  startup.o(RESET)
    PWM1Generator0_Handler                   0x00000283   Thumb Code     0  startup.o(RESET)
    PWM1Generator1_Handler                   0x00000283   Thumb Code     0  startup.o(RESET)
    PWM1Generator2_Handler                   0x00000283   Thumb Code     0  startup.o(RESET)
    PWM1Generator3_Handler                   0x00000283   Thumb Code     0  startup.o(RESET)
    Quadrature0_Handler                      0x00000283   Thumb Code     0  startup.o(RESET)
    Quadrature1_Handler                      0x00000283   Thumb Code     0  startup.o(RESET)
    Quadrature2_Handler                      0x00000283   Thumb Code     0  startup.o(RESET)
    SSI0_Handler                             0x00000283   Thumb Code     0  startup.o(RESET)
    SSI1_Handler                             0x00000283   Thumb Code     0  startup.o(RESET)
    SSI2_Handler                             0x00000283   Thumb Code     0  startup.o(RESET)
    SSI3_Handler                             0x00000283   Thumb Code     0  startup.o(RESET)
    SysCtl_Handler                           0x00000283   Thumb Code     0  startup.o(RESET)
    Timer0A_Handler                          0x00000283   Thumb Code     0  startup.o(RESET)
    Timer0B_Handler                          0x00000283   Thumb Code     0  startup.o(RESET)
    Timer1A_Handler                          0x00000283   Thumb Code     0  startup.o(RESET)
    Timer1B_Handler                          0x00000283   Thumb Code     0  startup.o(RESET)
    Timer2A_Handler                          0x00000283   Thumb Code     0  startup.o(RESET)
    Timer2B_Handler                          0x00000283   Thumb Code     0  startup.o(RESET)
    Timer3A_Handler                          0x00000283   Thumb Code     0  startup.o(RESET)
    Timer3B_Handler                          0x00000283   Thumb Code     0  startup.o(RESET)
    Timer4A_Handler                          0x00000283   Thumb Code     0  startup.o(RESET)
    Timer4B_Handler                          0x00000283   Thumb Code     0  startup.o(RESET)
    Timer5A_Handler                          0x00000283   Thumb Code     0  startup.o(RESET)
    Timer5B_Handler                          0x00000283   Thumb Code     0  startup.o(RESET)
    UART0_Handler                            0x00000283   Thumb Code     0  startup.o(RESET)
    UART1_Handler                            0x00000283   Thumb Code     0  startup.o(RESET)
    UART2_Handler                            0x00000283   Thumb Code     0  startup.o(RESET)
    UART3_Handler                            0x00000283   Thumb Code     0  startup.o(RESET)
    UART4_Handler                            0x00000283   Thumb Code     0  startup.o(RESET)
    UART5_Handler                            0x00000283   Thumb Code     0  startup.o(RESET)
    UART6_Handler                            0x00000283   Thumb Code     0  startup.o(RESET)
    UART7_Handler                            0x00000283   Thumb Code     0  startup.o(RESET)
    USB0_Handler                             0x00000283   Thumb Code     0  startup.o(RESET)
    WDT_Handler                              0x00000283   Thumb Code     0  startup.o(RESET)
    WideTimer0A_Handler                      0x00000283   Thumb Code     0  startup.o(RESET)
    WideTimer0B_Handler                      0x00000283   Thumb Code     0  startup.o(RESET)
    WideTimer1A_Handler                      0x00000283   Thumb Code     0  startup.o(RESET)
    WideTimer1B_Handler                      0x00000283   Thumb Code     0  startup.o(RESET)
    WideTimer2A_Handler                      0x00000283   Thumb Code     0  startup.o(RESET)
    WideTimer2B_Handler                      0x00000283   Thumb Code     0  startup.o(RESET)
    WideTimer3A_Handler                      0x00000283   Thumb Code     0  startup.o(RESET)
    WideTimer3B_Handler                      0x00000283   Thumb Code     0  startup.o(RESET)
    WideTimer4A_Handler                      0x00000283   Thumb Code     0  startup.o(RESET)
    WideTimer4B_Handler                      0x00000283   Thumb Code     0  startup.o(RESET)
    WideTimer5A_Handler                      0x00000283   Thumb Code     0  startup.o(RESET)
    WideTimer5B_Handler                      0x00000283   Thumb Code     0  startup.o(RESET)
    uDMA_Error                               0x00000283   Thumb Code     0  startup.o(RESET)
    uDMA_Handler                             0x00000283   Thumb Code     0  startup.o(RESET)
    __main                                   0x00000285   Thumb Code     8  __main.o(!!!main)
    __scatterload                            0x0000028d   Thumb Code     0  __scatter.o(!!!scatter)
    __scatterload_rt2                        0x0000028d   Thumb Code    44  __scatter.o(!!!scatter)
    __scatterload_rt2_thumb_only             0x0000028d   Thumb Code     0  __scatter.o(!!!scatter)
    __scatterload_null                       0x0000029b   Thumb Code     0  __scatter.o(!!!scatter)
    __scatterload_copy                       0x000002c1   Thumb Code    26  __scatter_copy.o(!!handler_copy)
    __scatterload_zeroinit                   0x000002dd   Thumb Code    28  __scatter_zi.o(!!handler_zi)
    _printf_d                                0x000002f9   Thumb Code     0  _printf_d.o(.ARM.Collect$$_printf_percent$$00000009)
    _printf_percent                          0x000002f9   Thumb Code     0  _printf_percent.o(.ARM.Collect$$_printf_percent$$00000000)
    _printf_s                                0x000002ff   Thumb Code     0  _printf_s.o(.ARM.Collect$$_printf_percent$$00000014)
    _printf_percent_end                      0x00000305   Thumb Code     0  _printf_percent_end.o(.ARM.Collect$$_printf_percent$$00000017)
    __rt_lib_init                            0x00000309   Thumb Code     0  libinit.o(.ARM.Collect$$libinit$$00000000)
    __rt_lib_init_alloca_1                   0x0000030b   Thumb Code     0  libinit2.o(.ARM.Collect$$libinit$$00000030)
    __rt_lib_init_argv_1                     0x0000030b   Thumb Code     0  libinit2.o(.ARM.Collect$$libinit$$0000002E)
    __rt_lib_init_atexit_1                   0x0000030b   Thumb Code     0  libinit2.o(.ARM.Collect$$libinit$$0000001D)
    __rt_lib_init_clock_1                    0x0000030b   Thumb Code     0  libinit2.o(.ARM.Collect$$libinit$$00000023)
    __rt_lib_init_cpp_1                      0x0000030b   Thumb Code     0  libinit2.o(.ARM.Collect$$libinit$$00000034)
    __rt_lib_init_exceptions_1               0x0000030b   Thumb Code     0  libinit2.o(.ARM.Collect$$libinit$$00000032)
    __rt_lib_init_fp_1                       0x0000030b   Thumb Code     0  libinit2.o(.ARM.Collect$$libinit$$00000002)
    __rt_lib_init_fp_trap_1                  0x0000030b   Thumb Code     0  libinit2.o(.ARM.Collect$$libinit$$00000021)
    __rt_lib_init_getenv_1                   0x0000030b   Thumb Code     0  libinit2.o(.ARM.Collect$$libinit$$00000025)
    __rt_lib_init_heap_1                     0x0000030b   Thumb Code     0  libinit2.o(.ARM.Collect$$libinit$$0000000C)
    __rt_lib_init_lc_collate_1               0x0000030b   Thumb Code     0  libinit2.o(.ARM.Collect$$libinit$$00000013)
    __rt_lib_init_lc_ctype_1                 0x0000030b   Thumb Code     0  libinit2.o(.ARM.Collect$$libinit$$00000015)
    __rt_lib_init_lc_monetary_1              0x0000030b   Thumb Code     0  libinit2.o(.ARM.Collect$$libinit$$00000017)
    __rt_lib_init_lc_numeric_1               0x0000030b   Thumb Code     0  libinit2.o(.ARM.Collect$$libinit$$00000019)
    __rt_lib_init_lc_time_1                  0x0000030b   Thumb Code     0  libinit2.o(.ARM.Collect$$libinit$$0000001B)
    __rt_lib_init_preinit_1                  0x0000030b   Thumb Code     0  libinit2.o(.ARM.Collect$$libinit$$00000006)
    __rt_lib_init_rand_1                     0x0000030b   Thumb Code     0  libinit2.o(.ARM.Collect$$libinit$$00000010)
    __rt_lib_init_relocate_pie_1             0x0000030b   Thumb Code     0  libinit2.o(.ARM.Collect$$libinit$$00000004)
    __rt_lib_init_return                     0x0000030b   Thumb Code     0  libinit2.o(.ARM.Collect$$libinit$$00000035)
    __rt_lib_init_signal_1                   0x0000030b   Thumb Code     0  libinit2.o(.ARM.Collect$$libinit$$0000001F)
    __rt_lib_init_stdio_1                    0x0000030b   Thumb Code     0  libinit2.o(.ARM.Collect$$libinit$$00000027)
    __rt_lib_init_user_alloc_1               0x0000030b   Thumb Code     0  libinit2.o(.ARM.Collect$$libinit$$0000000E)
    __rt_lib_shutdown                        0x0000030d   Thumb Code     0  libshutdown.o(.ARM.Collect$$libshutdown$$00000000)
    __rt_lib_shutdown_cpp_1                  0x0000030f   Thumb Code     0  libshutdown2.o(.ARM.Collect$$libshutdown$$00000002)
    __rt_lib_shutdown_fp_trap_1              0x0000030f   Thumb Code     0  libshutdown2.o(.ARM.Collect$$libshutdown$$00000007)
    __rt_lib_shutdown_heap_1                 0x0000030f   Thumb Code     0  libshutdown2.o(.ARM.Collect$$libshutdown$$0000000F)
    __rt_lib_shutdown_return                 0x0000030f   Thumb Code     0  libshutdown2.o(.ARM.Collect$$libshutdown$$00000010)
    __rt_lib_shutdown_signal_1               0x0000030f   Thumb Code     0  libshutdown2.o(.ARM.Collect$$libshutdown$$0000000A)
    __rt_lib_shutdown_stdio_1                0x0000030f   Thumb Code     0  libshutdown2.o(.ARM.Collect$$libshutdown$$00000004)
    __rt_lib_shutdown_user_alloc_1           0x0000030f   Thumb Code     0  libshutdown2.o(.ARM.Collect$$libshutdown$$0000000C)
    __rt_entry                               0x00000311   Thumb Code     0  __rtentry.o(.ARM.Collect$$rtentry$$00000000)
    __rt_entry_presh_1                       0x00000311   Thumb Code     0  __rtentry2.o(.ARM.Collect$$rtentry$$00000002)
    __rt_entry_sh                            0x00000311   Thumb Code     0  __rtentry4.o(.ARM.Collect$$rtentry$$00000004)
    __rt_entry_li                            0x00000317   Thumb Code     0  __rtentry2.o(.ARM.Collect$$rtentry$$0000000A)
    __rt_entry_postsh_1                      0x00000317   Thumb Code     0  __rtentry2.o(.ARM.Collect$$rtentry$$00000009)
    __rt_entry_main                          0x0000031b   Thumb Code     0  __rtentry2.o(.ARM.Collect$$rtentry$$0000000D)
    __rt_entry_postli_1                      0x0000031b   Thumb Code     0  __rtentry2.o(.ARM.Collect$$rtentry$$0000000C)
    __rt_exit                                0x00000323   Thumb Code     0  rtexit.o(.ARM.Collect$$rtexit$$00000000)
    __rt_exit_ls                             0x00000325   Thumb Code     0  rtexit2.o(.ARM.Collect$$rtexit$$00000003)
    __rt_exit_prels_1                        0x00000325   Thumb Code     0  rtexit2.o(.ARM.Collect$$rtexit$$00000002)
    __rt_exit_exit                           0x00000329   Thumb Code     0  rtexit2.o(.ARM.Collect$$rtexit$$00000004)
    DisableInterrupts                        0x00000331   Thumb Code     0  startup.o(.text)
    EnableInterrupts                         0x00000335   Thumb Code     0  startup.o(.text)
    StartCritical                            0x00000339   Thumb Code     0  startup.o(.text)
    EndCritical                              0x00000341   Thumb Code     0  startup.o(.text)
    WaitForInterrupt                         0x00000347   Thumb Code     0  startup.o(.text)
    __user_initial_stackheap                 0x0000034b   Thumb Code     0  startup.o(.text)
    __2snprintf                              0x00000361   Thumb Code    58  noretval__2snprintf.o(.text)
    __printf                                 0x000003a1   Thumb Code   104  __printf.o(.text)
    _printf_str                              0x00000409   Thumb Code    82  _printf_str.o(.text)
    _printf_int_dec                          0x0000045d   Thumb Code   104  _printf_dec.o(.text)
    __use_two_region_memory                  0x000004d5   Thumb Code     2  heapauxi.o(.text)
    __rt_heap_escrow$2region                 0x000004d7   Thumb Code     2  heapauxi.o(.text)
    __rt_heap_expand$2region                 0x000004d9   Thumb Code     2  heapauxi.o(.text)
    _printf_int_common                       0x000004db   Thumb Code   178  _printf_intcommon.o(.text)
    _printf_char_common                      0x00000597   Thumb Code    32  _printf_char_common.o(.text)
    _snputc                                  0x000005bd   Thumb Code    16  _snputc.o(.text)
    _printf_cs_common                        0x000005cd   Thumb Code    20  _printf_char.o(.text)
    _printf_char                             0x000005e1   Thumb Code    16  _printf_char.o(.text)
    _printf_string                           0x000005f1   Thumb Code     8  _printf_char.o(.text)
    __user_setup_stackheap                   0x000005f9   Thumb Code    74  sys_stackheap_outer.o(.text)
    exit                                     0x00000643   Thumb Code    18  exit.o(.text)
    __user_libspace                          0x00000655   Thumb Code     8  libspace.o(.text)
    __user_perproc_libspace                  0x00000655   Thumb Code     0  libspace.o(.text)
    __user_perthread_libspace                0x00000655   Thumb Code     0  libspace.o(.text)
    __I$use$semihosting                      0x0000065d   Thumb Code     0  use_no_semi.o(.text)
    __use_no_semihosting_swi                 0x0000065d   Thumb Code     2  use_no_semi.o(.text)
    __semihosting_library_function           0x0000065f   Thumb Code     0  indicate_semi.o(.text)
    _sys_exit                                0x00000661   Thumb Code     8  sys_exit.o(.text)
    ADC0Seq1_Handler                         0x0000066d   Thumb Code    70  ftp_input.o(.text.ADC0Seq1_Handler)
    ADC0Seq2_Handler                         0x000006b5   Thumb Code    70  ftp_input.o(.text.ADC0Seq2_Handler)
    Input_Init                               0x000006fd   Thumb Code   188  ftp_input.o(.text.Input_Init)
    PLL_Init                                 0x000007b9   Thumb Code   106  pll.o(.text.PLL_Init)
    ST7735_initR                             0x00000825   Thumb Code   166  ftp_st7735r.o(.text.ST7735_initR)
    SysTick_Init                             0x000008cd   Thumb Code    26  systick.o(.text.SysTick_Init)
    SysTick_Wait10ms                         0x000008e9   Thumb Code    62  systick.o(.text.SysTick_Wait10ms)
    clearScreen                              0x00000929   Thumb Code   106  ftp_gfx.o(.text.clearScreen)
    commonInit                               0x00000995   Thumb Code   280  ftp_st7735r.o(.text.commonInit)
    d_DrawCharS                              0x00000aad   Thumb Code   338  ftp_gfx.o(.text.d_DrawCharS)
    format_Print                             0x00000c01   Thumb Code   104  ftp_gfx.o(.text.format_Print)
    main                                     0x00000c75   Thumb Code   146  ftp_main.o(.text.main)
    pushColor                                0x00000d09   Thumb Code    54  ftp_st7735r.o(.text.pushColor)
    setAddrWindow                            0x00000d41   Thumb Code   314  ftp_st7735r.o(.text.setAddrWindow)
    Region$$Table$$Base                      0x00001378   Number         0  anon$$obj.o(Region$$Table)
    Region$$Table$$Limit                     0x00001398   Number         0  anon$$obj.o(Region$$Table)
    IndexText                                0x20000000   Data          12  ftp_main.o(.data.IndexText)
    MiddleText                               0x2000000c   Data          13  ftp_main.o(.data.MiddleText)
    PinkyText                                0x20000019   Data          12  ftp_main.o(.data.PinkyText)
    RingText                                 0x20000025   Data          11  ftp_main.o(.data.RingText)
    ScreenH                                  0x20000030   Data           1  ftp_st7735r.o(.data.ScreenH)
    ScreenW                                  0x20000031   Data           1  ftp_st7735r.o(.data.ScreenW)
    initCmdList                              0x20000032   Data         113  ftp_st7735r.o(.data.initCmdList)
    __libspace_start                         0x200000a8   Data          96  libspace.o(.bss)
    IndexCircuit                             0x20000108   Data           2  ftp_input.o(.bss.IndexCircuit)
    __temporary_stack_top$libspace           0x20000108   Data           0  libspace.o(.bss)
    IndexFSR                                 0x2000010a   Data           2  ftp_input.o(.bss.IndexFSR)
    MiddleCircuit                            0x2000010c   Data           2  ftp_input.o(.bss.MiddleCircuit)
    MiddleFSR                                0x2000010e   Data           2  ftp_input.o(.bss.MiddleFSR)
    PinkyCircuit                             0x20000110   Data           2  ftp_input.o(.bss.PinkyCircuit)
    PinkyFSR                                 0x20000112   Data           2  ftp_input.o(.bss.PinkyFSR)
    RingCircuit                              0x20000114   Data           2  ftp_input.o(.bss.RingCircuit)
    RingFSR                                  0x20000116   Data           2  ftp_input.o(.bss.RingFSR)
    ScreenX                                  0x20000118   Data           1  ftp_st7735r.o(.bss.ScreenX)
    ScreenY                                  0x20000119   Data           1  ftp_st7735r.o(.bss.ScreenY)



==============================================================================

Memory Map of the image

  Image Entry point : 0x0000026d

  Load Region LR_1 (Base: 0x00000000, Size: 0x0000143c, Max: 0xffffffff, ABSOLUTE)

    Execution Region ER_RO (Exec base: 0x00000000, Load base: 0x00000000, Size: 0x00001398, Max: 0xffffffff, ABSOLUTE)

    Exec Addr    Load Addr    Size         Type   Attr      Idx    E Section Name        Object

    0x00000000   0x00000000   0x00000284   Code   RO          117  * RESET               startup.o
    0x00000284   0x00000284   0x00000008   Code   RO          233  * !!!main             c_w.l(__main.o)
    0x0000028c   0x0000028c   0x00000034   Code   RO          409    !!!scatter          c_w.l(__scatter.o)
    0x000002c0   0x000002c0   0x0000001a   Code   RO          411    !!handler_copy      c_w.l(__scatter_copy.o)
    0x000002da   0x000002da   0x00000002   PAD
    0x000002dc   0x000002dc   0x0000001c   Code   RO          413    !!handler_zi        c_w.l(__scatter_zi.o)
    0x000002f8   0x000002f8   0x00000000   Code   RO          225    .ARM.Collect$$_printf_percent$$00000000  c_w.l(_printf_percent.o)
    0x000002f8   0x000002f8   0x00000006   Code   RO          224    .ARM.Collect$$_printf_percent$$00000009  c_w.l(_printf_d.o)
    0x000002fe   0x000002fe   0x00000006   Code   RO          223    .ARM.Collect$$_printf_percent$$00000014  c_w.l(_printf_s.o)
    0x00000304   0x00000304   0x00000004   Code   RO          244    .ARM.Collect$$_printf_percent$$00000017  c_w.l(_printf_percent_end.o)
    0x00000308   0x00000308   0x00000002   Code   RO          326    .ARM.Collect$$libinit$$00000000  c_w.l(libinit.o)
    0x0000030a   0x0000030a   0x00000000   Code   RO          246    .ARM.Collect$$libinit$$00000002  c_w.l(libinit2.o)
    0x0000030a   0x0000030a   0x00000000   Code   RO          248    .ARM.Collect$$libinit$$00000004  c_w.l(libinit2.o)
    0x0000030a   0x0000030a   0x00000000   Code   RO          250    .ARM.Collect$$libinit$$00000006  c_w.l(libinit2.o)
    0x0000030a   0x0000030a   0x00000000   Code   RO          253    .ARM.Collect$$libinit$$0000000C  c_w.l(libinit2.o)
    0x0000030a   0x0000030a   0x00000000   Code   RO          255    .ARM.Collect$$libinit$$0000000E  c_w.l(libinit2.o)
    0x0000030a   0x0000030a   0x00000000   Code   RO          257    .ARM.Collect$$libinit$$00000010  c_w.l(libinit2.o)
    0x0000030a   0x0000030a   0x00000000   Code   RO          260    .ARM.Collect$$libinit$$00000013  c_w.l(libinit2.o)
    0x0000030a   0x0000030a   0x00000000   Code   RO          262    .ARM.Collect$$libinit$$00000015  c_w.l(libinit2.o)
    0x0000030a   0x0000030a   0x00000000   Code   RO          264    .ARM.Collect$$libinit$$00000017  c_w.l(libinit2.o)
    0x0000030a   0x0000030a   0x00000000   Code   RO          266    .ARM.Collect$$libinit$$00000019  c_w.l(libinit2.o)
    0x0000030a   0x0000030a   0x00000000   Code   RO          268    .ARM.Collect$$libinit$$0000001B  c_w.l(libinit2.o)
    0x0000030a   0x0000030a   0x00000000   Code   RO          270    .ARM.Collect$$libinit$$0000001D  c_w.l(libinit2.o)
    0x0000030a   0x0000030a   0x00000000   Code   RO          272    .ARM.Collect$$libinit$$0000001F  c_w.l(libinit2.o)
    0x0000030a   0x0000030a   0x00000000   Code   RO          274    .ARM.Collect$$libinit$$00000021  c_w.l(libinit2.o)
    0x0000030a   0x0000030a   0x00000000   Code   RO          276    .ARM.Collect$$libinit$$00000023  c_w.l(libinit2.o)
    0x0000030a   0x0000030a   0x00000000   Code   RO          278    .ARM.Collect$$libinit$$00000025  c_w.l(libinit2.o)
    0x0000030a   0x0000030a   0x00000000   Code   RO          280    .ARM.Collect$$libinit$$00000027  c_w.l(libinit2.o)
    0x0000030a   0x0000030a   0x00000000   Code   RO          284    .ARM.Collect$$libinit$$0000002E  c_w.l(libinit2.o)
    0x0000030a   0x0000030a   0x00000000   Code   RO          286    .ARM.Collect$$libinit$$00000030  c_w.l(libinit2.o)
    0x0000030a   0x0000030a   0x00000000   Code   RO          288    .ARM.Collect$$libinit$$00000032  c_w.l(libinit2.o)
    0x0000030a   0x0000030a   0x00000000   Code   RO          290    .ARM.Collect$$libinit$$00000034  c_w.l(libinit2.o)
    0x0000030a   0x0000030a   0x00000002   Code   RO          291    .ARM.Collect$$libinit$$00000035  c_w.l(libinit2.o)
    0x0000030c   0x0000030c   0x00000002   Code   RO          368    .ARM.Collect$$libshutdown$$00000000  c_w.l(libshutdown.o)
    0x0000030e   0x0000030e   0x00000000   Code   RO          376    .ARM.Collect$$libshutdown$$00000002  c_w.l(libshutdown2.o)
    0x0000030e   0x0000030e   0x00000000   Code   RO          378    .ARM.Collect$$libshutdown$$00000004  c_w.l(libshutdown2.o)
    0x0000030e   0x0000030e   0x00000000   Code   RO          381    .ARM.Collect$$libshutdown$$00000007  c_w.l(libshutdown2.o)
    0x0000030e   0x0000030e   0x00000000   Code   RO          384    .ARM.Collect$$libshutdown$$0000000A  c_w.l(libshutdown2.o)
    0x0000030e   0x0000030e   0x00000000   Code   RO          386    .ARM.Collect$$libshutdown$$0000000C  c_w.l(libshutdown2.o)
    0x0000030e   0x0000030e   0x00000000   Code   RO          389    .ARM.Collect$$libshutdown$$0000000F  c_w.l(libshutdown2.o)
    0x0000030e   0x0000030e   0x00000002   Code   RO          390    .ARM.Collect$$libshutdown$$00000010  c_w.l(libshutdown2.o)
    0x00000310   0x00000310   0x00000000   Code   RO          235    .ARM.Collect$$rtentry$$00000000  c_w.l(__rtentry.o)
    0x00000310   0x00000310   0x00000000   Code   RO          293    .ARM.Collect$$rtentry$$00000002  c_w.l(__rtentry2.o)
    0x00000310   0x00000310   0x00000006   Code   RO          305    .ARM.Collect$$rtentry$$00000004  c_w.l(__rtentry4.o)
    0x00000316   0x00000316   0x00000000   Code   RO          295    .ARM.Collect$$rtentry$$00000009  c_w.l(__rtentry2.o)
    0x00000316   0x00000316   0x00000004   Code   RO          296    .ARM.Collect$$rtentry$$0000000A  c_w.l(__rtentry2.o)
    0x0000031a   0x0000031a   0x00000000   Code   RO          298    .ARM.Collect$$rtentry$$0000000C  c_w.l(__rtentry2.o)
    0x0000031a   0x0000031a   0x00000008   Code   RO          299    .ARM.Collect$$rtentry$$0000000D  c_w.l(__rtentry2.o)
    0x00000322   0x00000322   0x00000002   Code   RO          334    .ARM.Collect$$rtexit$$00000000  c_w.l(rtexit.o)
    0x00000324   0x00000324   0x00000000   Code   RO          346    .ARM.Collect$$rtexit$$00000002  c_w.l(rtexit2.o)
    0x00000324   0x00000324   0x00000004   Code   RO          347    .ARM.Collect$$rtexit$$00000003  c_w.l(rtexit2.o)
    0x00000328   0x00000328   0x00000006   Code   RO          348    .ARM.Collect$$rtexit$$00000004  c_w.l(rtexit2.o)
    0x0000032e   0x0000032e   0x00000002   PAD
    0x00000330   0x00000330   0x00000030   Code   RO          118    .text               startup.o
    0x00000360   0x00000360   0x00000040   Code   RO          195    .text               c_w.l(noretval__2snprintf.o)
    0x000003a0   0x000003a0   0x00000068   Code   RO          197    .text               c_w.l(__printf.o)
    0x00000408   0x00000408   0x00000052   Code   RO          199    .text               c_w.l(_printf_str.o)
    0x0000045a   0x0000045a   0x00000002   PAD
    0x0000045c   0x0000045c   0x00000078   Code   RO          201    .text               c_w.l(_printf_dec.o)
    0x000004d4   0x000004d4   0x00000006   Code   RO          231    .text               c_w.l(heapauxi.o)
    0x000004da   0x000004da   0x000000b2   Code   RO          236    .text               c_w.l(_printf_intcommon.o)
    0x0000058c   0x0000058c   0x00000030   Code   RO          238    .text               c_w.l(_printf_char_common.o)
    0x000005bc   0x000005bc   0x00000010   Code   RO          240    .text               c_w.l(_snputc.o)
    0x000005cc   0x000005cc   0x0000002c   Code   RO          242    .text               c_w.l(_printf_char.o)
    0x000005f8   0x000005f8   0x0000004a   Code   RO          313    .text               c_w.l(sys_stackheap_outer.o)
    0x00000642   0x00000642   0x00000012   Code   RO          315    .text               c_w.l(exit.o)
    0x00000654   0x00000654   0x00000008   Code   RO          331    .text               c_w.l(libspace.o)
    0x0000065c   0x0000065c   0x00000002   Code   RO          342    .text               c_w.l(use_no_semi.o)
    0x0000065e   0x0000065e   0x00000000   Code   RO          344    .text               c_w.l(indicate_semi.o)
    0x0000065e   0x0000065e   0x00000002   PAD
    0x00000660   0x00000660   0x0000000c   Code   RO          358    .text               c_w.l(sys_exit.o)
    0x0000066c   0x0000066c   0x00000046   Code   RO          127    .text.ADC0Seq1_Handler  ftp_input.o
    0x000006b2   0x000006b2   0x00000002   PAD
    0x000006b4   0x000006b4   0x00000046   Code   RO          129    .text.ADC0Seq2_Handler  ftp_input.o
    0x000006fa   0x000006fa   0x00000002   PAD
    0x000006fc   0x000006fc   0x000000bc   Code   RO          131    .text.Input_Init    ftp_input.o
    0x000007b8   0x000007b8   0x0000006a   Code   RO           94    .text.PLL_Init      pll.o
    0x00000822   0x00000822   0x00000002   PAD
    0x00000824   0x00000824   0x000000a6   Code   RO           79    .text.ST7735_initR  ftp_st7735r.o
    0x000008ca   0x000008ca   0x00000002   PAD
    0x000008cc   0x000008cc   0x0000001a   Code   RO          102    .text.SysTick_Init  systick.o
    0x000008e6   0x000008e6   0x00000002   PAD
    0x000008e8   0x000008e8   0x0000003e   Code   RO          106    .text.SysTick_Wait10ms  systick.o
    0x00000926   0x00000926   0x00000002   PAD
    0x00000928   0x00000928   0x0000006a   Code   RO           14    .text.clearScreen   ftp_gfx.o
    0x00000992   0x00000992   0x00000002   PAD
    0x00000994   0x00000994   0x00000118   Code   RO           75    .text.commonInit    ftp_st7735r.o
    0x00000aac   0x00000aac   0x00000152   Code   RO           30    .text.d_DrawCharS   ftp_gfx.o
    0x00000bfe   0x00000bfe   0x00000002   PAD
    0x00000c00   0x00000c00   0x00000074   Code   RO           32    .text.format_Print  ftp_gfx.o
    0x00000c74   0x00000c74   0x00000092   Code   RO           44    .text.main          ftp_main.o
    0x00000d06   0x00000d06   0x00000002   PAD
    0x00000d08   0x00000d08   0x00000036   Code   RO           71    .text.pushColor     ftp_st7735r.o
    0x00000d3e   0x00000d3e   0x00000002   PAD
    0x00000d40   0x00000d40   0x0000013a   Code   RO           69    .text.setAddrWindow  ftp_st7735r.o
    0x00000e7a   0x00000e7a   0x000004fb   Data   RO           35    .rodata.Font        ftp_gfx.o
    0x00001375   0x00001375   0x00000003   PAD
    0x00001378   0x00001378   0x00000020   Data   RO          408    Region$$Table       anon$$obj.o


    Execution Region ER_RW (Exec base: 0x20000000, Load base: 0x00001398, Size: 0x000000a4, Max: 0xffffffff, ABSOLUTE)

    Exec Addr    Load Addr    Size         Type   Attr      Idx    E Section Name        Object

    0x20000000   0x00001398   0x0000000c   Data   RW           46    .data.IndexText     ftp_main.o
    0x2000000c   0x000013a4   0x0000000d   Data   RW           47    .data.MiddleText    ftp_main.o
    0x20000019   0x000013b1   0x0000000c   Data   RW           49    .data.PinkyText     ftp_main.o
    0x20000025   0x000013bd   0x0000000b   Data   RW           48    .data.RingText      ftp_main.o
    0x20000030   0x000013c8   0x00000001   Data   RW           84    .data.ScreenH       ftp_st7735r.o
    0x20000031   0x000013c9   0x00000001   Data   RW           83    .data.ScreenW       ftp_st7735r.o
    0x20000032   0x000013ca   0x00000071   Data   RW           85    .data.initCmdList   ftp_st7735r.o


    Execution Region ER_ZI (Exec base: 0x200000a8, Load base: 0x0000143c, Size: 0x00000478, Max: 0xffffffff, ABSOLUTE)

    Exec Addr    Load Addr    Size         Type   Attr      Idx    E Section Name        Object

    0x200000a8        -       0x00000060   Zero   RW          332    .bss                c_w.l(libspace.o)
    0x20000108        -       0x00000002   Zero   RW          133    .bss.IndexCircuit   ftp_input.o
    0x2000010a        -       0x00000002   Zero   RW          137    .bss.IndexFSR       ftp_input.o
    0x2000010c        -       0x00000002   Zero   RW          134    .bss.MiddleCircuit  ftp_input.o
    0x2000010e        -       0x00000002   Zero   RW          138    .bss.MiddleFSR      ftp_input.o
    0x20000110        -       0x00000002   Zero   RW          136    .bss.PinkyCircuit   ftp_input.o
    0x20000112        -       0x00000002   Zero   RW          140    .bss.PinkyFSR       ftp_input.o
    0x20000114        -       0x00000002   Zero   RW          135    .bss.RingCircuit    ftp_input.o
    0x20000116        -       0x00000002   Zero   RW          139    .bss.RingFSR        ftp_input.o
    0x20000118        -       0x00000001   Zero   RW           81    .bss.ScreenX        ftp_st7735r.o
    0x20000119        -       0x00000001   Zero   RW           82    .bss.ScreenY        ftp_st7735r.o
    0x2000011a   0x0000143c   0x00000006   PAD
    0x20000120        -       0x00000000   Zero   RW          116    HEAP                startup.o
    0x20000120        -       0x00000400   Zero   RW          115    STACK               startup.o


==============================================================================

Image component sizes


      Code (inc. data)   RO Data    RW Data    ZI Data      Debug   Object Name

       560         12       1275          0          0       9663   ftp_gfx.o
       328          0          0          0         16       1073   ftp_input.o
       146          0          0         48          0        642   ftp_main.o
       814          0          0        115          2       5302   ftp_st7735r.o
       106          0          0          0          0        503   pll.o
       692        632          0          0       1024        972   startup.o
        88          0          0          0          0       1169   systick.o

    ----------------------------------------------------------------------
      2754        644       1310        164       1048      19324   Object Totals
         0          0         32          0          0          0   (incl. Generated)
        20          0          3          1          6          0   (incl. Padding)

    ----------------------------------------------------------------------

      Code (inc. data)   RO Data    RW Data    ZI Data      Debug   Library Member Name

         8          0          0          0          0         68   __main.o
       104          0          0          0          0         84   __printf.o
         0          0          0          0          0          0   __rtentry.o
        12          0          0          0          0          0   __rtentry2.o
         6          0          0          0          0          0   __rtentry4.o
        52          8          0          0          0          0   __scatter.o
        26          0          0          0          0          0   __scatter_copy.o
        28          0          0          0          0          0   __scatter_zi.o
        44          0          0          0          0        108   _printf_char.o
        48          6          0          0          0         96   _printf_char_common.o
         6          0          0          0          0          0   _printf_d.o
       120         16          0          0          0         92   _printf_dec.o
       178          0          0          0          0         88   _printf_intcommon.o
         0          0          0          0          0          0   _printf_percent.o
         4          0          0          0          0          0   _printf_percent_end.o
         6          0          0          0          0          0   _printf_s.o
        82          0          0          0          0         80   _printf_str.o
        16          0          0          0          0         68   _snputc.o
        18          0          0          0          0         80   exit.o
         6          0          0          0          0        152   heapauxi.o
         0          0          0          0          0          0   indicate_semi.o
         2          0          0          0          0          0   libinit.o
         2          0          0          0          0          0   libinit2.o
         2          0          0          0          0          0   libshutdown.o
         2          0          0          0          0          0   libshutdown2.o
         8          4          0          0         96         68   libspace.o
        64          6          0          0          0         84   noretval__2snprintf.o
         2          0          0          0          0          0   rtexit.o
        10          0          0          0          0          0   rtexit2.o
        12          4          0          0          0         68   sys_exit.o
        74          0          0          0          0         80   sys_stackheap_outer.o
         2          0          0          0          0         68   use_no_semi.o

    ----------------------------------------------------------------------
       952         44          0          0         96       1284   Library Totals
         8          0          0          0          0          0   (incl. Padding)

    ----------------------------------------------------------------------

      Code (inc. data)   RO Data    RW Data    ZI Data      Debug   Library Name

       944         44          0          0         96       1284   c_w.l

    ----------------------------------------------------------------------
       952         44          0          0         96       1284   Library Totals

    ----------------------------------------------------------------------

==============================================================================


      Code (inc. data)   RO Data    RW Data    ZI Data      Debug   

      3706        688       1310        164       1144      19984   Grand Totals
      3706        688       1310        164       1144      19984   ELF Image Totals
      3706        688       1310        164          0          0   ROM Totals

==============================================================================

    Total RO  Size (Code + RO Data)                 5016 (   4.90kB)
    Total RW  Size (RW Data + ZI Data)              1308 (   1.28kB)
    Total ROM Size (Code + RO Data + RW Data)       5180 (   5.06kB)

==============================================================================

